[2025-08-12T22:04:02.447+0900][0.005s][info][gc] Using G1
[2025-08-12T22:04:02.448+0900][0.006s][info][gc,init] Version: 17.0.14+7 (release)
[2025-08-12T22:04:02.448+0900][0.006s][info][gc,init] CPUs: 8 total, 8 available
[2025-08-12T22:04:02.448+0900][0.006s][info][gc,init] Memory: 24576M
[2025-08-12T22:04:02.448+0900][0.006s][info][gc,init] Large Page Support: Disabled
[2025-08-12T22:04:02.448+0900][0.006s][info][gc,init] NUMA Support: Disabled
[2025-08-12T22:04:02.448+0900][0.006s][info][gc,init] Compressed Oops: Enabled (Zero based)
[2025-08-12T22:04:02.448+0900][0.006s][info][gc,init] Heap Region Size: 4M
[2025-08-12T22:04:02.448+0900][0.006s][info][gc,init] Heap Min Capacity: 8M
[2025-08-12T22:04:02.448+0900][0.006s][info][gc,init] Heap Initial Capacity: 384M
[2025-08-12T22:04:02.448+0900][0.006s][info][gc,init] Heap Max Capacity: 6G
[2025-08-12T22:04:02.448+0900][0.006s][info][gc,init] Pre-touch: Disabled
[2025-08-12T22:04:02.448+0900][0.006s][info][gc,init] Parallel Workers: 8
[2025-08-12T22:04:02.448+0900][0.006s][info][gc,init] Concurrent Workers: 2
[2025-08-12T22:04:02.448+0900][0.006s][info][gc,init] Concurrent Refinement Workers: 8
[2025-08-12T22:04:02.449+0900][0.006s][info][gc,init] Periodic GC: Disabled
[2025-08-12T22:04:02.452+0900][0.009s][info][gc,metaspace] CDS archive(s) mapped at: [0x0000007000000000-0x0000007000bc0000-0x0000007000bc0000), size 12320768, SharedBaseAddress: 0x0000007000000000, ArchiveRelocationMode: 1.
[2025-08-12T22:04:02.452+0900][0.009s][info][gc,metaspace] Compressed class space mapped at: 0x0000007001000000-0x0000007041000000, reserved size: 1073741824
[2025-08-12T22:04:02.452+0900][0.009s][info][gc,metaspace] Narrow klass base: 0x0000007000000000, Narrow klass shift: 0, Narrow klass range: 0x100000000
[2025-08-12T22:04:02.642+0900][0.199s][info][gc,start    ] GC(0) Pause Young (Normal) (G1 Evacuation Pause)
[2025-08-12T22:04:02.642+0900][0.200s][info][gc,task     ] GC(0) Using 8 workers of 8 for evacuation
[2025-08-12T22:04:02.644+0900][0.202s][info][gc,phases   ] GC(0)   Pre Evacuate Collection Set: 0.0ms
[2025-08-12T22:04:02.644+0900][0.202s][info][gc,phases   ] GC(0)   Merge Heap Roots: 0.0ms
[2025-08-12T22:04:02.644+0900][0.202s][info][gc,phases   ] GC(0)   Evacuate Collection Set: 1.5ms
[2025-08-12T22:04:02.644+0900][0.202s][info][gc,phases   ] GC(0)   Post Evacuate Collection Set: 0.2ms
[2025-08-12T22:04:02.644+0900][0.202s][info][gc,phases   ] GC(0)   Other: 0.6ms
[2025-08-12T22:04:02.644+0900][0.202s][info][gc,heap     ] GC(0) Eden regions: 5->0(3)
[2025-08-12T22:04:02.644+0900][0.202s][info][gc,heap     ] GC(0) Survivor regions: 0->1(1)
[2025-08-12T22:04:02.644+0900][0.202s][info][gc,heap     ] GC(0) Old regions: 0->1
[2025-08-12T22:04:02.644+0900][0.202s][info][gc,heap     ] GC(0) Archive regions: 2->2
[2025-08-12T22:04:02.644+0900][0.202s][info][gc,heap     ] GC(0) Humongous regions: 0->0
[2025-08-12T22:04:02.644+0900][0.202s][info][gc,metaspace] GC(0) Metaspace: 6219K(6400K)->6219K(6400K) NonClass: 5449K(5568K)->5449K(5568K) Class: 770K(832K)->770K(832K)
[2025-08-12T22:04:02.644+0900][0.202s][info][gc          ] GC(0) Pause Young (Normal) (G1 Evacuation Pause) 23M->11M(392M) 2.534ms
[2025-08-12T22:04:02.644+0900][0.202s][info][gc,cpu      ] GC(0) User=0.00s Sys=0.00s Real=0.00s
[2025-08-12T22:04:02.707+0900][0.265s][info][gc,start    ] GC(1) Pause Young (Normal) (G1 Evacuation Pause)
[2025-08-12T22:04:02.707+0900][0.265s][info][gc,task     ] GC(1) Using 8 workers of 8 for evacuation
[2025-08-12T22:04:02.709+0900][0.266s][info][gc,phases   ] GC(1)   Pre Evacuate Collection Set: 0.0ms
[2025-08-12T22:04:02.709+0900][0.266s][info][gc,phases   ] GC(1)   Merge Heap Roots: 0.0ms
[2025-08-12T22:04:02.709+0900][0.266s][info][gc,phases   ] GC(1)   Evacuate Collection Set: 1.0ms
[2025-08-12T22:04:02.709+0900][0.266s][info][gc,phases   ] GC(1)   Post Evacuate Collection Set: 0.2ms
[2025-08-12T22:04:02.709+0900][0.266s][info][gc,phases   ] GC(1)   Other: 0.1ms
[2025-08-12T22:04:02.709+0900][0.266s][info][gc,heap     ] GC(1) Eden regions: 3->0(9)
[2025-08-12T22:04:02.709+0900][0.266s][info][gc,heap     ] GC(1) Survivor regions: 1->1(1)
[2025-08-12T22:04:02.709+0900][0.266s][info][gc,heap     ] GC(1) Old regions: 1->3
[2025-08-12T22:04:02.709+0900][0.266s][info][gc,heap     ] GC(1) Archive regions: 2->2
[2025-08-12T22:04:02.709+0900][0.266s][info][gc,heap     ] GC(1) Humongous regions: 0->0
[2025-08-12T22:04:02.709+0900][0.266s][info][gc,metaspace] GC(1) Metaspace: 9241K(9472K)->9241K(9472K) NonClass: 8019K(8128K)->8019K(8128K) Class: 1221K(1344K)->1221K(1344K)
[2025-08-12T22:04:02.709+0900][0.266s][info][gc          ] GC(1) Pause Young (Normal) (G1 Evacuation Pause) 23M->13M(392M) 1.466ms
[2025-08-12T22:04:02.709+0900][0.266s][info][gc,cpu      ] GC(1) User=0.00s Sys=0.00s Real=0.00s
[2025-08-12T22:04:02.878+0900][0.436s][info][gc,start    ] GC(2) Pause Young (Normal) (G1 Evacuation Pause)
[2025-08-12T22:04:02.878+0900][0.436s][info][gc,task     ] GC(2) Using 8 workers of 8 for evacuation
[2025-08-12T22:04:02.880+0900][0.437s][info][gc,phases   ] GC(2)   Pre Evacuate Collection Set: 0.0ms
[2025-08-12T22:04:02.880+0900][0.437s][info][gc,phases   ] GC(2)   Merge Heap Roots: 0.0ms
[2025-08-12T22:04:02.880+0900][0.437s][info][gc,phases   ] GC(2)   Evacuate Collection Set: 1.2ms
[2025-08-12T22:04:02.880+0900][0.437s][info][gc,phases   ] GC(2)   Post Evacuate Collection Set: 0.1ms
[2025-08-12T22:04:02.880+0900][0.437s][info][gc,phases   ] GC(2)   Other: 0.1ms
[2025-08-12T22:04:02.880+0900][0.437s][info][gc,heap     ] GC(2) Eden regions: 9->0(54)
[2025-08-12T22:04:02.880+0900][0.437s][info][gc,heap     ] GC(2) Survivor regions: 1->1(2)
[2025-08-12T22:04:02.880+0900][0.437s][info][gc,heap     ] GC(2) Old regions: 3->3
[2025-08-12T22:04:02.880+0900][0.437s][info][gc,heap     ] GC(2) Archive regions: 2->2
[2025-08-12T22:04:02.880+0900][0.437s][info][gc,heap     ] GC(2) Humongous regions: 0->0
[2025-08-12T22:04:02.880+0900][0.437s][info][gc,metaspace] GC(2) Metaspace: 16205K(16576K)->16205K(16576K) NonClass: 13805K(14016K)->13805K(14016K) Class: 2400K(2560K)->2400K(2560K)
[2025-08-12T22:04:02.880+0900][0.437s][info][gc          ] GC(2) Pause Young (Normal) (G1 Evacuation Pause) 49M->15M(392M) 1.550ms
[2025-08-12T22:04:02.880+0900][0.437s][info][gc,cpu      ] GC(2) User=0.01s Sys=0.00s Real=0.01s
[2025-08-12T22:04:02.941+0900][0.498s][info][gc,start    ] GC(3) Pause Young (Concurrent Start) (Metadata GC Threshold)
[2025-08-12T22:04:02.941+0900][0.498s][info][gc,task     ] GC(3) Using 8 workers of 8 for evacuation
[2025-08-12T22:04:02.942+0900][0.500s][info][gc,phases   ] GC(3)   Pre Evacuate Collection Set: 0.0ms
[2025-08-12T22:04:02.942+0900][0.500s][info][gc,phases   ] GC(3)   Merge Heap Roots: 0.0ms
[2025-08-12T22:04:02.942+0900][0.500s][info][gc,phases   ] GC(3)   Evacuate Collection Set: 1.1ms
[2025-08-12T22:04:02.942+0900][0.500s][info][gc,phases   ] GC(3)   Post Evacuate Collection Set: 0.1ms
[2025-08-12T22:04:02.942+0900][0.500s][info][gc,phases   ] GC(3)   Other: 0.1ms
[2025-08-12T22:04:02.942+0900][0.500s][info][gc,heap     ] GC(3) Eden regions: 7->0(55)
[2025-08-12T22:04:02.942+0900][0.500s][info][gc,heap     ] GC(3) Survivor regions: 1->2(7)
[2025-08-12T22:04:02.942+0900][0.500s][info][gc,heap     ] GC(3) Old regions: 3->3
[2025-08-12T22:04:02.942+0900][0.500s][info][gc,heap     ] GC(3) Archive regions: 2->2
[2025-08-12T22:04:02.942+0900][0.500s][info][gc,heap     ] GC(3) Humongous regions: 0->0
[2025-08-12T22:04:02.942+0900][0.500s][info][gc,metaspace] GC(3) Metaspace: 21105K(21504K)->21105K(21504K) NonClass: 18165K(18368K)->18165K(18368K) Class: 2940K(3136K)->2940K(3136K)
[2025-08-12T22:04:02.942+0900][0.500s][info][gc          ] GC(3) Pause Young (Concurrent Start) (Metadata GC Threshold) 42M->17M(392M) 1.413ms
[2025-08-12T22:04:02.942+0900][0.500s][info][gc,cpu      ] GC(3) User=0.01s Sys=0.00s Real=0.00s
[2025-08-12T22:04:02.942+0900][0.500s][info][gc          ] GC(4) Concurrent Mark Cycle
[2025-08-12T22:04:02.942+0900][0.500s][info][gc,marking  ] GC(4) Concurrent Clear Claimed Marks
[2025-08-12T22:04:02.942+0900][0.500s][info][gc,marking  ] GC(4) Concurrent Clear Claimed Marks 0.007ms
[2025-08-12T22:04:02.942+0900][0.500s][info][gc,marking  ] GC(4) Concurrent Scan Root Regions
[2025-08-12T22:04:02.944+0900][0.501s][info][gc,marking  ] GC(4) Concurrent Scan Root Regions 1.532ms
[2025-08-12T22:04:02.944+0900][0.501s][info][gc,marking  ] GC(4) Concurrent Mark
[2025-08-12T22:04:02.944+0900][0.501s][info][gc,marking  ] GC(4) Concurrent Mark From Roots
[2025-08-12T22:04:02.944+0900][0.501s][info][gc,task     ] GC(4) Using 2 workers of 2 for marking
[2025-08-12T22:04:02.945+0900][0.502s][info][gc,marking  ] GC(4) Concurrent Mark From Roots 1.316ms
[2025-08-12T22:04:02.945+0900][0.502s][info][gc,marking  ] GC(4) Concurrent Preclean
[2025-08-12T22:04:02.945+0900][0.502s][info][gc,marking  ] GC(4) Concurrent Preclean 0.019ms
[2025-08-12T22:04:02.945+0900][0.503s][info][gc,start    ] GC(4) Pause Remark
[2025-08-12T22:04:02.946+0900][0.503s][info][gc          ] GC(4) Pause Remark 21M->21M(108M) 0.618ms
[2025-08-12T22:04:02.946+0900][0.503s][info][gc,cpu      ] GC(4) User=0.00s Sys=0.00s Real=0.00s
[2025-08-12T22:04:02.946+0900][0.503s][info][gc,marking  ] GC(4) Concurrent Mark 2.022ms
[2025-08-12T22:04:02.946+0900][0.503s][info][gc,marking  ] GC(4) Concurrent Rebuild Remembered Sets
[2025-08-12T22:04:02.946+0900][0.504s][info][gc,marking  ] GC(4) Concurrent Rebuild Remembered Sets 0.795ms
[2025-08-12T22:04:02.946+0900][0.504s][info][gc,start    ] GC(4) Pause Cleanup
[2025-08-12T22:04:02.946+0900][0.504s][info][gc          ] GC(4) Pause Cleanup 21M->21M(108M) 0.030ms
[2025-08-12T22:04:02.946+0900][0.504s][info][gc,cpu      ] GC(4) User=0.00s Sys=0.00s Real=0.00s
[2025-08-12T22:04:02.946+0900][0.504s][info][gc,marking  ] GC(4) Concurrent Cleanup for Next Mark
[2025-08-12T22:04:02.947+0900][0.504s][info][gc,marking  ] GC(4) Concurrent Cleanup for Next Mark 0.185ms
[2025-08-12T22:04:02.947+0900][0.504s][info][gc          ] GC(4) Concurrent Mark Cycle 4.673ms
[2025-08-12T22:04:03.267+0900][0.824s][info][gc,start    ] GC(5) Pause Young (Prepare Mixed) (G1 Preventive Collection)
[2025-08-12T22:04:03.267+0900][0.824s][info][gc,task     ] GC(5) Using 5 workers of 8 for evacuation
[2025-08-12T22:04:03.270+0900][0.828s][info][gc,phases   ] GC(5)   Pre Evacuate Collection Set: 0.1ms
[2025-08-12T22:04:03.270+0900][0.828s][info][gc,phases   ] GC(5)   Merge Heap Roots: 0.0ms
[2025-08-12T22:04:03.270+0900][0.828s][info][gc,phases   ] GC(5)   Evacuate Collection Set: 3.1ms
[2025-08-12T22:04:03.270+0900][0.828s][info][gc,phases   ] GC(5)   Post Evacuate Collection Set: 0.2ms
[2025-08-12T22:04:03.270+0900][0.828s][info][gc,phases   ] GC(5)   Other: 0.1ms
[2025-08-12T22:04:03.270+0900][0.828s][info][gc,heap     ] GC(5) Eden regions: 16->0(1)
[2025-08-12T22:04:03.270+0900][0.828s][info][gc,heap     ] GC(5) Survivor regions: 2->3(3)
[2025-08-12T22:04:03.270+0900][0.828s][info][gc,heap     ] GC(5) Old regions: 3->3
[2025-08-12T22:04:03.270+0900][0.828s][info][gc,heap     ] GC(5) Archive regions: 2->2
[2025-08-12T22:04:03.270+0900][0.828s][info][gc,heap     ] GC(5) Humongous regions: 0->0
[2025-08-12T22:04:03.270+0900][0.828s][info][gc,metaspace] GC(5) Metaspace: 29244K(29696K)->29244K(29696K) NonClass: 25055K(25280K)->25055K(25280K) Class: 4189K(4416K)->4189K(4416K)
[2025-08-12T22:04:03.270+0900][0.828s][info][gc          ] GC(5) Pause Young (Prepare Mixed) (G1 Preventive Collection) 81M->20M(108M) 3.563ms
[2025-08-12T22:04:03.270+0900][0.828s][info][gc,cpu      ] GC(5) User=0.01s Sys=0.00s Real=0.01s
[2025-08-12T22:04:03.293+0900][0.850s][info][gc,start    ] GC(6) Pause Young (Mixed) (G1 Evacuation Pause)
[2025-08-12T22:04:03.293+0900][0.850s][info][gc,task     ] GC(6) Using 3 workers of 8 for evacuation
[2025-08-12T22:04:03.297+0900][0.854s][info][gc,phases   ] GC(6)   Pre Evacuate Collection Set: 0.0ms
[2025-08-12T22:04:03.297+0900][0.855s][info][gc,phases   ] GC(6)   Merge Heap Roots: 0.0ms
[2025-08-12T22:04:03.297+0900][0.855s][info][gc,phases   ] GC(6)   Evacuate Collection Set: 3.9ms
[2025-08-12T22:04:03.297+0900][0.855s][info][gc,phases   ] GC(6)   Post Evacuate Collection Set: 0.2ms
[2025-08-12T22:04:03.297+0900][0.855s][info][gc,phases   ] GC(6)   Other: 0.1ms
[2025-08-12T22:04:03.297+0900][0.855s][info][gc,heap     ] GC(6) Eden regions: 1->0(11)
[2025-08-12T22:04:03.297+0900][0.855s][info][gc,heap     ] GC(6) Survivor regions: 3->1(1)
[2025-08-12T22:04:03.297+0900][0.855s][info][gc,heap     ] GC(6) Old regions: 3->5
[2025-08-12T22:04:03.297+0900][0.855s][info][gc,heap     ] GC(6) Archive regions: 2->2
[2025-08-12T22:04:03.297+0900][0.855s][info][gc,heap     ] GC(6) Humongous regions: 0->0
[2025-08-12T22:04:03.297+0900][0.855s][info][gc,metaspace] GC(6) Metaspace: 29573K(30016K)->29573K(30016K) NonClass: 25323K(25536K)->25323K(25536K) Class: 4249K(4480K)->4249K(4480K)
[2025-08-12T22:04:03.297+0900][0.855s][info][gc          ] GC(6) Pause Young (Mixed) (G1 Evacuation Pause) 24M->21M(108M) 4.216ms
[2025-08-12T22:04:03.297+0900][0.855s][info][gc,cpu      ] GC(6) User=0.01s Sys=0.01s Real=0.00s
[2025-08-12T22:04:03.488+0900][1.045s][info][gc,start    ] GC(7) Pause Young (Concurrent Start) (Metadata GC Threshold)
[2025-08-12T22:04:03.488+0900][1.045s][info][gc,task     ] GC(7) Using 2 workers of 8 for evacuation
[2025-08-12T22:04:03.491+0900][1.048s][info][gc,phases   ] GC(7)   Pre Evacuate Collection Set: 0.0ms
[2025-08-12T22:04:03.491+0900][1.048s][info][gc,phases   ] GC(7)   Merge Heap Roots: 0.0ms
[2025-08-12T22:04:03.491+0900][1.048s][info][gc,phases   ] GC(7)   Evacuate Collection Set: 2.4ms
[2025-08-12T22:04:03.491+0900][1.048s][info][gc,phases   ] GC(7)   Post Evacuate Collection Set: 0.2ms
[2025-08-12T22:04:03.491+0900][1.048s][info][gc,phases   ] GC(7)   Other: 0.1ms
[2025-08-12T22:04:03.491+0900][1.048s][info][gc,heap     ] GC(7) Eden regions: 10->0(22)
[2025-08-12T22:04:03.491+0900][1.048s][info][gc,heap     ] GC(7) Survivor regions: 1->1(2)
[2025-08-12T22:04:03.491+0900][1.048s][info][gc,heap     ] GC(7) Old regions: 5->5
[2025-08-12T22:04:03.491+0900][1.048s][info][gc,heap     ] GC(7) Archive regions: 2->2
[2025-08-12T22:04:03.491+0900][1.048s][info][gc,heap     ] GC(7) Humongous regions: 0->0
[2025-08-12T22:04:03.491+0900][1.048s][info][gc,metaspace] GC(7) Metaspace: 36080K(36480K)->36080K(36480K) NonClass: 30931K(31168K)->30931K(31168K) Class: 5148K(5312K)->5148K(5312K)
[2025-08-12T22:04:03.491+0900][1.048s][info][gc          ] GC(7) Pause Young (Concurrent Start) (Metadata GC Threshold) 58M->23M(168M) 2.777ms
[2025-08-12T22:04:03.491+0900][1.048s][info][gc,cpu      ] GC(7) User=0.01s Sys=0.00s Real=0.01s
[2025-08-12T22:04:03.491+0900][1.048s][info][gc          ] GC(8) Concurrent Mark Cycle
[2025-08-12T22:04:03.491+0900][1.048s][info][gc,marking  ] GC(8) Concurrent Clear Claimed Marks
[2025-08-12T22:04:03.491+0900][1.048s][info][gc,marking  ] GC(8) Concurrent Clear Claimed Marks 0.010ms
[2025-08-12T22:04:03.491+0900][1.048s][info][gc,marking  ] GC(8) Concurrent Scan Root Regions
[2025-08-12T22:04:03.492+0900][1.050s][info][gc,marking  ] GC(8) Concurrent Scan Root Regions 1.662ms
[2025-08-12T22:04:03.492+0900][1.050s][info][gc,marking  ] GC(8) Concurrent Mark
[2025-08-12T22:04:03.492+0900][1.050s][info][gc,marking  ] GC(8) Concurrent Mark From Roots
[2025-08-12T22:04:03.492+0900][1.050s][info][gc,task     ] GC(8) Using 2 workers of 2 for marking
[2025-08-12T22:04:03.497+0900][1.054s][info][gc,marking  ] GC(8) Concurrent Mark From Roots 4.522ms
[2025-08-12T22:04:03.497+0900][1.054s][info][gc,marking  ] GC(8) Concurrent Preclean
[2025-08-12T22:04:03.497+0900][1.054s][info][gc,marking  ] GC(8) Concurrent Preclean 0.024ms
[2025-08-12T22:04:03.497+0900][1.054s][info][gc,start    ] GC(8) Pause Remark
[2025-08-12T22:04:03.498+0900][1.055s][info][gc          ] GC(8) Pause Remark 26M->26M(120M) 0.886ms
[2025-08-12T22:04:03.498+0900][1.055s][info][gc,cpu      ] GC(8) User=0.00s Sys=0.00s Real=0.00s
[2025-08-12T22:04:03.498+0900][1.055s][info][gc,marking  ] GC(8) Concurrent Mark 5.513ms
[2025-08-12T22:04:03.498+0900][1.055s][info][gc,marking  ] GC(8) Concurrent Rebuild Remembered Sets
[2025-08-12T22:04:03.500+0900][1.058s][info][gc,marking  ] GC(8) Concurrent Rebuild Remembered Sets 2.662ms
[2025-08-12T22:04:03.501+0900][1.058s][info][gc,start    ] GC(8) Pause Cleanup
[2025-08-12T22:04:03.501+0900][1.058s][info][gc          ] GC(8) Pause Cleanup 26M->26M(120M) 0.028ms
[2025-08-12T22:04:03.501+0900][1.058s][info][gc,cpu      ] GC(8) User=0.00s Sys=0.00s Real=0.00s
[2025-08-12T22:04:03.501+0900][1.058s][info][gc,marking  ] GC(8) Concurrent Cleanup for Next Mark
[2025-08-12T22:04:03.501+0900][1.058s][info][gc,marking  ] GC(8) Concurrent Cleanup for Next Mark 0.118ms
[2025-08-12T22:04:03.501+0900][1.058s][info][gc          ] GC(8) Concurrent Mark Cycle 10.165ms
[2025-08-12T22:04:03.965+0900][1.523s][info][gc,start    ] GC(9) Pause Young (Prepare Mixed) (G1 Evacuation Pause)
[2025-08-12T22:04:03.965+0900][1.523s][info][gc,task     ] GC(9) Using 8 workers of 8 for evacuation
[2025-08-12T22:04:03.968+0900][1.526s][info][gc,phases   ] GC(9)   Pre Evacuate Collection Set: 0.0ms
[2025-08-12T22:04:03.968+0900][1.526s][info][gc,phases   ] GC(9)   Merge Heap Roots: 0.0ms
[2025-08-12T22:04:03.968+0900][1.526s][info][gc,phases   ] GC(9)   Evacuate Collection Set: 2.5ms
[2025-08-12T22:04:03.968+0900][1.526s][info][gc,phases   ] GC(9)   Post Evacuate Collection Set: 0.4ms
[2025-08-12T22:04:03.968+0900][1.526s][info][gc,phases   ] GC(9)   Other: 0.1ms
[2025-08-12T22:04:03.968+0900][1.526s][info][gc,heap     ] GC(9) Eden regions: 17->0(1)
[2025-08-12T22:04:03.968+0900][1.526s][info][gc,heap     ] GC(9) Survivor regions: 1->3(3)
[2025-08-12T22:04:03.968+0900][1.526s][info][gc,heap     ] GC(9) Old regions: 5->5
[2025-08-12T22:04:03.968+0900][1.526s][info][gc,heap     ] GC(9) Archive regions: 2->2
[2025-08-12T22:04:03.968+0900][1.526s][info][gc,heap     ] GC(9) Humongous regions: 0->0
[2025-08-12T22:04:03.968+0900][1.526s][info][gc,metaspace] GC(9) Metaspace: 52952K(53568K)->52952K(53568K) NonClass: 45515K(45824K)->45515K(45824K) Class: 7437K(7744K)->7437K(7744K)
[2025-08-12T22:04:03.968+0900][1.526s][info][gc          ] GC(9) Pause Young (Prepare Mixed) (G1 Evacuation Pause) 91M->28M(120M) 3.161ms
[2025-08-12T22:04:03.968+0900][1.526s][info][gc,cpu      ] GC(9) User=0.02s Sys=0.01s Real=0.00s
[2025-08-12T22:04:03.989+0900][1.546s][info][gc,start    ] GC(10) Pause Young (Mixed) (G1 Evacuation Pause)
[2025-08-12T22:04:03.989+0900][1.546s][info][gc,task     ] GC(10) Using 8 workers of 8 for evacuation
[2025-08-12T22:04:03.991+0900][1.549s][info][gc,phases   ] GC(10)   Pre Evacuate Collection Set: 0.0ms
[2025-08-12T22:04:03.991+0900][1.549s][info][gc,phases   ] GC(10)   Merge Heap Roots: 0.0ms
[2025-08-12T22:04:03.991+0900][1.549s][info][gc,phases   ] GC(10)   Evacuate Collection Set: 2.2ms
[2025-08-12T22:04:03.991+0900][1.549s][info][gc,phases   ] GC(10)   Post Evacuate Collection Set: 0.1ms
[2025-08-12T22:04:03.991+0900][1.549s][info][gc,phases   ] GC(10)   Other: 0.1ms
[2025-08-12T22:04:03.991+0900][1.549s][info][gc,heap     ] GC(10) Eden regions: 1->0(13)
[2025-08-12T22:04:03.991+0900][1.549s][info][gc,heap     ] GC(10) Survivor regions: 3->1(1)
[2025-08-12T22:04:03.991+0900][1.549s][info][gc,heap     ] GC(10) Old regions: 5->7
[2025-08-12T22:04:03.991+0900][1.549s][info][gc,heap     ] GC(10) Archive regions: 2->2
[2025-08-12T22:04:03.991+0900][1.549s][info][gc,heap     ] GC(10) Humongous regions: 0->0
[2025-08-12T22:04:03.991+0900][1.549s][info][gc,metaspace] GC(10) Metaspace: 53581K(54144K)->53581K(54144K) NonClass: 46017K(46272K)->46017K(46272K) Class: 7564K(7872K)->7564K(7872K)
[2025-08-12T22:04:03.991+0900][1.549s][info][gc          ] GC(10) Pause Young (Mixed) (G1 Evacuation Pause) 32M->29M(120M) 2.503ms
[2025-08-12T22:04:03.991+0900][1.549s][info][gc,cpu      ] GC(10) User=0.01s Sys=0.00s Real=0.01s
[2025-08-12T22:04:04.165+0900][1.723s][info][gc,start    ] GC(11) Pause Young (Concurrent Start) (Metadata GC Threshold)
[2025-08-12T22:04:04.165+0900][1.723s][info][gc,task     ] GC(11) Using 8 workers of 8 for evacuation
[2025-08-12T22:04:04.166+0900][1.724s][info][gc,phases   ] GC(11)   Pre Evacuate Collection Set: 0.1ms
[2025-08-12T22:04:04.166+0900][1.724s][info][gc,phases   ] GC(11)   Merge Heap Roots: 0.0ms
[2025-08-12T22:04:04.166+0900][1.724s][info][gc,phases   ] GC(11)   Evacuate Collection Set: 0.8ms
[2025-08-12T22:04:04.166+0900][1.724s][info][gc,phases   ] GC(11)   Post Evacuate Collection Set: 0.1ms
[2025-08-12T22:04:04.166+0900][1.724s][info][gc,phases   ] GC(11)   Other: 0.1ms
[2025-08-12T22:04:04.166+0900][1.724s][info][gc,heap     ] GC(11) Eden regions: 10->0(13)
[2025-08-12T22:04:04.166+0900][1.724s][info][gc,heap     ] GC(11) Survivor regions: 1->1(2)
[2025-08-12T22:04:04.166+0900][1.724s][info][gc,heap     ] GC(11) Old regions: 7->7
[2025-08-12T22:04:04.166+0900][1.724s][info][gc,heap     ] GC(11) Archive regions: 2->2
[2025-08-12T22:04:04.166+0900][1.724s][info][gc,heap     ] GC(11) Humongous regions: 0->0
[2025-08-12T22:04:04.166+0900][1.724s][info][gc,metaspace] GC(11) Metaspace: 60703K(61248K)->60703K(61248K) NonClass: 52084K(52352K)->52084K(52352K) Class: 8619K(8896K)->8619K(8896K)
[2025-08-12T22:04:04.166+0900][1.724s][info][gc          ] GC(11) Pause Young (Concurrent Start) (Metadata GC Threshold) 67M->30M(120M) 1.185ms
[2025-08-12T22:04:04.166+0900][1.724s][info][gc,cpu      ] GC(11) User=0.00s Sys=0.00s Real=0.00s
[2025-08-12T22:04:04.166+0900][1.724s][info][gc          ] GC(12) Concurrent Mark Cycle
[2025-08-12T22:04:04.166+0900][1.724s][info][gc,marking  ] GC(12) Concurrent Clear Claimed Marks
[2025-08-12T22:04:04.166+0900][1.724s][info][gc,marking  ] GC(12) Concurrent Clear Claimed Marks 0.017ms
[2025-08-12T22:04:04.166+0900][1.724s][info][gc,marking  ] GC(12) Concurrent Scan Root Regions
[2025-08-12T22:04:04.168+0900][1.725s][info][gc,marking  ] GC(12) Concurrent Scan Root Regions 1.083ms
[2025-08-12T22:04:04.168+0900][1.725s][info][gc,marking  ] GC(12) Concurrent Mark
[2025-08-12T22:04:04.168+0900][1.725s][info][gc,marking  ] GC(12) Concurrent Mark From Roots
[2025-08-12T22:04:04.168+0900][1.725s][info][gc,task     ] GC(12) Using 2 workers of 2 for marking
[2025-08-12T22:04:04.176+0900][1.733s][info][gc,marking  ] GC(12) Concurrent Mark From Roots 8.025ms
[2025-08-12T22:04:04.176+0900][1.733s][info][gc,marking  ] GC(12) Concurrent Preclean
[2025-08-12T22:04:04.176+0900][1.733s][info][gc,marking  ] GC(12) Concurrent Preclean 0.053ms
[2025-08-12T22:04:04.176+0900][1.733s][info][gc,start    ] GC(12) Pause Remark
[2025-08-12T22:04:04.177+0900][1.734s][info][gc          ] GC(12) Pause Remark 32M->32M(120M) 1.021ms
[2025-08-12T22:04:04.177+0900][1.734s][info][gc,cpu      ] GC(12) User=0.00s Sys=0.00s Real=0.00s
[2025-08-12T22:04:04.177+0900][1.734s][info][gc,marking  ] GC(12) Concurrent Mark 9.164ms
[2025-08-12T22:04:04.177+0900][1.734s][info][gc,marking  ] GC(12) Concurrent Rebuild Remembered Sets
[2025-08-12T22:04:04.181+0900][1.739s][info][gc,marking  ] GC(12) Concurrent Rebuild Remembered Sets 4.472ms
[2025-08-12T22:04:04.181+0900][1.739s][info][gc,start    ] GC(12) Pause Cleanup
[2025-08-12T22:04:04.181+0900][1.739s][info][gc          ] GC(12) Pause Cleanup 33M->33M(120M) 0.040ms
[2025-08-12T22:04:04.181+0900][1.739s][info][gc,cpu      ] GC(12) User=0.00s Sys=0.00s Real=0.00s
[2025-08-12T22:04:04.181+0900][1.739s][info][gc,marking  ] GC(12) Concurrent Cleanup for Next Mark
[2025-08-12T22:04:04.181+0900][1.739s][info][gc,marking  ] GC(12) Concurrent Cleanup for Next Mark 0.093ms
[2025-08-12T22:04:04.181+0900][1.739s][info][gc          ] GC(12) Concurrent Mark Cycle 14.967ms
[2025-08-12T22:04:04.462+0900][2.020s][info][gc,start    ] GC(13) Pause Young (Concurrent Start) (G1 Evacuation Pause)
[2025-08-12T22:04:04.462+0900][2.020s][info][gc,task     ] GC(13) Using 8 workers of 8 for evacuation
[2025-08-12T22:04:04.464+0900][2.021s][info][gc,phases   ] GC(13)   Pre Evacuate Collection Set: 0.1ms
[2025-08-12T22:04:04.464+0900][2.021s][info][gc,phases   ] GC(13)   Merge Heap Roots: 0.0ms
[2025-08-12T22:04:04.464+0900][2.021s][info][gc,phases   ] GC(13)   Evacuate Collection Set: 1.4ms
[2025-08-12T22:04:04.464+0900][2.021s][info][gc,phases   ] GC(13)   Post Evacuate Collection Set: 0.2ms
[2025-08-12T22:04:04.464+0900][2.021s][info][gc,phases   ] GC(13)   Other: 0.1ms
[2025-08-12T22:04:04.464+0900][2.021s][info][gc,heap     ] GC(13) Eden regions: 13->0(13)
[2025-08-12T22:04:04.464+0900][2.021s][info][gc,heap     ] GC(13) Survivor regions: 1->2(2)
[2025-08-12T22:04:04.464+0900][2.021s][info][gc,heap     ] GC(13) Old regions: 7->7
[2025-08-12T22:04:04.464+0900][2.021s][info][gc,heap     ] GC(13) Archive regions: 2->2
[2025-08-12T22:04:04.464+0900][2.021s][info][gc,heap     ] GC(13) Humongous regions: 0->0
[2025-08-12T22:04:04.464+0900][2.021s][info][gc,metaspace] GC(13) Metaspace: 71213K(71872K)->71213K(71872K) NonClass: 60880K(61248K)->60880K(61248K) Class: 10332K(10624K)->10332K(10624K)
[2025-08-12T22:04:04.464+0900][2.021s][info][gc          ] GC(13) Pause Young (Concurrent Start) (G1 Evacuation Pause) 82M->32M(120M) 1.797ms
[2025-08-12T22:04:04.464+0900][2.021s][info][gc,cpu      ] GC(13) User=0.01s Sys=0.01s Real=0.00s
[2025-08-12T22:04:04.464+0900][2.021s][info][gc          ] GC(14) Concurrent Mark Cycle
[2025-08-12T22:04:04.464+0900][2.021s][info][gc,marking  ] GC(14) Concurrent Clear Claimed Marks
[2025-08-12T22:04:04.464+0900][2.021s][info][gc,marking  ] GC(14) Concurrent Clear Claimed Marks 0.011ms
[2025-08-12T22:04:04.464+0900][2.021s][info][gc,marking  ] GC(14) Concurrent Scan Root Regions
[2025-08-12T22:04:04.465+0900][2.023s][info][gc,marking  ] GC(14) Concurrent Scan Root Regions 1.670ms
[2025-08-12T22:04:04.465+0900][2.023s][info][gc,marking  ] GC(14) Concurrent Mark
[2025-08-12T22:04:04.465+0900][2.023s][info][gc,marking  ] GC(14) Concurrent Mark From Roots
[2025-08-12T22:04:04.465+0900][2.023s][info][gc,task     ] GC(14) Using 2 workers of 2 for marking
[2025-08-12T22:04:04.473+0900][2.031s][info][gc,marking  ] GC(14) Concurrent Mark From Roots 7.687ms
[2025-08-12T22:04:04.473+0900][2.031s][info][gc,marking  ] GC(14) Concurrent Preclean
[2025-08-12T22:04:04.473+0900][2.031s][info][gc,marking  ] GC(14) Concurrent Preclean 0.049ms
[2025-08-12T22:04:04.473+0900][2.031s][info][gc,start    ] GC(14) Pause Remark
[2025-08-12T22:04:04.474+0900][2.032s][info][gc          ] GC(14) Pause Remark 34M->34M(120M) 0.879ms
[2025-08-12T22:04:04.474+0900][2.032s][info][gc,cpu      ] GC(14) User=0.00s Sys=0.00s Real=0.00s
[2025-08-12T22:04:04.474+0900][2.032s][info][gc,marking  ] GC(14) Concurrent Mark 8.701ms
[2025-08-12T22:04:04.474+0900][2.032s][info][gc,marking  ] GC(14) Concurrent Rebuild Remembered Sets
[2025-08-12T22:04:04.479+0900][2.036s][info][gc,marking  ] GC(14) Concurrent Rebuild Remembered Sets 4.426ms
[2025-08-12T22:04:04.479+0900][2.036s][info][gc,start    ] GC(14) Pause Cleanup
[2025-08-12T22:04:04.479+0900][2.036s][info][gc          ] GC(14) Pause Cleanup 35M->35M(120M) 0.027ms
[2025-08-12T22:04:04.479+0900][2.036s][info][gc,cpu      ] GC(14) User=0.00s Sys=0.00s Real=0.00s
[2025-08-12T22:04:04.479+0900][2.036s][info][gc,marking  ] GC(14) Concurrent Cleanup for Next Mark
[2025-08-12T22:04:04.479+0900][2.036s][info][gc,marking  ] GC(14) Concurrent Cleanup for Next Mark 0.080ms
[2025-08-12T22:04:04.479+0900][2.036s][info][gc          ] GC(14) Concurrent Mark Cycle 15.044ms
[2025-08-12T22:04:04.638+0900][2.196s][info][gc,start    ] GC(15) Pause Young (Normal) (G1 Evacuation Pause)
[2025-08-12T22:04:04.638+0900][2.196s][info][gc,task     ] GC(15) Using 8 workers of 8 for evacuation
[2025-08-12T22:04:04.640+0900][2.197s][info][gc,phases   ] GC(15)   Pre Evacuate Collection Set: 0.1ms
[2025-08-12T22:04:04.640+0900][2.197s][info][gc,phases   ] GC(15)   Merge Heap Roots: 0.0ms
[2025-08-12T22:04:04.640+0900][2.198s][info][gc,phases   ] GC(15)   Evacuate Collection Set: 1.7ms
[2025-08-12T22:04:04.640+0900][2.198s][info][gc,phases   ] GC(15)   Post Evacuate Collection Set: 0.2ms
[2025-08-12T22:04:04.640+0900][2.198s][info][gc,phases   ] GC(15)   Other: 0.1ms
[2025-08-12T22:04:04.640+0900][2.198s][info][gc,heap     ] GC(15) Eden regions: 13->0(13)
[2025-08-12T22:04:04.640+0900][2.198s][info][gc,heap     ] GC(15) Survivor regions: 2->2(2)
[2025-08-12T22:04:04.640+0900][2.198s][info][gc,heap     ] GC(15) Old regions: 7->7
[2025-08-12T22:04:04.640+0900][2.198s][info][gc,heap     ] GC(15) Archive regions: 2->2
[2025-08-12T22:04:04.640+0900][2.198s][info][gc,heap     ] GC(15) Humongous regions: 0->0
[2025-08-12T22:04:04.640+0900][2.198s][info][gc,metaspace] GC(15) Metaspace: 76934K(77568K)->76934K(77568K) NonClass: 65508K(65856K)->65508K(65856K) Class: 11425K(11712K)->11425K(11712K)
[2025-08-12T22:04:04.640+0900][2.198s][info][gc          ] GC(15) Pause Young (Normal) (G1 Evacuation Pause) 84M->35M(120M) 2.049ms
[2025-08-12T22:04:04.640+0900][2.198s][info][gc,cpu      ] GC(15) User=0.01s Sys=0.00s Real=0.01s
[2025-08-12T22:04:04.820+0900][2.378s][info][gc,start    ] GC(16) Pause Young (Normal) (G1 Evacuation Pause)
[2025-08-12T22:04:04.820+0900][2.378s][info][gc,task     ] GC(16) Using 8 workers of 8 for evacuation
[2025-08-12T22:04:04.823+0900][2.380s][info][gc,phases   ] GC(16)   Pre Evacuate Collection Set: 0.0ms
[2025-08-12T22:04:04.823+0900][2.380s][info][gc,phases   ] GC(16)   Merge Heap Roots: 0.0ms
[2025-08-12T22:04:04.823+0900][2.380s][info][gc,phases   ] GC(16)   Evacuate Collection Set: 2.0ms
[2025-08-12T22:04:04.823+0900][2.380s][info][gc,phases   ] GC(16)   Post Evacuate Collection Set: 0.2ms
[2025-08-12T22:04:04.823+0900][2.380s][info][gc,phases   ] GC(16)   Other: 0.1ms
[2025-08-12T22:04:04.823+0900][2.380s][info][gc,heap     ] GC(16) Eden regions: 13->0(12)
[2025-08-12T22:04:04.823+0900][2.380s][info][gc,heap     ] GC(16) Survivor regions: 2->2(2)
[2025-08-12T22:04:04.823+0900][2.380s][info][gc,heap     ] GC(16) Old regions: 7->8
[2025-08-12T22:04:04.823+0900][2.380s][info][gc,heap     ] GC(16) Archive regions: 2->2
[2025-08-12T22:04:04.823+0900][2.380s][info][gc,heap     ] GC(16) Humongous regions: 0->0
[2025-08-12T22:04:04.823+0900][2.380s][info][gc,metaspace] GC(16) Metaspace: 81268K(81920K)->81268K(81920K) NonClass: 69253K(69568K)->69253K(69568K) Class: 12015K(12352K)->12015K(12352K)
[2025-08-12T22:04:04.823+0900][2.380s][info][gc          ] GC(16) Pause Young (Normal) (G1 Evacuation Pause) 87M->39M(120M) 2.301ms
[2025-08-12T22:04:04.823+0900][2.380s][info][gc,cpu      ] GC(16) User=0.01s Sys=0.00s Real=0.00s
[2025-08-12T22:04:33.827+0900][31.384s][info][gc,start    ] GC(17) Pause Young (Normal) (G1 Evacuation Pause)
[2025-08-12T22:04:33.827+0900][31.385s][info][gc,task     ] GC(17) Using 8 workers of 8 for evacuation
[2025-08-12T22:04:33.832+0900][31.390s][info][gc,phases   ] GC(17)   Pre Evacuate Collection Set: 0.1ms
[2025-08-12T22:04:33.832+0900][31.390s][info][gc,phases   ] GC(17)   Merge Heap Roots: 0.1ms
[2025-08-12T22:04:33.832+0900][31.390s][info][gc,phases   ] GC(17)   Evacuate Collection Set: 3.9ms
[2025-08-12T22:04:33.832+0900][31.390s][info][gc,phases   ] GC(17)   Post Evacuate Collection Set: 0.6ms
[2025-08-12T22:04:33.832+0900][31.390s][info][gc,phases   ] GC(17)   Other: 0.9ms
[2025-08-12T22:04:33.832+0900][31.390s][info][gc,heap     ] GC(17) Eden regions: 12->0(12)
[2025-08-12T22:04:33.832+0900][31.390s][info][gc,heap     ] GC(17) Survivor regions: 2->2(2)
[2025-08-12T22:04:33.832+0900][31.390s][info][gc,heap     ] GC(17) Old regions: 8->8
[2025-08-12T22:04:33.832+0900][31.390s][info][gc,heap     ] GC(17) Archive regions: 2->2
[2025-08-12T22:04:33.832+0900][31.390s][info][gc,heap     ] GC(17) Humongous regions: 0->0
[2025-08-12T22:04:33.832+0900][31.390s][info][gc,metaspace] GC(17) Metaspace: 88088K(88832K)->88088K(88832K) NonClass: 75092K(75456K)->75092K(75456K) Class: 12995K(13376K)->12995K(13376K)
[2025-08-12T22:04:33.832+0900][31.390s][info][gc          ] GC(17) Pause Young (Normal) (G1 Evacuation Pause) 87M->43M(120M) 5.557ms
[2025-08-12T22:04:33.832+0900][31.390s][info][gc,cpu      ] GC(17) User=0.02s Sys=0.00s Real=0.01s
[2025-08-12T22:05:03.536+0900][61.095s][info][gc,start    ] GC(18) Pause Young (Normal) (G1 Evacuation Pause)
[2025-08-12T22:05:03.536+0900][61.095s][info][gc,task     ] GC(18) Using 8 workers of 8 for evacuation
[2025-08-12T22:05:03.541+0900][61.099s][info][gc,phases   ] GC(18)   Pre Evacuate Collection Set: 0.1ms
[2025-08-12T22:05:03.541+0900][61.099s][info][gc,phases   ] GC(18)   Merge Heap Roots: 0.0ms
[2025-08-12T22:05:03.541+0900][61.099s][info][gc,phases   ] GC(18)   Evacuate Collection Set: 4.2ms
[2025-08-12T22:05:03.541+0900][61.099s][info][gc,phases   ] GC(18)   Post Evacuate Collection Set: 0.3ms
[2025-08-12T22:05:03.541+0900][61.099s][info][gc,phases   ] GC(18)   Other: 0.1ms
[2025-08-12T22:05:03.541+0900][61.099s][info][gc,heap     ] GC(18) Eden regions: 12->0(6)
[2025-08-12T22:05:03.541+0900][61.099s][info][gc,heap     ] GC(18) Survivor regions: 2->2(2)
[2025-08-12T22:05:03.541+0900][61.099s][info][gc,heap     ] GC(18) Old regions: 8->13
[2025-08-12T22:05:03.541+0900][61.099s][info][gc,heap     ] GC(18) Archive regions: 2->2
[2025-08-12T22:05:03.541+0900][61.099s][info][gc,heap     ] GC(18) Humongous regions: 0->0
[2025-08-12T22:05:03.541+0900][61.099s][info][gc,metaspace] GC(18) Metaspace: 91380K(92032K)->91380K(92032K) NonClass: 77829K(78144K)->77829K(78144K) Class: 13550K(13888K)->13550K(13888K)
[2025-08-12T22:05:03.541+0900][61.099s][info][gc          ] GC(18) Pause Young (Normal) (G1 Evacuation Pause) 91M->62M(124M) 4.819ms
[2025-08-12T22:05:03.541+0900][61.099s][info][gc,cpu      ] GC(18) User=0.03s Sys=0.00s Real=0.01s
[2025-08-12T22:05:03.587+0900][61.145s][info][gc,start    ] GC(19) Pause Young (Concurrent Start) (G1 Evacuation Pause)
[2025-08-12T22:05:03.587+0900][61.145s][info][gc,task     ] GC(19) Using 8 workers of 8 for evacuation
[2025-08-12T22:05:03.590+0900][61.148s][info][gc,phases   ] GC(19)   Pre Evacuate Collection Set: 0.1ms
[2025-08-12T22:05:03.590+0900][61.148s][info][gc,phases   ] GC(19)   Merge Heap Roots: 0.1ms
[2025-08-12T22:05:03.590+0900][61.148s][info][gc,phases   ] GC(19)   Evacuate Collection Set: 2.1ms
[2025-08-12T22:05:03.590+0900][61.148s][info][gc,phases   ] GC(19)   Post Evacuate Collection Set: 0.2ms
[2025-08-12T22:05:03.590+0900][61.148s][info][gc,phases   ] GC(19)   Other: 0.1ms
[2025-08-12T22:05:03.590+0900][61.148s][info][gc,heap     ] GC(19) Eden regions: 6->0(5)
[2025-08-12T22:05:03.590+0900][61.148s][info][gc,heap     ] GC(19) Survivor regions: 2->1(1)
[2025-08-12T22:05:03.590+0900][61.148s][info][gc,heap     ] GC(19) Old regions: 13->15
[2025-08-12T22:05:03.590+0900][61.148s][info][gc,heap     ] GC(19) Archive regions: 2->2
[2025-08-12T22:05:03.590+0900][61.148s][info][gc,heap     ] GC(19) Humongous regions: 0->0
[2025-08-12T22:05:03.590+0900][61.148s][info][gc,metaspace] GC(19) Metaspace: 92709K(93440K)->92709K(93440K) NonClass: 78890K(79296K)->78890K(79296K) Class: 13818K(14144K)->13818K(14144K)
[2025-08-12T22:05:03.590+0900][61.148s][info][gc          ] GC(19) Pause Young (Concurrent Start) (G1 Evacuation Pause) 86M->67M(124M) 2.572ms
[2025-08-12T22:05:03.590+0900][61.148s][info][gc,cpu      ] GC(19) User=0.01s Sys=0.00s Real=0.01s
[2025-08-12T22:05:03.590+0900][61.148s][info][gc          ] GC(20) Concurrent Mark Cycle
[2025-08-12T22:05:03.590+0900][61.148s][info][gc,marking  ] GC(20) Concurrent Clear Claimed Marks
[2025-08-12T22:05:03.590+0900][61.148s][info][gc,marking  ] GC(20) Concurrent Clear Claimed Marks 0.022ms
[2025-08-12T22:05:03.590+0900][61.148s][info][gc,marking  ] GC(20) Concurrent Scan Root Regions
[2025-08-12T22:05:03.592+0900][61.150s][info][gc,marking  ] GC(20) Concurrent Scan Root Regions 1.942ms
[2025-08-12T22:05:03.592+0900][61.150s][info][gc,marking  ] GC(20) Concurrent Mark
[2025-08-12T22:05:03.592+0900][61.150s][info][gc,marking  ] GC(20) Concurrent Mark From Roots
[2025-08-12T22:05:03.592+0900][61.150s][info][gc,task     ] GC(20) Using 2 workers of 2 for marking
[2025-08-12T22:05:03.605+0900][61.163s][info][gc,marking  ] GC(20) Concurrent Mark From Roots 13.021ms
[2025-08-12T22:05:03.605+0900][61.163s][info][gc,marking  ] GC(20) Concurrent Preclean
[2025-08-12T22:05:03.605+0900][61.163s][info][gc,marking  ] GC(20) Concurrent Preclean 0.419ms
[2025-08-12T22:05:03.605+0900][61.164s][info][gc,start    ] GC(20) Pause Remark
[2025-08-12T22:05:03.613+0900][61.172s][info][gc          ] GC(20) Pause Remark 78M->78M(140M) 8.005ms
[2025-08-12T22:05:03.613+0900][61.172s][info][gc,cpu      ] GC(20) User=0.03s Sys=0.01s Real=0.01s
[2025-08-12T22:05:03.613+0900][61.172s][info][gc,marking  ] GC(20) Concurrent Mark 21.733ms
[2025-08-12T22:05:03.614+0900][61.172s][info][gc,marking  ] GC(20) Concurrent Rebuild Remembered Sets
[2025-08-12T22:05:03.622+0900][61.180s][info][gc,marking  ] GC(20) Concurrent Rebuild Remembered Sets 8.139ms
[2025-08-12T22:05:03.632+0900][61.190s][info][gc,start    ] GC(20) Pause Cleanup
[2025-08-12T22:05:03.632+0900][61.190s][info][gc          ] GC(20) Pause Cleanup 78M->78M(140M) 0.080ms
[2025-08-12T22:05:03.632+0900][61.190s][info][gc,cpu      ] GC(20) User=0.00s Sys=0.00s Real=0.00s
[2025-08-12T22:05:03.632+0900][61.190s][info][gc,marking  ] GC(20) Concurrent Cleanup for Next Mark
[2025-08-12T22:05:03.632+0900][61.190s][info][gc,marking  ] GC(20) Concurrent Cleanup for Next Mark 0.108ms
[2025-08-12T22:05:03.632+0900][61.190s][info][gc          ] GC(20) Concurrent Mark Cycle 42.225ms
[2025-08-12T22:05:03.668+0900][61.226s][info][gc,start    ] GC(21) Pause Young (Prepare Mixed) (G1 Evacuation Pause)
[2025-08-12T22:05:03.668+0900][61.226s][info][gc,task     ] GC(21) Using 8 workers of 8 for evacuation
[2025-08-12T22:05:03.670+0900][61.229s][info][gc,phases   ] GC(21)   Pre Evacuate Collection Set: 0.1ms
[2025-08-12T22:05:03.670+0900][61.229s][info][gc,phases   ] GC(21)   Merge Heap Roots: 0.1ms
[2025-08-12T22:05:03.670+0900][61.229s][info][gc,phases   ] GC(21)   Evacuate Collection Set: 2.0ms
[2025-08-12T22:05:03.670+0900][61.229s][info][gc,phases   ] GC(21)   Post Evacuate Collection Set: 0.3ms
[2025-08-12T22:05:03.670+0900][61.229s][info][gc,phases   ] GC(21)   Other: 0.1ms
[2025-08-12T22:05:03.670+0900][61.229s][info][gc,heap     ] GC(21) Eden regions: 5->0(1)
[2025-08-12T22:05:03.670+0900][61.229s][info][gc,heap     ] GC(21) Survivor regions: 1->1(1)
[2025-08-12T22:05:03.670+0900][61.229s][info][gc,heap     ] GC(21) Old regions: 15->16
[2025-08-12T22:05:03.670+0900][61.229s][info][gc,heap     ] GC(21) Archive regions: 2->2
[2025-08-12T22:05:03.670+0900][61.229s][info][gc,heap     ] GC(21) Humongous regions: 0->0
[2025-08-12T22:05:03.670+0900][61.229s][info][gc,metaspace] GC(21) Metaspace: 93119K(93888K)->93119K(93888K) NonClass: 79181K(79616K)->79181K(79616K) Class: 13938K(14272K)->13938K(14272K)
[2025-08-12T22:05:03.671+0900][61.229s][info][gc          ] GC(21) Pause Young (Prepare Mixed) (G1 Evacuation Pause) 87M->70M(140M) 2.599ms
[2025-08-12T22:05:03.671+0900][61.229s][info][gc,cpu      ] GC(21) User=0.02s Sys=0.00s Real=0.01s
[2025-08-12T22:05:03.693+0900][61.251s][info][gc,start    ] GC(22) Pause Young (Mixed) (G1 Evacuation Pause)
[2025-08-12T22:05:03.693+0900][61.251s][info][gc,task     ] GC(22) Using 8 workers of 8 for evacuation
[2025-08-12T22:05:03.697+0900][61.255s][info][gc,phases   ] GC(22)   Pre Evacuate Collection Set: 0.2ms
[2025-08-12T22:05:03.697+0900][61.255s][info][gc,phases   ] GC(22)   Merge Heap Roots: 0.1ms
[2025-08-12T22:05:03.697+0900][61.255s][info][gc,phases   ] GC(22)   Evacuate Collection Set: 3.0ms
[2025-08-12T22:05:03.697+0900][61.255s][info][gc,phases   ] GC(22)   Post Evacuate Collection Set: 0.8ms
[2025-08-12T22:05:03.697+0900][61.255s][info][gc,phases   ] GC(22)   Other: 0.1ms
[2025-08-12T22:05:03.697+0900][61.255s][info][gc,heap     ] GC(22) Eden regions: 1->0(17)
[2025-08-12T22:05:03.697+0900][61.255s][info][gc,heap     ] GC(22) Survivor regions: 1->1(1)
[2025-08-12T22:05:03.697+0900][61.256s][info][gc,heap     ] GC(22) Old regions: 16->16
[2025-08-12T22:05:03.697+0900][61.256s][info][gc,heap     ] GC(22) Archive regions: 2->2
[2025-08-12T22:05:03.697+0900][61.256s][info][gc,heap     ] GC(22) Humongous regions: 0->0
[2025-08-12T22:05:03.697+0900][61.256s][info][gc,metaspace] GC(22) Metaspace: 93130K(93888K)->93130K(93888K) NonClass: 79190K(79616K)->79190K(79616K) Class: 13940K(14272K)->13940K(14272K)
[2025-08-12T22:05:03.697+0900][61.256s][info][gc          ] GC(22) Pause Young (Mixed) (G1 Evacuation Pause) 74M->70M(212M) 4.252ms
[2025-08-12T22:05:03.697+0900][61.256s][info][gc,cpu      ] GC(22) User=0.01s Sys=0.00s Real=0.00s
[2025-08-12T22:05:04.908+0900][62.466s][info][gc,start    ] GC(23) Pause Young (Normal) (G1 Evacuation Pause)
[2025-08-12T22:05:04.908+0900][62.466s][info][gc,task     ] GC(23) Using 8 workers of 8 for evacuation
[2025-08-12T22:05:04.912+0900][62.471s][info][gc,phases   ] GC(23)   Pre Evacuate Collection Set: 0.1ms
[2025-08-12T22:05:04.912+0900][62.471s][info][gc,phases   ] GC(23)   Merge Heap Roots: 0.1ms
[2025-08-12T22:05:04.912+0900][62.471s][info][gc,phases   ] GC(23)   Evacuate Collection Set: 4.0ms
[2025-08-12T22:05:04.912+0900][62.471s][info][gc,phases   ] GC(23)   Post Evacuate Collection Set: 0.4ms
[2025-08-12T22:05:04.912+0900][62.471s][info][gc,phases   ] GC(23)   Other: 0.1ms
[2025-08-12T22:05:04.912+0900][62.471s][info][gc,heap     ] GC(23) Eden regions: 17->0(16)
[2025-08-12T22:05:04.912+0900][62.471s][info][gc,heap     ] GC(23) Survivor regions: 1->3(3)
[2025-08-12T22:05:04.912+0900][62.471s][info][gc,heap     ] GC(23) Old regions: 16->17
[2025-08-12T22:05:04.912+0900][62.471s][info][gc,heap     ] GC(23) Archive regions: 2->2
[2025-08-12T22:05:04.912+0900][62.471s][info][gc,heap     ] GC(23) Humongous regions: 0->0
[2025-08-12T22:05:04.912+0900][62.471s][info][gc,metaspace] GC(23) Metaspace: 93526K(94080K)->93526K(94080K) NonClass: 79519K(79808K)->79519K(79808K) Class: 14006K(14272K)->14006K(14272K)
[2025-08-12T22:05:04.912+0900][62.471s][info][gc          ] GC(23) Pause Young (Normal) (G1 Evacuation Pause) 138M->82M(212M) 4.827ms
[2025-08-12T22:05:04.913+0900][62.471s][info][gc,cpu      ] GC(23) User=0.01s Sys=0.00s Real=0.01s
[2025-08-12T22:05:06.122+0900][63.680s][info][gc,start    ] GC(24) Pause Young (Normal) (G1 Evacuation Pause)
[2025-08-12T22:05:06.122+0900][63.680s][info][gc,task     ] GC(24) Using 8 workers of 8 for evacuation
[2025-08-12T22:05:06.125+0900][63.683s][info][gc,phases   ] GC(24)   Pre Evacuate Collection Set: 0.1ms
[2025-08-12T22:05:06.125+0900][63.683s][info][gc,phases   ] GC(24)   Merge Heap Roots: 0.0ms
[2025-08-12T22:05:06.125+0900][63.683s][info][gc,phases   ] GC(24)   Evacuate Collection Set: 2.1ms
[2025-08-12T22:05:06.125+0900][63.683s][info][gc,phases   ] GC(24)   Post Evacuate Collection Set: 0.2ms
[2025-08-12T22:05:06.125+0900][63.683s][info][gc,phases   ] GC(24)   Other: 0.1ms
[2025-08-12T22:05:06.125+0900][63.683s][info][gc,heap     ] GC(24) Eden regions: 16->0(15)
[2025-08-12T22:05:06.125+0900][63.683s][info][gc,heap     ] GC(24) Survivor regions: 3->2(3)
[2025-08-12T22:05:06.125+0900][63.683s][info][gc,heap     ] GC(24) Old regions: 17->20
[2025-08-12T22:05:06.125+0900][63.683s][info][gc,heap     ] GC(24) Archive regions: 2->2
[2025-08-12T22:05:06.125+0900][63.683s][info][gc,heap     ] GC(24) Humongous regions: 0->0
[2025-08-12T22:05:06.125+0900][63.683s][info][gc,metaspace] GC(24) Metaspace: 93528K(94080K)->93528K(94080K) NonClass: 79521K(79808K)->79521K(79808K) Class: 14006K(14272K)->14006K(14272K)
[2025-08-12T22:05:06.125+0900][63.683s][info][gc          ] GC(24) Pause Young (Normal) (G1 Evacuation Pause) 146M->84M(212M) 2.583ms
[2025-08-12T22:05:06.125+0900][63.683s][info][gc,cpu      ] GC(24) User=0.01s Sys=0.00s Real=0.00s
[2025-08-12T22:05:07.180+0900][64.738s][info][gc,start    ] GC(25) Pause Young (Normal) (G1 Evacuation Pause)
[2025-08-12T22:05:07.180+0900][64.738s][info][gc,task     ] GC(25) Using 8 workers of 8 for evacuation
[2025-08-12T22:05:07.182+0900][64.740s][info][gc,phases   ] GC(25)   Pre Evacuate Collection Set: 0.1ms
[2025-08-12T22:05:07.182+0900][64.740s][info][gc,phases   ] GC(25)   Merge Heap Roots: 0.1ms
[2025-08-12T22:05:07.182+0900][64.740s][info][gc,phases   ] GC(25)   Evacuate Collection Set: 1.9ms
[2025-08-12T22:05:07.182+0900][64.740s][info][gc,phases   ] GC(25)   Post Evacuate Collection Set: 0.2ms
[2025-08-12T22:05:07.182+0900][64.740s][info][gc,phases   ] GC(25)   Other: 0.1ms
[2025-08-12T22:05:07.182+0900][64.740s][info][gc,heap     ] GC(25) Eden regions: 15->0(17)
[2025-08-12T22:05:07.182+0900][64.740s][info][gc,heap     ] GC(25) Survivor regions: 2->1(3)
[2025-08-12T22:05:07.182+0900][64.740s][info][gc,heap     ] GC(25) Old regions: 20->20
[2025-08-12T22:05:07.182+0900][64.740s][info][gc,heap     ] GC(25) Archive regions: 2->2
[2025-08-12T22:05:07.182+0900][64.740s][info][gc,heap     ] GC(25) Humongous regions: 0->0
[2025-08-12T22:05:07.182+0900][64.740s][info][gc,metaspace] GC(25) Metaspace: 93528K(94080K)->93528K(94080K) NonClass: 79521K(79808K)->79521K(79808K) Class: 14006K(14272K)->14006K(14272K)
[2025-08-12T22:05:07.182+0900][64.740s][info][gc          ] GC(25) Pause Young (Normal) (G1 Evacuation Pause) 144M->83M(212M) 2.404ms
[2025-08-12T22:05:07.182+0900][64.740s][info][gc,cpu      ] GC(25) User=0.01s Sys=0.00s Real=0.00s
[2025-08-12T22:05:10.184+0900][67.742s][info][gc,start    ] GC(26) Pause Young (Normal) (G1 Evacuation Pause)
[2025-08-12T22:05:10.184+0900][67.742s][info][gc,task     ] GC(26) Using 8 workers of 8 for evacuation
[2025-08-12T22:05:10.185+0900][67.744s][info][gc,phases   ] GC(26)   Pre Evacuate Collection Set: 0.1ms
[2025-08-12T22:05:10.185+0900][67.744s][info][gc,phases   ] GC(26)   Merge Heap Roots: 0.1ms
[2025-08-12T22:05:10.185+0900][67.744s][info][gc,phases   ] GC(26)   Evacuate Collection Set: 1.1ms
[2025-08-12T22:05:10.185+0900][67.744s][info][gc,phases   ] GC(26)   Post Evacuate Collection Set: 0.3ms
[2025-08-12T22:05:10.185+0900][67.744s][info][gc,phases   ] GC(26)   Other: 0.3ms
[2025-08-12T22:05:10.185+0900][67.744s][info][gc,heap     ] GC(26) Eden regions: 17->0(18)
[2025-08-12T22:05:10.185+0900][67.744s][info][gc,heap     ] GC(26) Survivor regions: 1->1(3)
[2025-08-12T22:05:10.185+0900][67.744s][info][gc,heap     ] GC(26) Old regions: 20->20
[2025-08-12T22:05:10.186+0900][67.744s][info][gc,heap     ] GC(26) Archive regions: 2->2
[2025-08-12T22:05:10.186+0900][67.744s][info][gc,heap     ] GC(26) Humongous regions: 0->0
[2025-08-12T22:05:10.186+0900][67.744s][info][gc,metaspace] GC(26) Metaspace: 93528K(94080K)->93528K(94080K) NonClass: 79521K(79808K)->79521K(79808K) Class: 14006K(14272K)->14006K(14272K)
[2025-08-12T22:05:10.186+0900][67.744s][info][gc          ] GC(26) Pause Young (Normal) (G1 Evacuation Pause) 151M->82M(212M) 1.995ms
[2025-08-12T22:05:10.186+0900][67.744s][info][gc,cpu      ] GC(26) User=0.01s Sys=0.00s Real=0.00s
[2025-08-12T22:05:11.761+0900][69.319s][info][gc,start    ] GC(27) Pause Young (Normal) (G1 Evacuation Pause)
[2025-08-12T22:05:11.761+0900][69.319s][info][gc,task     ] GC(27) Using 8 workers of 8 for evacuation
[2025-08-12T22:05:11.763+0900][69.321s][info][gc,phases   ] GC(27)   Pre Evacuate Collection Set: 0.1ms
[2025-08-12T22:05:11.763+0900][69.321s][info][gc,phases   ] GC(27)   Merge Heap Roots: 0.0ms
[2025-08-12T22:05:11.763+0900][69.321s][info][gc,phases   ] GC(27)   Evacuate Collection Set: 2.2ms
[2025-08-12T22:05:11.763+0900][69.321s][info][gc,phases   ] GC(27)   Post Evacuate Collection Set: 0.2ms
[2025-08-12T22:05:11.763+0900][69.321s][info][gc,phases   ] GC(27)   Other: 0.1ms
[2025-08-12T22:05:11.763+0900][69.321s][info][gc,heap     ] GC(27) Eden regions: 18->0(18)
[2025-08-12T22:05:11.763+0900][69.321s][info][gc,heap     ] GC(27) Survivor regions: 1->2(3)
[2025-08-12T22:05:11.763+0900][69.321s][info][gc,heap     ] GC(27) Old regions: 20->20
[2025-08-12T22:05:11.763+0900][69.321s][info][gc,heap     ] GC(27) Archive regions: 2->2
[2025-08-12T22:05:11.763+0900][69.321s][info][gc,heap     ] GC(27) Humongous regions: 0->0
[2025-08-12T22:05:11.763+0900][69.321s][info][gc,metaspace] GC(27) Metaspace: 93528K(94080K)->93528K(94080K) NonClass: 79521K(79808K)->79521K(79808K) Class: 14006K(14272K)->14006K(14272K)
[2025-08-12T22:05:11.763+0900][69.321s][info][gc          ] GC(27) Pause Young (Normal) (G1 Evacuation Pause) 154M->84M(212M) 2.592ms
[2025-08-12T22:05:11.763+0900][69.321s][info][gc,cpu      ] GC(27) User=0.01s Sys=0.00s Real=0.00s
[2025-08-12T22:05:12.986+0900][70.544s][info][gc,start    ] GC(28) Pause Young (Normal) (G1 Evacuation Pause)
[2025-08-12T22:05:12.986+0900][70.544s][info][gc,task     ] GC(28) Using 8 workers of 8 for evacuation
[2025-08-12T22:05:12.988+0900][70.546s][info][gc,phases   ] GC(28)   Pre Evacuate Collection Set: 0.1ms
[2025-08-12T22:05:12.988+0900][70.546s][info][gc,phases   ] GC(28)   Merge Heap Roots: 0.1ms
[2025-08-12T22:05:12.988+0900][70.546s][info][gc,phases   ] GC(28)   Evacuate Collection Set: 1.5ms
[2025-08-12T22:05:12.988+0900][70.546s][info][gc,phases   ] GC(28)   Post Evacuate Collection Set: 0.2ms
[2025-08-12T22:05:12.988+0900][70.546s][info][gc,phases   ] GC(28)   Other: 0.1ms
[2025-08-12T22:05:12.988+0900][70.546s][info][gc,heap     ] GC(28) Eden regions: 18->0(19)
[2025-08-12T22:05:12.988+0900][70.546s][info][gc,heap     ] GC(28) Survivor regions: 2->2(3)
[2025-08-12T22:05:12.988+0900][70.546s][info][gc,heap     ] GC(28) Old regions: 20->20
[2025-08-12T22:05:12.988+0900][70.546s][info][gc,heap     ] GC(28) Archive regions: 2->2
[2025-08-12T22:05:12.988+0900][70.546s][info][gc,heap     ] GC(28) Humongous regions: 0->0
[2025-08-12T22:05:12.988+0900][70.546s][info][gc,metaspace] GC(28) Metaspace: 93528K(94080K)->93528K(94080K) NonClass: 79521K(79808K)->79521K(79808K) Class: 14006K(14272K)->14006K(14272K)
[2025-08-12T22:05:12.988+0900][70.546s][info][gc          ] GC(28) Pause Young (Normal) (G1 Evacuation Pause) 156M->84M(212M) 2.013ms
[2025-08-12T22:05:12.988+0900][70.546s][info][gc,cpu      ] GC(28) User=0.01s Sys=0.00s Real=0.00s
[2025-08-12T22:05:14.198+0900][71.756s][info][gc,start    ] GC(29) Pause Young (Normal) (G1 Evacuation Pause)
[2025-08-12T22:05:14.198+0900][71.756s][info][gc,task     ] GC(29) Using 8 workers of 8 for evacuation
[2025-08-12T22:05:14.200+0900][71.758s][info][gc,phases   ] GC(29)   Pre Evacuate Collection Set: 0.1ms
[2025-08-12T22:05:14.200+0900][71.758s][info][gc,phases   ] GC(29)   Merge Heap Roots: 0.1ms
[2025-08-12T22:05:14.200+0900][71.758s][info][gc,phases   ] GC(29)   Evacuate Collection Set: 1.8ms
[2025-08-12T22:05:14.200+0900][71.758s][info][gc,phases   ] GC(29)   Post Evacuate Collection Set: 0.2ms
[2025-08-12T22:05:14.200+0900][71.758s][info][gc,phases   ] GC(29)   Other: 0.1ms
[2025-08-12T22:05:14.200+0900][71.758s][info][gc,heap     ] GC(29) Eden regions: 19->0(19)
[2025-08-12T22:05:14.200+0900][71.758s][info][gc,heap     ] GC(29) Survivor regions: 2->2(3)
[2025-08-12T22:05:14.200+0900][71.758s][info][gc,heap     ] GC(29) Old regions: 20->20
[2025-08-12T22:05:14.200+0900][71.758s][info][gc,heap     ] GC(29) Archive regions: 2->2
[2025-08-12T22:05:14.200+0900][71.758s][info][gc,heap     ] GC(29) Humongous regions: 0->0
[2025-08-12T22:05:14.200+0900][71.758s][info][gc,metaspace] GC(29) Metaspace: 93528K(94080K)->93528K(94080K) NonClass: 79521K(79808K)->79521K(79808K) Class: 14006K(14272K)->14006K(14272K)
[2025-08-12T22:05:14.200+0900][71.758s][info][gc          ] GC(29) Pause Young (Normal) (G1 Evacuation Pause) 160M->87M(212M) 2.263ms
[2025-08-12T22:05:14.200+0900][71.759s][info][gc,cpu      ] GC(29) User=0.01s Sys=0.00s Real=0.01s
[2025-08-12T22:05:15.308+0900][72.866s][info][gc,start    ] GC(30) Pause Young (Normal) (G1 Evacuation Pause)
[2025-08-12T22:05:15.308+0900][72.866s][info][gc,task     ] GC(30) Using 8 workers of 8 for evacuation
[2025-08-12T22:05:15.310+0900][72.869s][info][gc,phases   ] GC(30)   Pre Evacuate Collection Set: 0.1ms
[2025-08-12T22:05:15.310+0900][72.869s][info][gc,phases   ] GC(30)   Merge Heap Roots: 0.1ms
[2025-08-12T22:05:15.310+0900][72.869s][info][gc,phases   ] GC(30)   Evacuate Collection Set: 1.9ms
[2025-08-12T22:05:15.310+0900][72.869s][info][gc,phases   ] GC(30)   Post Evacuate Collection Set: 0.2ms
[2025-08-12T22:05:15.310+0900][72.869s][info][gc,phases   ] GC(30)   Other: 0.1ms
[2025-08-12T22:05:15.310+0900][72.869s][info][gc,heap     ] GC(30) Eden regions: 19->0(19)
[2025-08-12T22:05:15.310+0900][72.869s][info][gc,heap     ] GC(30) Survivor regions: 2->2(3)
[2025-08-12T22:05:15.310+0900][72.869s][info][gc,heap     ] GC(30) Old regions: 20->20
[2025-08-12T22:05:15.310+0900][72.869s][info][gc,heap     ] GC(30) Archive regions: 2->2
[2025-08-12T22:05:15.310+0900][72.869s][info][gc,heap     ] GC(30) Humongous regions: 0->0
[2025-08-12T22:05:15.310+0900][72.869s][info][gc,metaspace] GC(30) Metaspace: 93528K(94080K)->93528K(94080K) NonClass: 79521K(79808K)->79521K(79808K) Class: 14006K(14272K)->14006K(14272K)
[2025-08-12T22:05:15.310+0900][72.869s][info][gc          ] GC(30) Pause Young (Normal) (G1 Evacuation Pause) 163M->88M(212M) 2.312ms
[2025-08-12T22:05:15.310+0900][72.869s][info][gc,cpu      ] GC(30) User=0.01s Sys=0.00s Real=0.01s
[2025-08-12T22:05:16.692+0900][74.250s][info][gc,start    ] GC(31) Pause Young (Normal) (G1 Evacuation Pause)
[2025-08-12T22:05:16.692+0900][74.250s][info][gc,task     ] GC(31) Using 8 workers of 8 for evacuation
[2025-08-12T22:05:16.694+0900][74.252s][info][gc,phases   ] GC(31)   Pre Evacuate Collection Set: 0.1ms
[2025-08-12T22:05:16.694+0900][74.252s][info][gc,phases   ] GC(31)   Merge Heap Roots: 0.1ms
[2025-08-12T22:05:16.694+0900][74.252s][info][gc,phases   ] GC(31)   Evacuate Collection Set: 1.7ms
[2025-08-12T22:05:16.694+0900][74.252s][info][gc,phases   ] GC(31)   Post Evacuate Collection Set: 0.3ms
[2025-08-12T22:05:16.694+0900][74.252s][info][gc,phases   ] GC(31)   Other: 0.3ms
[2025-08-12T22:05:16.694+0900][74.253s][info][gc,heap     ] GC(31) Eden regions: 19->0(20)
[2025-08-12T22:05:16.694+0900][74.253s][info][gc,heap     ] GC(31) Survivor regions: 2->2(3)
[2025-08-12T22:05:16.694+0900][74.253s][info][gc,heap     ] GC(31) Old regions: 20->20
[2025-08-12T22:05:16.694+0900][74.253s][info][gc,heap     ] GC(31) Archive regions: 2->2
[2025-08-12T22:05:16.694+0900][74.253s][info][gc,heap     ] GC(31) Humongous regions: 0->0
[2025-08-12T22:05:16.694+0900][74.253s][info][gc,metaspace] GC(31) Metaspace: 93528K(94080K)->93528K(94080K) NonClass: 79521K(79808K)->79521K(79808K) Class: 14006K(14272K)->14006K(14272K)
[2025-08-12T22:05:16.694+0900][74.253s][info][gc          ] GC(31) Pause Young (Normal) (G1 Evacuation Pause) 164M->88M(212M) 2.424ms
[2025-08-12T22:05:16.694+0900][74.253s][info][gc,cpu      ] GC(31) User=0.01s Sys=0.00s Real=0.00s
[2025-08-12T22:05:18.025+0900][75.583s][info][gc,start    ] GC(32) Pause Young (Normal) (G1 Evacuation Pause)
[2025-08-12T22:05:18.025+0900][75.583s][info][gc,task     ] GC(32) Using 8 workers of 8 for evacuation
[2025-08-12T22:05:18.029+0900][75.587s][info][gc,phases   ] GC(32)   Pre Evacuate Collection Set: 0.2ms
[2025-08-12T22:05:18.029+0900][75.587s][info][gc,phases   ] GC(32)   Merge Heap Roots: 0.1ms
[2025-08-12T22:05:18.029+0900][75.587s][info][gc,phases   ] GC(32)   Evacuate Collection Set: 3.1ms
[2025-08-12T22:05:18.029+0900][75.587s][info][gc,phases   ] GC(32)   Post Evacuate Collection Set: 0.4ms
[2025-08-12T22:05:18.029+0900][75.587s][info][gc,phases   ] GC(32)   Other: 0.2ms
[2025-08-12T22:05:18.029+0900][75.587s][info][gc,heap     ] GC(32) Eden regions: 20->0(20)
[2025-08-12T22:05:18.029+0900][75.587s][info][gc,heap     ] GC(32) Survivor regions: 2->2(3)
[2025-08-12T22:05:18.029+0900][75.587s][info][gc,heap     ] GC(32) Old regions: 20->20
[2025-08-12T22:05:18.029+0900][75.587s][info][gc,heap     ] GC(32) Archive regions: 2->2
[2025-08-12T22:05:18.029+0900][75.587s][info][gc,heap     ] GC(32) Humongous regions: 0->0
[2025-08-12T22:05:18.029+0900][75.587s][info][gc,metaspace] GC(32) Metaspace: 93528K(94080K)->93528K(94080K) NonClass: 79521K(79808K)->79521K(79808K) Class: 14006K(14272K)->14006K(14272K)
[2025-08-12T22:05:18.029+0900][75.587s][info][gc          ] GC(32) Pause Young (Normal) (G1 Evacuation Pause) 168M->88M(212M) 4.043ms
[2025-08-12T22:05:18.029+0900][75.587s][info][gc,cpu      ] GC(32) User=0.01s Sys=0.00s Real=0.00s
[2025-08-12T22:05:19.191+0900][76.749s][info][gc,start    ] GC(33) Pause Young (Normal) (G1 Evacuation Pause)
[2025-08-12T22:05:19.191+0900][76.749s][info][gc,task     ] GC(33) Using 8 workers of 8 for evacuation
[2025-08-12T22:05:19.193+0900][76.751s][info][gc,phases   ] GC(33)   Pre Evacuate Collection Set: 0.1ms
[2025-08-12T22:05:19.193+0900][76.752s][info][gc,phases   ] GC(33)   Merge Heap Roots: 0.0ms
[2025-08-12T22:05:19.193+0900][76.752s][info][gc,phases   ] GC(33)   Evacuate Collection Set: 1.9ms
[2025-08-12T22:05:19.193+0900][76.752s][info][gc,phases   ] GC(33)   Post Evacuate Collection Set: 0.1ms
[2025-08-12T22:05:19.193+0900][76.752s][info][gc,phases   ] GC(33)   Other: 0.1ms
[2025-08-12T22:05:19.193+0900][76.752s][info][gc,heap     ] GC(33) Eden regions: 20->0(19)
[2025-08-12T22:05:19.193+0900][76.752s][info][gc,heap     ] GC(33) Survivor regions: 2->2(3)
[2025-08-12T22:05:19.193+0900][76.752s][info][gc,heap     ] GC(33) Old regions: 20->21
[2025-08-12T22:05:19.193+0900][76.752s][info][gc,heap     ] GC(33) Archive regions: 2->2
[2025-08-12T22:05:19.193+0900][76.752s][info][gc,heap     ] GC(33) Humongous regions: 0->0
[2025-08-12T22:05:19.193+0900][76.752s][info][gc,metaspace] GC(33) Metaspace: 93528K(94080K)->93528K(94080K) NonClass: 79521K(79808K)->79521K(79808K) Class: 14006K(14272K)->14006K(14272K)
[2025-08-12T22:05:19.193+0900][76.752s][info][gc          ] GC(33) Pause Young (Normal) (G1 Evacuation Pause) 168M->89M(212M) 2.338ms
[2025-08-12T22:05:19.193+0900][76.752s][info][gc,cpu      ] GC(33) User=0.00s Sys=0.01s Real=0.00s
[2025-08-12T22:05:20.324+0900][77.882s][info][gc,start    ] GC(34) Pause Young (Normal) (G1 Evacuation Pause)
[2025-08-12T22:05:20.324+0900][77.882s][info][gc,task     ] GC(34) Using 8 workers of 8 for evacuation
[2025-08-12T22:05:20.326+0900][77.885s][info][gc,phases   ] GC(34)   Pre Evacuate Collection Set: 0.1ms
[2025-08-12T22:05:20.326+0900][77.885s][info][gc,phases   ] GC(34)   Merge Heap Roots: 0.1ms
[2025-08-12T22:05:20.326+0900][77.885s][info][gc,phases   ] GC(34)   Evacuate Collection Set: 2.0ms
[2025-08-12T22:05:20.326+0900][77.885s][info][gc,phases   ] GC(34)   Post Evacuate Collection Set: 0.2ms
[2025-08-12T22:05:20.326+0900][77.885s][info][gc,phases   ] GC(34)   Other: 0.2ms
[2025-08-12T22:05:20.326+0900][77.885s][info][gc,heap     ] GC(34) Eden regions: 19->0(19)
[2025-08-12T22:05:20.326+0900][77.885s][info][gc,heap     ] GC(34) Survivor regions: 2->2(3)
[2025-08-12T22:05:20.326+0900][77.885s][info][gc,heap     ] GC(34) Old regions: 21->21
[2025-08-12T22:05:20.326+0900][77.885s][info][gc,heap     ] GC(34) Archive regions: 2->2
[2025-08-12T22:05:20.326+0900][77.885s][info][gc,heap     ] GC(34) Humongous regions: 0->0
[2025-08-12T22:05:20.326+0900][77.885s][info][gc,metaspace] GC(34) Metaspace: 93528K(94080K)->93528K(94080K) NonClass: 79521K(79808K)->79521K(79808K) Class: 14006K(14272K)->14006K(14272K)
[2025-08-12T22:05:20.326+0900][77.885s][info][gc          ] GC(34) Pause Young (Normal) (G1 Evacuation Pause) 165M->89M(212M) 2.685ms
[2025-08-12T22:05:20.326+0900][77.885s][info][gc,cpu      ] GC(34) User=0.00s Sys=0.00s Real=0.00s
[2025-08-12T22:05:21.466+0900][79.025s][info][gc,start    ] GC(35) Pause Young (Normal) (G1 Evacuation Pause)
[2025-08-12T22:05:21.466+0900][79.025s][info][gc,task     ] GC(35) Using 8 workers of 8 for evacuation
[2025-08-12T22:05:21.468+0900][79.026s][info][gc,phases   ] GC(35)   Pre Evacuate Collection Set: 0.1ms
[2025-08-12T22:05:21.468+0900][79.026s][info][gc,phases   ] GC(35)   Merge Heap Roots: 0.1ms
[2025-08-12T22:05:21.468+0900][79.026s][info][gc,phases   ] GC(35)   Evacuate Collection Set: 1.4ms
[2025-08-12T22:05:21.468+0900][79.026s][info][gc,phases   ] GC(35)   Post Evacuate Collection Set: 0.2ms
[2025-08-12T22:05:21.468+0900][79.026s][info][gc,phases   ] GC(35)   Other: 0.1ms
[2025-08-12T22:05:21.468+0900][79.026s][info][gc,heap     ] GC(35) Eden regions: 19->0(19)
[2025-08-12T22:05:21.468+0900][79.026s][info][gc,heap     ] GC(35) Survivor regions: 2->2(3)
[2025-08-12T22:05:21.468+0900][79.026s][info][gc,heap     ] GC(35) Old regions: 21->21
[2025-08-12T22:05:21.468+0900][79.026s][info][gc,heap     ] GC(35) Archive regions: 2->2
[2025-08-12T22:05:21.468+0900][79.026s][info][gc,heap     ] GC(35) Humongous regions: 0->0
[2025-08-12T22:05:21.468+0900][79.026s][info][gc,metaspace] GC(35) Metaspace: 93528K(94080K)->93528K(94080K) NonClass: 79521K(79808K)->79521K(79808K) Class: 14006K(14272K)->14006K(14272K)
[2025-08-12T22:05:21.468+0900][79.026s][info][gc          ] GC(35) Pause Young (Normal) (G1 Evacuation Pause) 165M->89M(212M) 1.796ms
[2025-08-12T22:05:21.468+0900][79.026s][info][gc,cpu      ] GC(35) User=0.01s Sys=0.00s Real=0.00s
[2025-08-12T22:05:22.663+0900][80.222s][info][gc,start    ] GC(36) Pause Young (Normal) (G1 Evacuation Pause)
[2025-08-12T22:05:22.663+0900][80.222s][info][gc,task     ] GC(36) Using 8 workers of 8 for evacuation
[2025-08-12T22:05:22.666+0900][80.224s][info][gc,phases   ] GC(36)   Pre Evacuate Collection Set: 0.1ms
[2025-08-12T22:05:22.666+0900][80.224s][info][gc,phases   ] GC(36)   Merge Heap Roots: 0.0ms
[2025-08-12T22:05:22.666+0900][80.224s][info][gc,phases   ] GC(36)   Evacuate Collection Set: 1.8ms
[2025-08-12T22:05:22.666+0900][80.224s][info][gc,phases   ] GC(36)   Post Evacuate Collection Set: 0.2ms
[2025-08-12T22:05:22.666+0900][80.224s][info][gc,phases   ] GC(36)   Other: 0.3ms
[2025-08-12T22:05:22.666+0900][80.224s][info][gc,heap     ] GC(36) Eden regions: 19->0(19)
[2025-08-12T22:05:22.666+0900][80.224s][info][gc,heap     ] GC(36) Survivor regions: 2->2(3)
[2025-08-12T22:05:22.666+0900][80.224s][info][gc,heap     ] GC(36) Old regions: 21->21
[2025-08-12T22:05:22.666+0900][80.224s][info][gc,heap     ] GC(36) Archive regions: 2->2
[2025-08-12T22:05:22.666+0900][80.224s][info][gc,heap     ] GC(36) Humongous regions: 0->0
[2025-08-12T22:05:22.666+0900][80.224s][info][gc,metaspace] GC(36) Metaspace: 93528K(94080K)->93528K(94080K) NonClass: 79521K(79808K)->79521K(79808K) Class: 14006K(14272K)->14006K(14272K)
[2025-08-12T22:05:22.666+0900][80.224s][info][gc          ] GC(36) Pause Young (Normal) (G1 Evacuation Pause) 165M->89M(212M) 2.373ms
[2025-08-12T22:05:22.666+0900][80.224s][info][gc,cpu      ] GC(36) User=0.01s Sys=0.00s Real=0.00s
[2025-08-12T22:05:23.831+0900][81.389s][info][gc,start    ] GC(37) Pause Young (Normal) (G1 Evacuation Pause)
[2025-08-12T22:05:23.831+0900][81.389s][info][gc,task     ] GC(37) Using 8 workers of 8 for evacuation
[2025-08-12T22:05:23.832+0900][81.391s][info][gc,phases   ] GC(37)   Pre Evacuate Collection Set: 0.1ms
[2025-08-12T22:05:23.832+0900][81.391s][info][gc,phases   ] GC(37)   Merge Heap Roots: 0.1ms
[2025-08-12T22:05:23.832+0900][81.391s][info][gc,phases   ] GC(37)   Evacuate Collection Set: 1.3ms
[2025-08-12T22:05:23.832+0900][81.391s][info][gc,phases   ] GC(37)   Post Evacuate Collection Set: 0.2ms
[2025-08-12T22:05:23.832+0900][81.391s][info][gc,phases   ] GC(37)   Other: 0.1ms
[2025-08-12T22:05:23.832+0900][81.391s][info][gc,heap     ] GC(37) Eden regions: 19->0(20)
[2025-08-12T22:05:23.832+0900][81.391s][info][gc,heap     ] GC(37) Survivor regions: 2->2(3)
[2025-08-12T22:05:23.832+0900][81.391s][info][gc,heap     ] GC(37) Old regions: 21->21
[2025-08-12T22:05:23.832+0900][81.391s][info][gc,heap     ] GC(37) Archive regions: 2->2
[2025-08-12T22:05:23.832+0900][81.391s][info][gc,heap     ] GC(37) Humongous regions: 0->0
[2025-08-12T22:05:23.832+0900][81.391s][info][gc,metaspace] GC(37) Metaspace: 93528K(94080K)->93528K(94080K) NonClass: 79521K(79808K)->79521K(79808K) Class: 14006K(14272K)->14006K(14272K)
[2025-08-12T22:05:23.832+0900][81.391s][info][gc          ] GC(37) Pause Young (Normal) (G1 Evacuation Pause) 165M->89M(212M) 1.730ms
[2025-08-12T22:05:23.832+0900][81.391s][info][gc,cpu      ] GC(37) User=0.01s Sys=0.00s Real=0.00s
[2025-08-12T22:05:25.052+0900][82.610s][info][gc,start    ] GC(38) Pause Young (Normal) (G1 Evacuation Pause)
[2025-08-12T22:05:25.052+0900][82.610s][info][gc,task     ] GC(38) Using 8 workers of 8 for evacuation
[2025-08-12T22:05:25.054+0900][82.612s][info][gc,phases   ] GC(38)   Pre Evacuate Collection Set: 0.1ms
[2025-08-12T22:05:25.054+0900][82.612s][info][gc,phases   ] GC(38)   Merge Heap Roots: 0.0ms
[2025-08-12T22:05:25.054+0900][82.612s][info][gc,phases   ] GC(38)   Evacuate Collection Set: 1.7ms
[2025-08-12T22:05:25.054+0900][82.612s][info][gc,phases   ] GC(38)   Post Evacuate Collection Set: 0.1ms
[2025-08-12T22:05:25.054+0900][82.612s][info][gc,phases   ] GC(38)   Other: 0.1ms
[2025-08-12T22:05:25.054+0900][82.612s][info][gc,heap     ] GC(38) Eden regions: 20->0(20)
[2025-08-12T22:05:25.054+0900][82.612s][info][gc,heap     ] GC(38) Survivor regions: 2->2(3)
[2025-08-12T22:05:25.054+0900][82.612s][info][gc,heap     ] GC(38) Old regions: 21->21
[2025-08-12T22:05:25.054+0900][82.612s][info][gc,heap     ] GC(38) Archive regions: 2->2
[2025-08-12T22:05:25.054+0900][82.612s][info][gc,heap     ] GC(38) Humongous regions: 0->0
[2025-08-12T22:05:25.054+0900][82.612s][info][gc,metaspace] GC(38) Metaspace: 93528K(94080K)->93528K(94080K) NonClass: 79521K(79808K)->79521K(79808K) Class: 14006K(14272K)->14006K(14272K)
[2025-08-12T22:05:25.054+0900][82.612s][info][gc          ] GC(38) Pause Young (Normal) (G1 Evacuation Pause) 169M->89M(212M) 2.023ms
[2025-08-12T22:05:25.054+0900][82.612s][info][gc,cpu      ] GC(38) User=0.01s Sys=0.01s Real=0.00s
[2025-08-12T22:05:26.273+0900][83.831s][info][gc,start    ] GC(39) Pause Young (Normal) (G1 Evacuation Pause)
[2025-08-12T22:05:26.273+0900][83.831s][info][gc,task     ] GC(39) Using 8 workers of 8 for evacuation
[2025-08-12T22:05:26.274+0900][83.833s][info][gc,phases   ] GC(39)   Pre Evacuate Collection Set: 0.1ms
[2025-08-12T22:05:26.274+0900][83.833s][info][gc,phases   ] GC(39)   Merge Heap Roots: 0.0ms
[2025-08-12T22:05:26.274+0900][83.833s][info][gc,phases   ] GC(39)   Evacuate Collection Set: 1.4ms
[2025-08-12T22:05:26.274+0900][83.833s][info][gc,phases   ] GC(39)   Post Evacuate Collection Set: 0.2ms
[2025-08-12T22:05:26.274+0900][83.833s][info][gc,phases   ] GC(39)   Other: 0.1ms
[2025-08-12T22:05:26.274+0900][83.833s][info][gc,heap     ] GC(39) Eden regions: 20->0(20)
[2025-08-12T22:05:26.274+0900][83.833s][info][gc,heap     ] GC(39) Survivor regions: 2->2(3)
[2025-08-12T22:05:26.274+0900][83.833s][info][gc,heap     ] GC(39) Old regions: 21->21
[2025-08-12T22:05:26.274+0900][83.833s][info][gc,heap     ] GC(39) Archive regions: 2->2
[2025-08-12T22:05:26.274+0900][83.833s][info][gc,heap     ] GC(39) Humongous regions: 0->0
[2025-08-12T22:05:26.274+0900][83.833s][info][gc,metaspace] GC(39) Metaspace: 93528K(94080K)->93528K(94080K) NonClass: 79521K(79808K)->79521K(79808K) Class: 14006K(14272K)->14006K(14272K)
[2025-08-12T22:05:26.274+0900][83.833s][info][gc          ] GC(39) Pause Young (Normal) (G1 Evacuation Pause) 169M->89M(212M) 1.802ms
[2025-08-12T22:05:26.274+0900][83.833s][info][gc,cpu      ] GC(39) User=0.01s Sys=0.00s Real=0.00s
[2025-08-12T22:05:27.488+0900][85.046s][info][gc,start    ] GC(40) Pause Young (Normal) (G1 Evacuation Pause)
[2025-08-12T22:05:27.488+0900][85.046s][info][gc,task     ] GC(40) Using 8 workers of 8 for evacuation
[2025-08-12T22:05:27.489+0900][85.048s][info][gc,phases   ] GC(40)   Pre Evacuate Collection Set: 0.1ms
[2025-08-12T22:05:27.489+0900][85.048s][info][gc,phases   ] GC(40)   Merge Heap Roots: 0.0ms
[2025-08-12T22:05:27.489+0900][85.048s][info][gc,phases   ] GC(40)   Evacuate Collection Set: 1.3ms
[2025-08-12T22:05:27.489+0900][85.048s][info][gc,phases   ] GC(40)   Post Evacuate Collection Set: 0.2ms
[2025-08-12T22:05:27.489+0900][85.048s][info][gc,phases   ] GC(40)   Other: 0.1ms
[2025-08-12T22:05:27.489+0900][85.048s][info][gc,heap     ] GC(40) Eden regions: 20->0(20)
[2025-08-12T22:05:27.489+0900][85.048s][info][gc,heap     ] GC(40) Survivor regions: 2->2(3)
[2025-08-12T22:05:27.489+0900][85.048s][info][gc,heap     ] GC(40) Old regions: 21->21
[2025-08-12T22:05:27.489+0900][85.048s][info][gc,heap     ] GC(40) Archive regions: 2->2
[2025-08-12T22:05:27.489+0900][85.048s][info][gc,heap     ] GC(40) Humongous regions: 0->0
[2025-08-12T22:05:27.489+0900][85.048s][info][gc,metaspace] GC(40) Metaspace: 93528K(94080K)->93528K(94080K) NonClass: 79521K(79808K)->79521K(79808K) Class: 14006K(14272K)->14006K(14272K)
[2025-08-12T22:05:27.489+0900][85.048s][info][gc          ] GC(40) Pause Young (Normal) (G1 Evacuation Pause) 169M->89M(212M) 1.688ms
[2025-08-12T22:05:27.489+0900][85.048s][info][gc,cpu      ] GC(40) User=0.01s Sys=0.00s Real=0.00s
[2025-08-12T22:05:28.724+0900][86.283s][info][gc,start    ] GC(41) Pause Young (Normal) (G1 Evacuation Pause)
[2025-08-12T22:05:28.724+0900][86.283s][info][gc,task     ] GC(41) Using 8 workers of 8 for evacuation
[2025-08-12T22:05:28.726+0900][86.285s][info][gc,phases   ] GC(41)   Pre Evacuate Collection Set: 0.1ms
[2025-08-12T22:05:28.726+0900][86.285s][info][gc,phases   ] GC(41)   Merge Heap Roots: 0.1ms
[2025-08-12T22:05:28.726+0900][86.285s][info][gc,phases   ] GC(41)   Evacuate Collection Set: 1.5ms
[2025-08-12T22:05:28.726+0900][86.285s][info][gc,phases   ] GC(41)   Post Evacuate Collection Set: 0.3ms
[2025-08-12T22:05:28.726+0900][86.285s][info][gc,phases   ] GC(41)   Other: 0.1ms
[2025-08-12T22:05:28.726+0900][86.285s][info][gc,heap     ] GC(41) Eden regions: 20->0(20)
[2025-08-12T22:05:28.726+0900][86.285s][info][gc,heap     ] GC(41) Survivor regions: 2->2(3)
[2025-08-12T22:05:28.726+0900][86.285s][info][gc,heap     ] GC(41) Old regions: 21->21
[2025-08-12T22:05:28.726+0900][86.285s][info][gc,heap     ] GC(41) Archive regions: 2->2
[2025-08-12T22:05:28.726+0900][86.285s][info][gc,heap     ] GC(41) Humongous regions: 0->0
[2025-08-12T22:05:28.726+0900][86.285s][info][gc,metaspace] GC(41) Metaspace: 93528K(94080K)->93528K(94080K) NonClass: 79521K(79808K)->79521K(79808K) Class: 14006K(14272K)->14006K(14272K)
[2025-08-12T22:05:28.726+0900][86.285s][info][gc          ] GC(41) Pause Young (Normal) (G1 Evacuation Pause) 169M->89M(212M) 2.082ms
[2025-08-12T22:05:28.726+0900][86.285s][info][gc,cpu      ] GC(41) User=0.01s Sys=0.00s Real=0.00s
[2025-08-12T22:05:30.000+0900][87.558s][info][gc,start    ] GC(42) Pause Young (Normal) (G1 Evacuation Pause)
[2025-08-12T22:05:30.000+0900][87.558s][info][gc,task     ] GC(42) Using 8 workers of 8 for evacuation
[2025-08-12T22:05:30.001+0900][87.560s][info][gc,phases   ] GC(42)   Pre Evacuate Collection Set: 0.1ms
[2025-08-12T22:05:30.001+0900][87.560s][info][gc,phases   ] GC(42)   Merge Heap Roots: 0.0ms
[2025-08-12T22:05:30.001+0900][87.560s][info][gc,phases   ] GC(42)   Evacuate Collection Set: 1.4ms
[2025-08-12T22:05:30.001+0900][87.560s][info][gc,phases   ] GC(42)   Post Evacuate Collection Set: 0.1ms
[2025-08-12T22:05:30.001+0900][87.560s][info][gc,phases   ] GC(42)   Other: 0.1ms
[2025-08-12T22:05:30.001+0900][87.560s][info][gc,heap     ] GC(42) Eden regions: 20->0(20)
[2025-08-12T22:05:30.001+0900][87.560s][info][gc,heap     ] GC(42) Survivor regions: 2->2(3)
[2025-08-12T22:05:30.001+0900][87.560s][info][gc,heap     ] GC(42) Old regions: 21->21
[2025-08-12T22:05:30.001+0900][87.560s][info][gc,heap     ] GC(42) Archive regions: 2->2
[2025-08-12T22:05:30.001+0900][87.560s][info][gc,heap     ] GC(42) Humongous regions: 0->0
[2025-08-12T22:05:30.001+0900][87.560s][info][gc,metaspace] GC(42) Metaspace: 93528K(94080K)->93528K(94080K) NonClass: 79521K(79808K)->79521K(79808K) Class: 14006K(14272K)->14006K(14272K)
[2025-08-12T22:05:30.001+0900][87.560s][info][gc          ] GC(42) Pause Young (Normal) (G1 Evacuation Pause) 169M->89M(212M) 1.720ms
[2025-08-12T22:05:30.002+0900][87.560s][info][gc,cpu      ] GC(42) User=0.01s Sys=0.00s Real=0.00s
[2025-08-12T22:05:31.338+0900][88.897s][info][gc,start    ] GC(43) Pause Young (Normal) (G1 Evacuation Pause)
[2025-08-12T22:05:31.338+0900][88.897s][info][gc,task     ] GC(43) Using 8 workers of 8 for evacuation
[2025-08-12T22:05:31.340+0900][88.899s][info][gc,phases   ] GC(43)   Pre Evacuate Collection Set: 0.1ms
[2025-08-12T22:05:31.340+0900][88.899s][info][gc,phases   ] GC(43)   Merge Heap Roots: 0.1ms
[2025-08-12T22:05:31.340+0900][88.899s][info][gc,phases   ] GC(43)   Evacuate Collection Set: 1.5ms
[2025-08-12T22:05:31.340+0900][88.899s][info][gc,phases   ] GC(43)   Post Evacuate Collection Set: 0.4ms
[2025-08-12T22:05:31.340+0900][88.899s][info][gc,phases   ] GC(43)   Other: 0.1ms
[2025-08-12T22:05:31.340+0900][88.899s][info][gc,heap     ] GC(43) Eden regions: 20->0(20)
[2025-08-12T22:05:31.340+0900][88.899s][info][gc,heap     ] GC(43) Survivor regions: 2->2(3)
[2025-08-12T22:05:31.340+0900][88.899s][info][gc,heap     ] GC(43) Old regions: 21->21
[2025-08-12T22:05:31.340+0900][88.899s][info][gc,heap     ] GC(43) Archive regions: 2->2
[2025-08-12T22:05:31.340+0900][88.899s][info][gc,heap     ] GC(43) Humongous regions: 0->0
[2025-08-12T22:05:31.340+0900][88.899s][info][gc,metaspace] GC(43) Metaspace: 93528K(94080K)->93528K(94080K) NonClass: 79521K(79808K)->79521K(79808K) Class: 14006K(14272K)->14006K(14272K)
[2025-08-12T22:05:31.340+0900][88.899s][info][gc          ] GC(43) Pause Young (Normal) (G1 Evacuation Pause) 169M->89M(212M) 2.187ms
[2025-08-12T22:05:31.340+0900][88.899s][info][gc,cpu      ] GC(43) User=0.01s Sys=0.00s Real=0.01s
[2025-08-12T22:05:33.265+0900][90.823s][info][gc,start    ] GC(44) Pause Young (Normal) (G1 Evacuation Pause)
[2025-08-12T22:05:33.265+0900][90.823s][info][gc,task     ] GC(44) Using 8 workers of 8 for evacuation
[2025-08-12T22:05:33.268+0900][90.827s][info][gc,phases   ] GC(44)   Pre Evacuate Collection Set: 0.1ms
[2025-08-12T22:05:33.268+0900][90.827s][info][gc,phases   ] GC(44)   Merge Heap Roots: 0.0ms
[2025-08-12T22:05:33.268+0900][90.827s][info][gc,phases   ] GC(44)   Evacuate Collection Set: 2.9ms
[2025-08-12T22:05:33.268+0900][90.827s][info][gc,phases   ] GC(44)   Post Evacuate Collection Set: 0.2ms
[2025-08-12T22:05:33.268+0900][90.827s][info][gc,phases   ] GC(44)   Other: 0.2ms
[2025-08-12T22:05:33.268+0900][90.827s][info][gc,heap     ] GC(44) Eden regions: 20->0(20)
[2025-08-12T22:05:33.268+0900][90.827s][info][gc,heap     ] GC(44) Survivor regions: 2->2(3)
[2025-08-12T22:05:33.268+0900][90.827s][info][gc,heap     ] GC(44) Old regions: 21->21
[2025-08-12T22:05:33.268+0900][90.827s][info][gc,heap     ] GC(44) Archive regions: 2->2
[2025-08-12T22:05:33.268+0900][90.827s][info][gc,heap     ] GC(44) Humongous regions: 0->0
[2025-08-12T22:05:33.268+0900][90.827s][info][gc,metaspace] GC(44) Metaspace: 93528K(94080K)->93528K(94080K) NonClass: 79521K(79808K)->79521K(79808K) Class: 14006K(14272K)->14006K(14272K)
[2025-08-12T22:05:33.268+0900][90.827s][info][gc          ] GC(44) Pause Young (Normal) (G1 Evacuation Pause) 169M->88M(212M) 3.468ms
[2025-08-12T22:05:33.268+0900][90.827s][info][gc,cpu      ] GC(44) User=0.01s Sys=0.00s Real=0.00s
[2025-08-12T22:05:35.399+0900][92.957s][info][gc,start    ] GC(45) Pause Young (Normal) (G1 Evacuation Pause)
[2025-08-12T22:05:35.399+0900][92.957s][info][gc,task     ] GC(45) Using 8 workers of 8 for evacuation
[2025-08-12T22:05:35.408+0900][92.967s][info][gc,phases   ] GC(45)   Pre Evacuate Collection Set: 0.2ms
[2025-08-12T22:05:35.408+0900][92.967s][info][gc,phases   ] GC(45)   Merge Heap Roots: 0.2ms
[2025-08-12T22:05:35.408+0900][92.967s][info][gc,phases   ] GC(45)   Evacuate Collection Set: 8.1ms
[2025-08-12T22:05:35.408+0900][92.967s][info][gc,phases   ] GC(45)   Post Evacuate Collection Set: 0.6ms
[2025-08-12T22:05:35.408+0900][92.967s][info][gc,phases   ] GC(45)   Other: 0.4ms
[2025-08-12T22:05:35.409+0900][92.967s][info][gc,heap     ] GC(45) Eden regions: 20->0(20)
[2025-08-12T22:05:35.409+0900][92.967s][info][gc,heap     ] GC(45) Survivor regions: 2->2(3)
[2025-08-12T22:05:35.409+0900][92.967s][info][gc,heap     ] GC(45) Old regions: 21->21
[2025-08-12T22:05:35.409+0900][92.967s][info][gc,heap     ] GC(45) Archive regions: 2->2
[2025-08-12T22:05:35.409+0900][92.967s][info][gc,heap     ] GC(45) Humongous regions: 0->0
[2025-08-12T22:05:35.409+0900][92.967s][info][gc,metaspace] GC(45) Metaspace: 93528K(94080K)->93528K(94080K) NonClass: 79521K(79808K)->79521K(79808K) Class: 14006K(14272K)->14006K(14272K)
[2025-08-12T22:05:35.409+0900][92.967s][info][gc          ] GC(45) Pause Young (Normal) (G1 Evacuation Pause) 168M->88M(212M) 9.765ms
[2025-08-12T22:05:35.409+0900][92.967s][info][gc,cpu      ] GC(45) User=0.03s Sys=0.00s Real=0.01s
[2025-08-12T22:05:37.856+0900][95.415s][info][gc,start    ] GC(46) Pause Young (Normal) (G1 Evacuation Pause)
[2025-08-12T22:05:37.856+0900][95.415s][info][gc,task     ] GC(46) Using 8 workers of 8 for evacuation
[2025-08-12T22:05:37.865+0900][95.423s][info][gc,phases   ] GC(46)   Pre Evacuate Collection Set: 0.2ms
[2025-08-12T22:05:37.865+0900][95.423s][info][gc,phases   ] GC(46)   Merge Heap Roots: 0.1ms
[2025-08-12T22:05:37.865+0900][95.423s][info][gc,phases   ] GC(46)   Evacuate Collection Set: 7.6ms
[2025-08-12T22:05:37.865+0900][95.423s][info][gc,phases   ] GC(46)   Post Evacuate Collection Set: 0.5ms
[2025-08-12T22:05:37.865+0900][95.423s][info][gc,phases   ] GC(46)   Other: 0.3ms
[2025-08-12T22:05:37.865+0900][95.423s][info][gc,heap     ] GC(46) Eden regions: 20->0(20)
[2025-08-12T22:05:37.865+0900][95.423s][info][gc,heap     ] GC(46) Survivor regions: 2->2(3)
[2025-08-12T22:05:37.865+0900][95.423s][info][gc,heap     ] GC(46) Old regions: 21->21
[2025-08-12T22:05:37.865+0900][95.423s][info][gc,heap     ] GC(46) Archive regions: 2->2
[2025-08-12T22:05:37.865+0900][95.423s][info][gc,heap     ] GC(46) Humongous regions: 0->0
[2025-08-12T22:05:37.865+0900][95.423s][info][gc,metaspace] GC(46) Metaspace: 93528K(94080K)->93528K(94080K) NonClass: 79521K(79808K)->79521K(79808K) Class: 14006K(14272K)->14006K(14272K)
[2025-08-12T22:05:37.865+0900][95.423s][info][gc          ] GC(46) Pause Young (Normal) (G1 Evacuation Pause) 168M->88M(212M) 8.828ms
[2025-08-12T22:05:37.865+0900][95.423s][info][gc,cpu      ] GC(46) User=0.02s Sys=0.00s Real=0.01s
[2025-08-12T22:05:40.390+0900][97.949s][info][gc,start    ] GC(47) Pause Young (Normal) (G1 Evacuation Pause)
[2025-08-12T22:05:40.390+0900][97.949s][info][gc,task     ] GC(47) Using 8 workers of 8 for evacuation
[2025-08-12T22:05:40.402+0900][97.961s][info][gc,phases   ] GC(47)   Pre Evacuate Collection Set: 0.3ms
[2025-08-12T22:05:40.402+0900][97.961s][info][gc,phases   ] GC(47)   Merge Heap Roots: 0.2ms
[2025-08-12T22:05:40.402+0900][97.961s][info][gc,phases   ] GC(47)   Evacuate Collection Set: 10.6ms
[2025-08-12T22:05:40.402+0900][97.961s][info][gc,phases   ] GC(47)   Post Evacuate Collection Set: 0.5ms
[2025-08-12T22:05:40.402+0900][97.961s][info][gc,phases   ] GC(47)   Other: 0.6ms
[2025-08-12T22:05:40.402+0900][97.961s][info][gc,heap     ] GC(47) Eden regions: 20->0(20)
[2025-08-12T22:05:40.402+0900][97.961s][info][gc,heap     ] GC(47) Survivor regions: 2->2(3)
[2025-08-12T22:05:40.402+0900][97.961s][info][gc,heap     ] GC(47) Old regions: 21->21
[2025-08-12T22:05:40.402+0900][97.961s][info][gc,heap     ] GC(47) Archive regions: 2->2
[2025-08-12T22:05:40.402+0900][97.961s][info][gc,heap     ] GC(47) Humongous regions: 0->0
[2025-08-12T22:05:40.402+0900][97.961s][info][gc,metaspace] GC(47) Metaspace: 93528K(94080K)->93528K(94080K) NonClass: 79521K(79808K)->79521K(79808K) Class: 14006K(14272K)->14006K(14272K)
[2025-08-12T22:05:40.402+0900][97.961s][info][gc          ] GC(47) Pause Young (Normal) (G1 Evacuation Pause) 168M->89M(212M) 12.311ms
[2025-08-12T22:05:40.403+0900][97.961s][info][gc,cpu      ] GC(47) User=0.03s Sys=0.00s Real=0.01s
[2025-08-12T22:05:43.010+0900][100.569s][info][gc,start    ] GC(48) Pause Young (Normal) (G1 Evacuation Pause)
[2025-08-12T22:05:43.011+0900][100.569s][info][gc,task     ] GC(48) Using 8 workers of 8 for evacuation
[2025-08-12T22:05:43.022+0900][100.580s][info][gc,phases   ] GC(48)   Pre Evacuate Collection Set: 0.4ms
[2025-08-12T22:05:43.022+0900][100.580s][info][gc,phases   ] GC(48)   Merge Heap Roots: 0.3ms
[2025-08-12T22:05:43.022+0900][100.580s][info][gc,phases   ] GC(48)   Evacuate Collection Set: 9.7ms
[2025-08-12T22:05:43.022+0900][100.580s][info][gc,phases   ] GC(48)   Post Evacuate Collection Set: 0.4ms
[2025-08-12T22:05:43.022+0900][100.580s][info][gc,phases   ] GC(48)   Other: 0.4ms
[2025-08-12T22:05:43.022+0900][100.580s][info][gc,heap     ] GC(48) Eden regions: 20->0(21)
[2025-08-12T22:05:43.022+0900][100.580s][info][gc,heap     ] GC(48) Survivor regions: 2->1(3)
[2025-08-12T22:05:43.022+0900][100.580s][info][gc,heap     ] GC(48) Old regions: 21->21
[2025-08-12T22:05:43.022+0900][100.580s][info][gc,heap     ] GC(48) Archive regions: 2->2
[2025-08-12T22:05:43.022+0900][100.580s][info][gc,heap     ] GC(48) Humongous regions: 0->0
[2025-08-12T22:05:43.022+0900][100.580s][info][gc,metaspace] GC(48) Metaspace: 93528K(94080K)->93528K(94080K) NonClass: 79521K(79808K)->79521K(79808K) Class: 14006K(14272K)->14006K(14272K)
[2025-08-12T22:05:43.022+0900][100.580s][info][gc          ] GC(48) Pause Young (Normal) (G1 Evacuation Pause) 169M->89M(212M) 11.359ms
[2025-08-12T22:05:43.022+0900][100.580s][info][gc,cpu      ] GC(48) User=0.03s Sys=0.01s Real=0.01s
[2025-08-12T22:05:45.542+0900][103.101s][info][gc,start    ] GC(49) Pause Young (Normal) (G1 Evacuation Pause)
[2025-08-12T22:05:45.542+0900][103.101s][info][gc,task     ] GC(49) Using 8 workers of 8 for evacuation
[2025-08-12T22:05:45.544+0900][103.102s][info][gc,phases   ] GC(49)   Pre Evacuate Collection Set: 0.1ms
[2025-08-12T22:05:45.544+0900][103.102s][info][gc,phases   ] GC(49)   Merge Heap Roots: 0.0ms
[2025-08-12T22:05:45.544+0900][103.102s][info][gc,phases   ] GC(49)   Evacuate Collection Set: 1.2ms
[2025-08-12T22:05:45.544+0900][103.102s][info][gc,phases   ] GC(49)   Post Evacuate Collection Set: 0.2ms
[2025-08-12T22:05:45.544+0900][103.102s][info][gc,phases   ] GC(49)   Other: 0.1ms
[2025-08-12T22:05:45.544+0900][103.102s][info][gc,heap     ] GC(49) Eden regions: 21->0(21)
[2025-08-12T22:05:45.544+0900][103.102s][info][gc,heap     ] GC(49) Survivor regions: 1->1(3)
[2025-08-12T22:05:45.544+0900][103.102s][info][gc,heap     ] GC(49) Old regions: 21->21
[2025-08-12T22:05:45.544+0900][103.102s][info][gc,heap     ] GC(49) Archive regions: 2->2
[2025-08-12T22:05:45.544+0900][103.102s][info][gc,heap     ] GC(49) Humongous regions: 0->0
[2025-08-12T22:05:45.544+0900][103.102s][info][gc,metaspace] GC(49) Metaspace: 93528K(94080K)->93528K(94080K) NonClass: 79521K(79808K)->79521K(79808K) Class: 14006K(14272K)->14006K(14272K)
[2025-08-12T22:05:45.544+0900][103.102s][info][gc          ] GC(49) Pause Young (Normal) (G1 Evacuation Pause) 173M->89M(212M) 1.642ms
[2025-08-12T22:05:45.544+0900][103.102s][info][gc,cpu      ] GC(49) User=0.01s Sys=0.00s Real=0.00s
[2025-08-12T22:05:48.157+0900][105.716s][info][gc,start    ] GC(50) Pause Young (Normal) (G1 Evacuation Pause)
[2025-08-12T22:05:48.157+0900][105.716s][info][gc,task     ] GC(50) Using 8 workers of 8 for evacuation
[2025-08-12T22:05:48.164+0900][105.723s][info][gc,phases   ] GC(50)   Pre Evacuate Collection Set: 0.1ms
[2025-08-12T22:05:48.164+0900][105.723s][info][gc,phases   ] GC(50)   Merge Heap Roots: 0.1ms
[2025-08-12T22:05:48.164+0900][105.723s][info][gc,phases   ] GC(50)   Evacuate Collection Set: 6.3ms
[2025-08-12T22:05:48.164+0900][105.723s][info][gc,phases   ] GC(50)   Post Evacuate Collection Set: 0.4ms
[2025-08-12T22:05:48.164+0900][105.723s][info][gc,phases   ] GC(50)   Other: 0.4ms
[2025-08-12T22:05:48.164+0900][105.723s][info][gc,heap     ] GC(50) Eden regions: 21->0(21)
[2025-08-12T22:05:48.164+0900][105.723s][info][gc,heap     ] GC(50) Survivor regions: 1->1(3)
[2025-08-12T22:05:48.165+0900][105.723s][info][gc,heap     ] GC(50) Old regions: 21->21
[2025-08-12T22:05:48.165+0900][105.723s][info][gc,heap     ] GC(50) Archive regions: 2->2
[2025-08-12T22:05:48.165+0900][105.723s][info][gc,heap     ] GC(50) Humongous regions: 0->0
[2025-08-12T22:05:48.165+0900][105.723s][info][gc,metaspace] GC(50) Metaspace: 93528K(94080K)->93528K(94080K) NonClass: 79521K(79808K)->79521K(79808K) Class: 14006K(14272K)->14006K(14272K)
[2025-08-12T22:05:48.165+0900][105.723s][info][gc          ] GC(50) Pause Young (Normal) (G1 Evacuation Pause) 173M->89M(212M) 7.459ms
[2025-08-12T22:05:48.165+0900][105.723s][info][gc,cpu      ] GC(50) User=0.02s Sys=0.00s Real=0.01s
[2025-08-12T22:05:50.229+0900][107.788s][info][gc,start    ] GC(51) Pause Young (Normal) (G1 Evacuation Pause)
[2025-08-12T22:05:50.229+0900][107.788s][info][gc,task     ] GC(51) Using 8 workers of 8 for evacuation
[2025-08-12T22:05:50.232+0900][107.790s][info][gc,phases   ] GC(51)   Pre Evacuate Collection Set: 0.1ms
[2025-08-12T22:05:50.232+0900][107.790s][info][gc,phases   ] GC(51)   Merge Heap Roots: 0.1ms
[2025-08-12T22:05:50.232+0900][107.790s][info][gc,phases   ] GC(51)   Evacuate Collection Set: 2.2ms
[2025-08-12T22:05:50.232+0900][107.790s][info][gc,phases   ] GC(51)   Post Evacuate Collection Set: 0.2ms
[2025-08-12T22:05:50.232+0900][107.790s][info][gc,phases   ] GC(51)   Other: 0.1ms
[2025-08-12T22:05:50.232+0900][107.790s][info][gc,heap     ] GC(51) Eden regions: 21->0(21)
[2025-08-12T22:05:50.232+0900][107.790s][info][gc,heap     ] GC(51) Survivor regions: 1->1(3)
[2025-08-12T22:05:50.232+0900][107.790s][info][gc,heap     ] GC(51) Old regions: 21->21
[2025-08-12T22:05:50.232+0900][107.790s][info][gc,heap     ] GC(51) Archive regions: 2->2
[2025-08-12T22:05:50.232+0900][107.790s][info][gc,heap     ] GC(51) Humongous regions: 0->0
[2025-08-12T22:05:50.232+0900][107.790s][info][gc,metaspace] GC(51) Metaspace: 93674K(94272K)->93674K(94272K) NonClass: 79641K(79936K)->79641K(79936K) Class: 14033K(14336K)->14033K(14336K)
[2025-08-12T22:05:50.232+0900][107.790s][info][gc          ] GC(51) Pause Young (Normal) (G1 Evacuation Pause) 173M->89M(212M) 2.668ms
[2025-08-12T22:05:50.232+0900][107.790s][info][gc,cpu      ] GC(51) User=0.01s Sys=0.00s Real=0.01s
[2025-08-12T22:05:51.610+0900][109.168s][info][gc,start    ] GC(52) Pause Young (Normal) (G1 Evacuation Pause)
[2025-08-12T22:05:51.610+0900][109.168s][info][gc,task     ] GC(52) Using 8 workers of 8 for evacuation
[2025-08-12T22:05:51.612+0900][109.170s][info][gc,phases   ] GC(52)   Pre Evacuate Collection Set: 0.1ms
[2025-08-12T22:05:51.612+0900][109.171s][info][gc,phases   ] GC(52)   Merge Heap Roots: 0.1ms
[2025-08-12T22:05:51.612+0900][109.171s][info][gc,phases   ] GC(52)   Evacuate Collection Set: 1.8ms
[2025-08-12T22:05:51.612+0900][109.171s][info][gc,phases   ] GC(52)   Post Evacuate Collection Set: 0.2ms
[2025-08-12T22:05:51.612+0900][109.171s][info][gc,phases   ] GC(52)   Other: 0.1ms
[2025-08-12T22:05:51.612+0900][109.171s][info][gc,heap     ] GC(52) Eden regions: 21->0(21)
[2025-08-12T22:05:51.612+0900][109.171s][info][gc,heap     ] GC(52) Survivor regions: 1->1(3)
[2025-08-12T22:05:51.612+0900][109.171s][info][gc,heap     ] GC(52) Old regions: 21->21
[2025-08-12T22:05:51.612+0900][109.171s][info][gc,heap     ] GC(52) Archive regions: 2->2
[2025-08-12T22:05:51.612+0900][109.171s][info][gc,heap     ] GC(52) Humongous regions: 0->0
[2025-08-12T22:05:51.612+0900][109.171s][info][gc,metaspace] GC(52) Metaspace: 93674K(94272K)->93674K(94272K) NonClass: 79641K(79936K)->79641K(79936K) Class: 14033K(14336K)->14033K(14336K)
[2025-08-12T22:05:51.612+0900][109.171s][info][gc          ] GC(52) Pause Young (Normal) (G1 Evacuation Pause) 173M->89M(212M) 2.272ms
[2025-08-12T22:05:51.612+0900][109.171s][info][gc,cpu      ] GC(52) User=0.01s Sys=0.00s Real=0.00s
[2025-08-12T22:05:52.770+0900][110.329s][info][gc,start    ] GC(53) Pause Young (Normal) (G1 Evacuation Pause)
[2025-08-12T22:05:52.770+0900][110.329s][info][gc,task     ] GC(53) Using 8 workers of 8 for evacuation
[2025-08-12T22:05:52.775+0900][110.333s][info][gc,phases   ] GC(53)   Pre Evacuate Collection Set: 0.9ms
[2025-08-12T22:05:52.775+0900][110.333s][info][gc,phases   ] GC(53)   Merge Heap Roots: 0.1ms
[2025-08-12T22:05:52.775+0900][110.333s][info][gc,phases   ] GC(53)   Evacuate Collection Set: 3.0ms
[2025-08-12T22:05:52.775+0900][110.333s][info][gc,phases   ] GC(53)   Post Evacuate Collection Set: 0.3ms
[2025-08-12T22:05:52.775+0900][110.333s][info][gc,phases   ] GC(53)   Other: 0.2ms
[2025-08-12T22:05:52.775+0900][110.333s][info][gc,heap     ] GC(53) Eden regions: 21->0(21)
[2025-08-12T22:05:52.775+0900][110.333s][info][gc,heap     ] GC(53) Survivor regions: 1->1(3)
[2025-08-12T22:05:52.775+0900][110.333s][info][gc,heap     ] GC(53) Old regions: 21->21
[2025-08-12T22:05:52.775+0900][110.333s][info][gc,heap     ] GC(53) Archive regions: 2->2
[2025-08-12T22:05:52.775+0900][110.333s][info][gc,heap     ] GC(53) Humongous regions: 0->0
[2025-08-12T22:05:52.775+0900][110.333s][info][gc,metaspace] GC(53) Metaspace: 93674K(94272K)->93674K(94272K) NonClass: 79641K(79936K)->79641K(79936K) Class: 14033K(14336K)->14033K(14336K)
[2025-08-12T22:05:52.775+0900][110.333s][info][gc          ] GC(53) Pause Young (Normal) (G1 Evacuation Pause) 173M->89M(212M) 4.499ms
[2025-08-12T22:05:52.775+0900][110.333s][info][gc,cpu      ] GC(53) User=0.01s Sys=0.00s Real=0.00s
[2025-08-12T22:05:54.029+0900][111.587s][info][gc,start    ] GC(54) Pause Young (Normal) (G1 Evacuation Pause)
[2025-08-12T22:05:54.029+0900][111.587s][info][gc,task     ] GC(54) Using 8 workers of 8 for evacuation
[2025-08-12T22:05:54.032+0900][111.590s][info][gc,phases   ] GC(54)   Pre Evacuate Collection Set: 0.1ms
[2025-08-12T22:05:54.032+0900][111.590s][info][gc,phases   ] GC(54)   Merge Heap Roots: 0.1ms
[2025-08-12T22:05:54.032+0900][111.590s][info][gc,phases   ] GC(54)   Evacuate Collection Set: 2.4ms
[2025-08-12T22:05:54.032+0900][111.590s][info][gc,phases   ] GC(54)   Post Evacuate Collection Set: 0.2ms
[2025-08-12T22:05:54.032+0900][111.590s][info][gc,phases   ] GC(54)   Other: 0.2ms
[2025-08-12T22:05:54.032+0900][111.590s][info][gc,heap     ] GC(54) Eden regions: 21->0(21)
[2025-08-12T22:05:54.032+0900][111.590s][info][gc,heap     ] GC(54) Survivor regions: 1->1(3)
[2025-08-12T22:05:54.032+0900][111.590s][info][gc,heap     ] GC(54) Old regions: 21->21
[2025-08-12T22:05:54.032+0900][111.590s][info][gc,heap     ] GC(54) Archive regions: 2->2
[2025-08-12T22:05:54.032+0900][111.590s][info][gc,heap     ] GC(54) Humongous regions: 0->0
[2025-08-12T22:05:54.032+0900][111.590s][info][gc,metaspace] GC(54) Metaspace: 93674K(94272K)->93674K(94272K) NonClass: 79641K(79936K)->79641K(79936K) Class: 14033K(14336K)->14033K(14336K)
[2025-08-12T22:05:54.032+0900][111.590s][info][gc          ] GC(54) Pause Young (Normal) (G1 Evacuation Pause) 173M->89M(212M) 3.053ms
[2025-08-12T22:05:54.032+0900][111.590s][info][gc,cpu      ] GC(54) User=0.02s Sys=0.00s Real=0.01s
[2025-08-12T22:05:55.150+0900][112.709s][info][gc,start    ] GC(55) Pause Young (Normal) (G1 Evacuation Pause)
[2025-08-12T22:05:55.150+0900][112.709s][info][gc,task     ] GC(55) Using 8 workers of 8 for evacuation
[2025-08-12T22:05:55.152+0900][112.711s][info][gc,phases   ] GC(55)   Pre Evacuate Collection Set: 0.1ms
[2025-08-12T22:05:55.152+0900][112.711s][info][gc,phases   ] GC(55)   Merge Heap Roots: 0.1ms
[2025-08-12T22:05:55.152+0900][112.711s][info][gc,phases   ] GC(55)   Evacuate Collection Set: 1.9ms
[2025-08-12T22:05:55.152+0900][112.711s][info][gc,phases   ] GC(55)   Post Evacuate Collection Set: 0.2ms
[2025-08-12T22:05:55.152+0900][112.711s][info][gc,phases   ] GC(55)   Other: 0.1ms
[2025-08-12T22:05:55.152+0900][112.711s][info][gc,heap     ] GC(55) Eden regions: 21->0(21)
[2025-08-12T22:05:55.152+0900][112.711s][info][gc,heap     ] GC(55) Survivor regions: 1->1(3)
[2025-08-12T22:05:55.152+0900][112.711s][info][gc,heap     ] GC(55) Old regions: 21->21
[2025-08-12T22:05:55.152+0900][112.711s][info][gc,heap     ] GC(55) Archive regions: 2->2
[2025-08-12T22:05:55.152+0900][112.711s][info][gc,heap     ] GC(55) Humongous regions: 0->0
[2025-08-12T22:05:55.152+0900][112.711s][info][gc,metaspace] GC(55) Metaspace: 93674K(94272K)->93674K(94272K) NonClass: 79641K(79936K)->79641K(79936K) Class: 14033K(14336K)->14033K(14336K)
[2025-08-12T22:05:55.152+0900][112.711s][info][gc          ] GC(55) Pause Young (Normal) (G1 Evacuation Pause) 173M->89M(212M) 2.395ms
[2025-08-12T22:05:55.152+0900][112.711s][info][gc,cpu      ] GC(55) User=0.01s Sys=0.00s Real=0.00s
[2025-08-12T22:05:56.229+0900][113.787s][info][gc,start    ] GC(56) Pause Young (Normal) (G1 Evacuation Pause)
[2025-08-12T22:05:56.229+0900][113.787s][info][gc,task     ] GC(56) Using 8 workers of 8 for evacuation
[2025-08-12T22:05:56.230+0900][113.789s][info][gc,phases   ] GC(56)   Pre Evacuate Collection Set: 0.1ms
[2025-08-12T22:05:56.230+0900][113.789s][info][gc,phases   ] GC(56)   Merge Heap Roots: 0.1ms
[2025-08-12T22:05:56.230+0900][113.789s][info][gc,phases   ] GC(56)   Evacuate Collection Set: 1.3ms
[2025-08-12T22:05:56.230+0900][113.789s][info][gc,phases   ] GC(56)   Post Evacuate Collection Set: 0.1ms
[2025-08-12T22:05:56.230+0900][113.789s][info][gc,phases   ] GC(56)   Other: 0.1ms
[2025-08-12T22:05:56.231+0900][113.789s][info][gc,heap     ] GC(56) Eden regions: 21->0(21)
[2025-08-12T22:05:56.231+0900][113.789s][info][gc,heap     ] GC(56) Survivor regions: 1->1(3)
[2025-08-12T22:05:56.231+0900][113.789s][info][gc,heap     ] GC(56) Old regions: 21->21
[2025-08-12T22:05:56.231+0900][113.789s][info][gc,heap     ] GC(56) Archive regions: 2->2
[2025-08-12T22:05:56.231+0900][113.789s][info][gc,heap     ] GC(56) Humongous regions: 0->0
[2025-08-12T22:05:56.231+0900][113.789s][info][gc,metaspace] GC(56) Metaspace: 93674K(94272K)->93674K(94272K) NonClass: 79641K(79936K)->79641K(79936K) Class: 14033K(14336K)->14033K(14336K)
[2025-08-12T22:05:56.231+0900][113.789s][info][gc          ] GC(56) Pause Young (Normal) (G1 Evacuation Pause) 173M->89M(212M) 1.700ms
[2025-08-12T22:05:56.231+0900][113.789s][info][gc,cpu      ] GC(56) User=0.01s Sys=0.00s Real=0.01s
[2025-08-12T22:05:57.344+0900][114.902s][info][gc,start    ] GC(57) Pause Young (Normal) (G1 Evacuation Pause)
[2025-08-12T22:05:57.344+0900][114.902s][info][gc,task     ] GC(57) Using 8 workers of 8 for evacuation
[2025-08-12T22:05:57.347+0900][114.905s][info][gc,phases   ] GC(57)   Pre Evacuate Collection Set: 0.1ms
[2025-08-12T22:05:57.347+0900][114.905s][info][gc,phases   ] GC(57)   Merge Heap Roots: 0.1ms
[2025-08-12T22:05:57.347+0900][114.905s][info][gc,phases   ] GC(57)   Evacuate Collection Set: 2.4ms
[2025-08-12T22:05:57.347+0900][114.905s][info][gc,phases   ] GC(57)   Post Evacuate Collection Set: 0.3ms
[2025-08-12T22:05:57.347+0900][114.905s][info][gc,phases   ] GC(57)   Other: 0.1ms
[2025-08-12T22:05:57.347+0900][114.905s][info][gc,heap     ] GC(57) Eden regions: 21->0(21)
[2025-08-12T22:05:57.347+0900][114.905s][info][gc,heap     ] GC(57) Survivor regions: 1->1(3)
[2025-08-12T22:05:57.347+0900][114.905s][info][gc,heap     ] GC(57) Old regions: 21->21
[2025-08-12T22:05:57.347+0900][114.905s][info][gc,heap     ] GC(57) Archive regions: 2->2
[2025-08-12T22:05:57.347+0900][114.905s][info][gc,heap     ] GC(57) Humongous regions: 0->0
[2025-08-12T22:05:57.347+0900][114.905s][info][gc,metaspace] GC(57) Metaspace: 93674K(94272K)->93674K(94272K) NonClass: 79641K(79936K)->79641K(79936K) Class: 14033K(14336K)->14033K(14336K)
[2025-08-12T22:05:57.347+0900][114.905s][info][gc          ] GC(57) Pause Young (Normal) (G1 Evacuation Pause) 173M->89M(212M) 3.043ms
[2025-08-12T22:05:57.347+0900][114.905s][info][gc,cpu      ] GC(57) User=0.01s Sys=0.00s Real=0.00s
[2025-08-12T22:05:58.403+0900][115.962s][info][gc,start    ] GC(58) Pause Young (Normal) (G1 Evacuation Pause)
[2025-08-12T22:05:58.403+0900][115.962s][info][gc,task     ] GC(58) Using 8 workers of 8 for evacuation
[2025-08-12T22:05:58.406+0900][115.964s][info][gc,phases   ] GC(58)   Pre Evacuate Collection Set: 0.1ms
[2025-08-12T22:05:58.406+0900][115.964s][info][gc,phases   ] GC(58)   Merge Heap Roots: 0.1ms
[2025-08-12T22:05:58.406+0900][115.964s][info][gc,phases   ] GC(58)   Evacuate Collection Set: 1.8ms
[2025-08-12T22:05:58.406+0900][115.964s][info][gc,phases   ] GC(58)   Post Evacuate Collection Set: 0.2ms
[2025-08-12T22:05:58.406+0900][115.964s][info][gc,phases   ] GC(58)   Other: 0.1ms
[2025-08-12T22:05:58.406+0900][115.964s][info][gc,heap     ] GC(58) Eden regions: 21->0(21)
[2025-08-12T22:05:58.406+0900][115.964s][info][gc,heap     ] GC(58) Survivor regions: 1->1(3)
[2025-08-12T22:05:58.406+0900][115.964s][info][gc,heap     ] GC(58) Old regions: 21->21
[2025-08-12T22:05:58.406+0900][115.964s][info][gc,heap     ] GC(58) Archive regions: 2->2
[2025-08-12T22:05:58.406+0900][115.964s][info][gc,heap     ] GC(58) Humongous regions: 0->0
[2025-08-12T22:05:58.406+0900][115.964s][info][gc,metaspace] GC(58) Metaspace: 93674K(94272K)->93674K(94272K) NonClass: 79641K(79936K)->79641K(79936K) Class: 14033K(14336K)->14033K(14336K)
[2025-08-12T22:05:58.406+0900][115.964s][info][gc          ] GC(58) Pause Young (Normal) (G1 Evacuation Pause) 173M->89M(212M) 2.284ms
[2025-08-12T22:05:58.406+0900][115.964s][info][gc,cpu      ] GC(58) User=0.01s Sys=0.00s Real=0.00s
[2025-08-12T22:05:59.466+0900][117.025s][info][gc,start    ] GC(59) Pause Young (Normal) (G1 Evacuation Pause)
[2025-08-12T22:05:59.466+0900][117.025s][info][gc,task     ] GC(59) Using 8 workers of 8 for evacuation
[2025-08-12T22:05:59.469+0900][117.027s][info][gc,phases   ] GC(59)   Pre Evacuate Collection Set: 0.1ms
[2025-08-12T22:05:59.469+0900][117.027s][info][gc,phases   ] GC(59)   Merge Heap Roots: 0.1ms
[2025-08-12T22:05:59.469+0900][117.027s][info][gc,phases   ] GC(59)   Evacuate Collection Set: 1.6ms
[2025-08-12T22:05:59.469+0900][117.027s][info][gc,phases   ] GC(59)   Post Evacuate Collection Set: 0.3ms
[2025-08-12T22:05:59.469+0900][117.027s][info][gc,phases   ] GC(59)   Other: 0.2ms
[2025-08-12T22:05:59.469+0900][117.027s][info][gc,heap     ] GC(59) Eden regions: 21->0(21)
[2025-08-12T22:05:59.469+0900][117.027s][info][gc,heap     ] GC(59) Survivor regions: 1->1(3)
[2025-08-12T22:05:59.469+0900][117.027s][info][gc,heap     ] GC(59) Old regions: 21->21
[2025-08-12T22:05:59.469+0900][117.027s][info][gc,heap     ] GC(59) Archive regions: 2->2
[2025-08-12T22:05:59.469+0900][117.027s][info][gc,heap     ] GC(59) Humongous regions: 0->0
[2025-08-12T22:05:59.469+0900][117.027s][info][gc,metaspace] GC(59) Metaspace: 93674K(94272K)->93674K(94272K) NonClass: 79641K(79936K)->79641K(79936K) Class: 14033K(14336K)->14033K(14336K)
[2025-08-12T22:05:59.469+0900][117.027s][info][gc          ] GC(59) Pause Young (Normal) (G1 Evacuation Pause) 173M->88M(212M) 2.223ms
[2025-08-12T22:05:59.469+0900][117.027s][info][gc,cpu      ] GC(59) User=0.01s Sys=0.01s Real=0.00s
[2025-08-12T22:06:00.520+0900][118.078s][info][gc,start    ] GC(60) Pause Young (Normal) (G1 Evacuation Pause)
[2025-08-12T22:06:00.520+0900][118.078s][info][gc,task     ] GC(60) Using 8 workers of 8 for evacuation
[2025-08-12T22:06:00.522+0900][118.080s][info][gc,phases   ] GC(60)   Pre Evacuate Collection Set: 0.1ms
[2025-08-12T22:06:00.522+0900][118.080s][info][gc,phases   ] GC(60)   Merge Heap Roots: 0.1ms
[2025-08-12T22:06:00.522+0900][118.080s][info][gc,phases   ] GC(60)   Evacuate Collection Set: 1.5ms
[2025-08-12T22:06:00.522+0900][118.080s][info][gc,phases   ] GC(60)   Post Evacuate Collection Set: 0.2ms
[2025-08-12T22:06:00.522+0900][118.080s][info][gc,phases   ] GC(60)   Other: 0.1ms
[2025-08-12T22:06:00.522+0900][118.080s][info][gc,heap     ] GC(60) Eden regions: 21->0(21)
[2025-08-12T22:06:00.522+0900][118.080s][info][gc,heap     ] GC(60) Survivor regions: 1->1(3)
[2025-08-12T22:06:00.522+0900][118.080s][info][gc,heap     ] GC(60) Old regions: 21->21
[2025-08-12T22:06:00.522+0900][118.080s][info][gc,heap     ] GC(60) Archive regions: 2->2
[2025-08-12T22:06:00.522+0900][118.080s][info][gc,heap     ] GC(60) Humongous regions: 0->0
[2025-08-12T22:06:00.522+0900][118.080s][info][gc,metaspace] GC(60) Metaspace: 93674K(94272K)->93674K(94272K) NonClass: 79641K(79936K)->79641K(79936K) Class: 14033K(14336K)->14033K(14336K)
[2025-08-12T22:06:00.522+0900][118.080s][info][gc          ] GC(60) Pause Young (Normal) (G1 Evacuation Pause) 172M->89M(212M) 1.997ms
[2025-08-12T22:06:00.522+0900][118.080s][info][gc,cpu      ] GC(60) User=0.01s Sys=0.00s Real=0.00s
[2025-08-12T22:06:01.614+0900][119.173s][info][gc,start    ] GC(61) Pause Young (Normal) (G1 Evacuation Pause)
[2025-08-12T22:06:01.614+0900][119.173s][info][gc,task     ] GC(61) Using 8 workers of 8 for evacuation
[2025-08-12T22:06:01.619+0900][119.178s][info][gc,phases   ] GC(61)   Pre Evacuate Collection Set: 0.1ms
[2025-08-12T22:06:01.619+0900][119.178s][info][gc,phases   ] GC(61)   Merge Heap Roots: 0.1ms
[2025-08-12T22:06:01.619+0900][119.178s][info][gc,phases   ] GC(61)   Evacuate Collection Set: 4.1ms
[2025-08-12T22:06:01.619+0900][119.178s][info][gc,phases   ] GC(61)   Post Evacuate Collection Set: 0.4ms
[2025-08-12T22:06:01.619+0900][119.178s][info][gc,phases   ] GC(61)   Other: 0.2ms
[2025-08-12T22:06:01.619+0900][119.178s][info][gc,heap     ] GC(61) Eden regions: 21->0(21)
[2025-08-12T22:06:01.619+0900][119.178s][info][gc,heap     ] GC(61) Survivor regions: 1->1(3)
[2025-08-12T22:06:01.619+0900][119.178s][info][gc,heap     ] GC(61) Old regions: 21->21
[2025-08-12T22:06:01.619+0900][119.178s][info][gc,heap     ] GC(61) Archive regions: 2->2
[2025-08-12T22:06:01.619+0900][119.178s][info][gc,heap     ] GC(61) Humongous regions: 0->0
[2025-08-12T22:06:01.619+0900][119.178s][info][gc,metaspace] GC(61) Metaspace: 93674K(94272K)->93674K(94272K) NonClass: 79641K(79936K)->79641K(79936K) Class: 14033K(14336K)->14033K(14336K)
[2025-08-12T22:06:01.619+0900][119.178s][info][gc          ] GC(61) Pause Young (Normal) (G1 Evacuation Pause) 173M->88M(212M) 5.053ms
[2025-08-12T22:06:01.619+0900][119.178s][info][gc,cpu      ] GC(61) User=0.01s Sys=0.00s Real=0.00s
[2025-08-12T22:06:02.712+0900][120.271s][info][gc,start    ] GC(62) Pause Young (Normal) (G1 Evacuation Pause)
[2025-08-12T22:06:02.712+0900][120.271s][info][gc,task     ] GC(62) Using 8 workers of 8 for evacuation
[2025-08-12T22:06:02.714+0900][120.273s][info][gc,phases   ] GC(62)   Pre Evacuate Collection Set: 0.1ms
[2025-08-12T22:06:02.714+0900][120.273s][info][gc,phases   ] GC(62)   Merge Heap Roots: 0.1ms
[2025-08-12T22:06:02.714+0900][120.273s][info][gc,phases   ] GC(62)   Evacuate Collection Set: 1.6ms
[2025-08-12T22:06:02.714+0900][120.273s][info][gc,phases   ] GC(62)   Post Evacuate Collection Set: 0.1ms
[2025-08-12T22:06:02.714+0900][120.273s][info][gc,phases   ] GC(62)   Other: 0.2ms
[2025-08-12T22:06:02.714+0900][120.273s][info][gc,heap     ] GC(62) Eden regions: 21->0(21)
[2025-08-12T22:06:02.714+0900][120.273s][info][gc,heap     ] GC(62) Survivor regions: 1->1(3)
[2025-08-12T22:06:02.714+0900][120.273s][info][gc,heap     ] GC(62) Old regions: 21->21
[2025-08-12T22:06:02.714+0900][120.273s][info][gc,heap     ] GC(62) Archive regions: 2->2
[2025-08-12T22:06:02.714+0900][120.273s][info][gc,heap     ] GC(62) Humongous regions: 0->0
[2025-08-12T22:06:02.714+0900][120.273s][info][gc,metaspace] GC(62) Metaspace: 93674K(94272K)->93674K(94272K) NonClass: 79641K(79936K)->79641K(79936K) Class: 14033K(14336K)->14033K(14336K)
[2025-08-12T22:06:02.714+0900][120.273s][info][gc          ] GC(62) Pause Young (Normal) (G1 Evacuation Pause) 172M->89M(212M) 2.028ms
[2025-08-12T22:06:02.714+0900][120.273s][info][gc,cpu      ] GC(62) User=0.01s Sys=0.00s Real=0.00s
[2025-08-12T22:06:03.832+0900][121.391s][info][gc,start    ] GC(63) Pause Young (Normal) (G1 Evacuation Pause)
[2025-08-12T22:06:03.832+0900][121.391s][info][gc,task     ] GC(63) Using 8 workers of 8 for evacuation
[2025-08-12T22:06:03.834+0900][121.393s][info][gc,phases   ] GC(63)   Pre Evacuate Collection Set: 0.1ms
[2025-08-12T22:06:03.834+0900][121.393s][info][gc,phases   ] GC(63)   Merge Heap Roots: 0.1ms
[2025-08-12T22:06:03.834+0900][121.393s][info][gc,phases   ] GC(63)   Evacuate Collection Set: 1.8ms
[2025-08-12T22:06:03.834+0900][121.393s][info][gc,phases   ] GC(63)   Post Evacuate Collection Set: 0.2ms
[2025-08-12T22:06:03.834+0900][121.393s][info][gc,phases   ] GC(63)   Other: 0.2ms
[2025-08-12T22:06:03.834+0900][121.393s][info][gc,heap     ] GC(63) Eden regions: 21->0(21)
[2025-08-12T22:06:03.834+0900][121.393s][info][gc,heap     ] GC(63) Survivor regions: 1->1(3)
[2025-08-12T22:06:03.834+0900][121.393s][info][gc,heap     ] GC(63) Old regions: 21->21
[2025-08-12T22:06:03.834+0900][121.393s][info][gc,heap     ] GC(63) Archive regions: 2->2
[2025-08-12T22:06:03.834+0900][121.393s][info][gc,heap     ] GC(63) Humongous regions: 0->0
[2025-08-12T22:06:03.834+0900][121.393s][info][gc,metaspace] GC(63) Metaspace: 93674K(94272K)->93674K(94272K) NonClass: 79641K(79936K)->79641K(79936K) Class: 14033K(14336K)->14033K(14336K)
[2025-08-12T22:06:03.834+0900][121.393s][info][gc          ] GC(63) Pause Young (Normal) (G1 Evacuation Pause) 173M->89M(212M) 2.456ms
[2025-08-12T22:06:03.835+0900][121.393s][info][gc,cpu      ] GC(63) User=0.01s Sys=0.00s Real=0.00s
[2025-08-12T22:06:04.909+0900][122.468s][info][gc,start    ] GC(64) Pause Young (Normal) (G1 Evacuation Pause)
[2025-08-12T22:06:04.909+0900][122.468s][info][gc,task     ] GC(64) Using 8 workers of 8 for evacuation
[2025-08-12T22:06:04.912+0900][122.470s][info][gc,phases   ] GC(64)   Pre Evacuate Collection Set: 0.1ms
[2025-08-12T22:06:04.912+0900][122.470s][info][gc,phases   ] GC(64)   Merge Heap Roots: 0.1ms
[2025-08-12T22:06:04.912+0900][122.470s][info][gc,phases   ] GC(64)   Evacuate Collection Set: 1.9ms
[2025-08-12T22:06:04.912+0900][122.470s][info][gc,phases   ] GC(64)   Post Evacuate Collection Set: 0.3ms
[2025-08-12T22:06:04.912+0900][122.470s][info][gc,phases   ] GC(64)   Other: 0.1ms
[2025-08-12T22:06:04.912+0900][122.470s][info][gc,heap     ] GC(64) Eden regions: 21->0(21)
[2025-08-12T22:06:04.912+0900][122.470s][info][gc,heap     ] GC(64) Survivor regions: 1->1(3)
[2025-08-12T22:06:04.912+0900][122.470s][info][gc,heap     ] GC(64) Old regions: 21->21
[2025-08-12T22:06:04.912+0900][122.470s][info][gc,heap     ] GC(64) Archive regions: 2->2
[2025-08-12T22:06:04.912+0900][122.470s][info][gc,heap     ] GC(64) Humongous regions: 0->0
[2025-08-12T22:06:04.912+0900][122.470s][info][gc,metaspace] GC(64) Metaspace: 93674K(94272K)->93674K(94272K) NonClass: 79641K(79936K)->79641K(79936K) Class: 14033K(14336K)->14033K(14336K)
[2025-08-12T22:06:04.912+0900][122.470s][info][gc          ] GC(64) Pause Young (Normal) (G1 Evacuation Pause) 173M->89M(212M) 2.442ms
[2025-08-12T22:06:04.912+0900][122.470s][info][gc,cpu      ] GC(64) User=0.01s Sys=0.00s Real=0.01s
[2025-08-12T22:06:06.040+0900][123.599s][info][gc,start    ] GC(65) Pause Young (Normal) (G1 Evacuation Pause)
[2025-08-12T22:06:06.040+0900][123.599s][info][gc,task     ] GC(65) Using 8 workers of 8 for evacuation
[2025-08-12T22:06:06.043+0900][123.602s][info][gc,phases   ] GC(65)   Pre Evacuate Collection Set: 0.1ms
[2025-08-12T22:06:06.043+0900][123.602s][info][gc,phases   ] GC(65)   Merge Heap Roots: 0.1ms
[2025-08-12T22:06:06.043+0900][123.602s][info][gc,phases   ] GC(65)   Evacuate Collection Set: 2.3ms
[2025-08-12T22:06:06.043+0900][123.602s][info][gc,phases   ] GC(65)   Post Evacuate Collection Set: 0.3ms
[2025-08-12T22:06:06.043+0900][123.602s][info][gc,phases   ] GC(65)   Other: 0.2ms
[2025-08-12T22:06:06.043+0900][123.602s][info][gc,heap     ] GC(65) Eden regions: 21->0(21)
[2025-08-12T22:06:06.043+0900][123.602s][info][gc,heap     ] GC(65) Survivor regions: 1->1(3)
[2025-08-12T22:06:06.043+0900][123.602s][info][gc,heap     ] GC(65) Old regions: 21->21
[2025-08-12T22:06:06.043+0900][123.602s][info][gc,heap     ] GC(65) Archive regions: 2->2
[2025-08-12T22:06:06.043+0900][123.602s][info][gc,heap     ] GC(65) Humongous regions: 0->0
[2025-08-12T22:06:06.043+0900][123.602s][info][gc,metaspace] GC(65) Metaspace: 93674K(94272K)->93674K(94272K) NonClass: 79641K(79936K)->79641K(79936K) Class: 14033K(14336K)->14033K(14336K)
[2025-08-12T22:06:06.043+0900][123.602s][info][gc          ] GC(65) Pause Young (Normal) (G1 Evacuation Pause) 173M->89M(212M) 3.199ms
[2025-08-12T22:06:06.043+0900][123.602s][info][gc,cpu      ] GC(65) User=0.01s Sys=0.00s Real=0.00s
[2025-08-12T22:06:07.160+0900][124.719s][info][gc,start    ] GC(66) Pause Young (Normal) (G1 Evacuation Pause)
[2025-08-12T22:06:07.160+0900][124.719s][info][gc,task     ] GC(66) Using 8 workers of 8 for evacuation
[2025-08-12T22:06:07.163+0900][124.721s][info][gc,phases   ] GC(66)   Pre Evacuate Collection Set: 0.1ms
[2025-08-12T22:06:07.163+0900][124.721s][info][gc,phases   ] GC(66)   Merge Heap Roots: 0.1ms
[2025-08-12T22:06:07.163+0900][124.721s][info][gc,phases   ] GC(66)   Evacuate Collection Set: 1.8ms
[2025-08-12T22:06:07.163+0900][124.721s][info][gc,phases   ] GC(66)   Post Evacuate Collection Set: 0.3ms
[2025-08-12T22:06:07.163+0900][124.721s][info][gc,phases   ] GC(66)   Other: 0.1ms
[2025-08-12T22:06:07.163+0900][124.721s][info][gc,heap     ] GC(66) Eden regions: 21->0(21)
[2025-08-12T22:06:07.163+0900][124.721s][info][gc,heap     ] GC(66) Survivor regions: 1->1(3)
[2025-08-12T22:06:07.163+0900][124.721s][info][gc,heap     ] GC(66) Old regions: 21->21
[2025-08-12T22:06:07.163+0900][124.721s][info][gc,heap     ] GC(66) Archive regions: 2->2
[2025-08-12T22:06:07.163+0900][124.721s][info][gc,heap     ] GC(66) Humongous regions: 0->0
[2025-08-12T22:06:07.163+0900][124.721s][info][gc,metaspace] GC(66) Metaspace: 93674K(94272K)->93674K(94272K) NonClass: 79641K(79936K)->79641K(79936K) Class: 14033K(14336K)->14033K(14336K)
[2025-08-12T22:06:07.163+0900][124.721s][info][gc          ] GC(66) Pause Young (Normal) (G1 Evacuation Pause) 173M->89M(212M) 2.383ms
[2025-08-12T22:06:07.163+0900][124.721s][info][gc,cpu      ] GC(66) User=0.02s Sys=0.00s Real=0.00s
[2025-08-12T22:06:08.219+0900][125.778s][info][gc,start    ] GC(67) Pause Young (Normal) (G1 Evacuation Pause)
[2025-08-12T22:06:08.219+0900][125.778s][info][gc,task     ] GC(67) Using 8 workers of 8 for evacuation
[2025-08-12T22:06:08.221+0900][125.780s][info][gc,phases   ] GC(67)   Pre Evacuate Collection Set: 0.1ms
[2025-08-12T22:06:08.221+0900][125.780s][info][gc,phases   ] GC(67)   Merge Heap Roots: 0.1ms
[2025-08-12T22:06:08.221+0900][125.780s][info][gc,phases   ] GC(67)   Evacuate Collection Set: 1.3ms
[2025-08-12T22:06:08.221+0900][125.780s][info][gc,phases   ] GC(67)   Post Evacuate Collection Set: 0.1ms
[2025-08-12T22:06:08.221+0900][125.780s][info][gc,phases   ] GC(67)   Other: 0.1ms
[2025-08-12T22:06:08.221+0900][125.780s][info][gc,heap     ] GC(67) Eden regions: 21->0(21)
[2025-08-12T22:06:08.221+0900][125.780s][info][gc,heap     ] GC(67) Survivor regions: 1->1(3)
[2025-08-12T22:06:08.221+0900][125.780s][info][gc,heap     ] GC(67) Old regions: 21->21
[2025-08-12T22:06:08.221+0900][125.780s][info][gc,heap     ] GC(67) Archive regions: 2->2
[2025-08-12T22:06:08.221+0900][125.780s][info][gc,heap     ] GC(67) Humongous regions: 0->0
[2025-08-12T22:06:08.221+0900][125.780s][info][gc,metaspace] GC(67) Metaspace: 93674K(94272K)->93674K(94272K) NonClass: 79641K(79936K)->79641K(79936K) Class: 14033K(14336K)->14033K(14336K)
[2025-08-12T22:06:08.221+0900][125.780s][info][gc          ] GC(67) Pause Young (Normal) (G1 Evacuation Pause) 173M->89M(212M) 1.717ms
[2025-08-12T22:06:08.221+0900][125.780s][info][gc,cpu      ] GC(67) User=0.01s Sys=0.00s Real=0.01s
[2025-08-12T22:06:09.269+0900][126.828s][info][gc,start    ] GC(68) Pause Young (Normal) (G1 Evacuation Pause)
[2025-08-12T22:06:09.269+0900][126.828s][info][gc,task     ] GC(68) Using 8 workers of 8 for evacuation
[2025-08-12T22:06:09.271+0900][126.830s][info][gc,phases   ] GC(68)   Pre Evacuate Collection Set: 0.1ms
[2025-08-12T22:06:09.271+0900][126.830s][info][gc,phases   ] GC(68)   Merge Heap Roots: 0.1ms
[2025-08-12T22:06:09.271+0900][126.830s][info][gc,phases   ] GC(68)   Evacuate Collection Set: 1.3ms
[2025-08-12T22:06:09.271+0900][126.830s][info][gc,phases   ] GC(68)   Post Evacuate Collection Set: 0.1ms
[2025-08-12T22:06:09.271+0900][126.830s][info][gc,phases   ] GC(68)   Other: 0.2ms
[2025-08-12T22:06:09.271+0900][126.830s][info][gc,heap     ] GC(68) Eden regions: 21->0(21)
[2025-08-12T22:06:09.271+0900][126.830s][info][gc,heap     ] GC(68) Survivor regions: 1->1(3)
[2025-08-12T22:06:09.271+0900][126.830s][info][gc,heap     ] GC(68) Old regions: 21->21
[2025-08-12T22:06:09.271+0900][126.830s][info][gc,heap     ] GC(68) Archive regions: 2->2
[2025-08-12T22:06:09.271+0900][126.830s][info][gc,heap     ] GC(68) Humongous regions: 0->0
[2025-08-12T22:06:09.271+0900][126.830s][info][gc,metaspace] GC(68) Metaspace: 93674K(94272K)->93674K(94272K) NonClass: 79641K(79936K)->79641K(79936K) Class: 14033K(14336K)->14033K(14336K)
[2025-08-12T22:06:09.271+0900][126.830s][info][gc          ] GC(68) Pause Young (Normal) (G1 Evacuation Pause) 173M->89M(212M) 1.790ms
[2025-08-12T22:06:09.271+0900][126.830s][info][gc,cpu      ] GC(68) User=0.01s Sys=0.00s Real=0.01s
[2025-08-12T22:06:10.375+0900][127.934s][info][gc,start    ] GC(69) Pause Young (Normal) (G1 Evacuation Pause)
[2025-08-12T22:06:10.375+0900][127.934s][info][gc,task     ] GC(69) Using 8 workers of 8 for evacuation
[2025-08-12T22:06:10.378+0900][127.937s][info][gc,phases   ] GC(69)   Pre Evacuate Collection Set: 0.1ms
[2025-08-12T22:06:10.378+0900][127.937s][info][gc,phases   ] GC(69)   Merge Heap Roots: 0.1ms
[2025-08-12T22:06:10.378+0900][127.937s][info][gc,phases   ] GC(69)   Evacuate Collection Set: 2.2ms
[2025-08-12T22:06:10.378+0900][127.937s][info][gc,phases   ] GC(69)   Post Evacuate Collection Set: 0.2ms
[2025-08-12T22:06:10.378+0900][127.937s][info][gc,phases   ] GC(69)   Other: 0.1ms
[2025-08-12T22:06:10.378+0900][127.937s][info][gc,heap     ] GC(69) Eden regions: 21->0(21)
[2025-08-12T22:06:10.378+0900][127.937s][info][gc,heap     ] GC(69) Survivor regions: 1->1(3)
[2025-08-12T22:06:10.378+0900][127.937s][info][gc,heap     ] GC(69) Old regions: 21->21
[2025-08-12T22:06:10.378+0900][127.937s][info][gc,heap     ] GC(69) Archive regions: 2->2
[2025-08-12T22:06:10.378+0900][127.937s][info][gc,heap     ] GC(69) Humongous regions: 0->0
[2025-08-12T22:06:10.378+0900][127.937s][info][gc,metaspace] GC(69) Metaspace: 93674K(94272K)->93674K(94272K) NonClass: 79641K(79936K)->79641K(79936K) Class: 14033K(14336K)->14033K(14336K)
[2025-08-12T22:06:10.378+0900][127.937s][info][gc          ] GC(69) Pause Young (Normal) (G1 Evacuation Pause) 173M->89M(212M) 2.719ms
[2025-08-12T22:06:10.378+0900][127.937s][info][gc,cpu      ] GC(69) User=0.01s Sys=0.00s Real=0.00s
[2025-08-12T22:06:11.506+0900][129.065s][info][gc,start    ] GC(70) Pause Young (Normal) (G1 Evacuation Pause)
[2025-08-12T22:06:11.506+0900][129.065s][info][gc,task     ] GC(70) Using 8 workers of 8 for evacuation
[2025-08-12T22:06:11.508+0900][129.067s][info][gc,phases   ] GC(70)   Pre Evacuate Collection Set: 0.1ms
[2025-08-12T22:06:11.508+0900][129.067s][info][gc,phases   ] GC(70)   Merge Heap Roots: 0.1ms
[2025-08-12T22:06:11.508+0900][129.067s][info][gc,phases   ] GC(70)   Evacuate Collection Set: 1.8ms
[2025-08-12T22:06:11.508+0900][129.067s][info][gc,phases   ] GC(70)   Post Evacuate Collection Set: 0.2ms
[2025-08-12T22:06:11.508+0900][129.067s][info][gc,phases   ] GC(70)   Other: 0.1ms
[2025-08-12T22:06:11.508+0900][129.067s][info][gc,heap     ] GC(70) Eden regions: 21->0(21)
[2025-08-12T22:06:11.508+0900][129.067s][info][gc,heap     ] GC(70) Survivor regions: 1->1(3)
[2025-08-12T22:06:11.508+0900][129.067s][info][gc,heap     ] GC(70) Old regions: 21->21
[2025-08-12T22:06:11.508+0900][129.067s][info][gc,heap     ] GC(70) Archive regions: 2->2
[2025-08-12T22:06:11.508+0900][129.067s][info][gc,heap     ] GC(70) Humongous regions: 0->0
[2025-08-12T22:06:11.508+0900][129.067s][info][gc,metaspace] GC(70) Metaspace: 93674K(94272K)->93674K(94272K) NonClass: 79641K(79936K)->79641K(79936K) Class: 14033K(14336K)->14033K(14336K)
[2025-08-12T22:06:11.508+0900][129.067s][info][gc          ] GC(70) Pause Young (Normal) (G1 Evacuation Pause) 173M->89M(212M) 2.306ms
[2025-08-12T22:06:11.508+0900][129.067s][info][gc,cpu      ] GC(70) User=0.02s Sys=0.00s Real=0.00s
[2025-08-12T22:06:12.591+0900][130.150s][info][gc,start    ] GC(71) Pause Young (Normal) (G1 Evacuation Pause)
[2025-08-12T22:06:12.591+0900][130.150s][info][gc,task     ] GC(71) Using 8 workers of 8 for evacuation
[2025-08-12T22:06:12.593+0900][130.151s][info][gc,phases   ] GC(71)   Pre Evacuate Collection Set: 0.1ms
[2025-08-12T22:06:12.593+0900][130.151s][info][gc,phases   ] GC(71)   Merge Heap Roots: 0.1ms
[2025-08-12T22:06:12.593+0900][130.151s][info][gc,phases   ] GC(71)   Evacuate Collection Set: 1.3ms
[2025-08-12T22:06:12.593+0900][130.151s][info][gc,phases   ] GC(71)   Post Evacuate Collection Set: 0.1ms
[2025-08-12T22:06:12.593+0900][130.151s][info][gc,phases   ] GC(71)   Other: 0.1ms
[2025-08-12T22:06:12.593+0900][130.151s][info][gc,heap     ] GC(71) Eden regions: 21->0(21)
[2025-08-12T22:06:12.593+0900][130.151s][info][gc,heap     ] GC(71) Survivor regions: 1->1(3)
[2025-08-12T22:06:12.593+0900][130.151s][info][gc,heap     ] GC(71) Old regions: 21->21
[2025-08-12T22:06:12.593+0900][130.151s][info][gc,heap     ] GC(71) Archive regions: 2->2
[2025-08-12T22:06:12.593+0900][130.151s][info][gc,heap     ] GC(71) Humongous regions: 0->0
[2025-08-12T22:06:12.593+0900][130.151s][info][gc,metaspace] GC(71) Metaspace: 93674K(94272K)->93674K(94272K) NonClass: 79641K(79936K)->79641K(79936K) Class: 14033K(14336K)->14033K(14336K)
[2025-08-12T22:06:12.593+0900][130.151s][info][gc          ] GC(71) Pause Young (Normal) (G1 Evacuation Pause) 173M->89M(212M) 1.731ms
[2025-08-12T22:06:12.593+0900][130.151s][info][gc,cpu      ] GC(71) User=0.00s Sys=0.00s Real=0.00s
[2025-08-12T22:06:13.633+0900][131.192s][info][gc,start    ] GC(72) Pause Young (Normal) (G1 Evacuation Pause)
[2025-08-12T22:06:13.633+0900][131.192s][info][gc,task     ] GC(72) Using 8 workers of 8 for evacuation
[2025-08-12T22:06:13.635+0900][131.194s][info][gc,phases   ] GC(72)   Pre Evacuate Collection Set: 0.1ms
[2025-08-12T22:06:13.635+0900][131.194s][info][gc,phases   ] GC(72)   Merge Heap Roots: 0.1ms
[2025-08-12T22:06:13.635+0900][131.194s][info][gc,phases   ] GC(72)   Evacuate Collection Set: 1.6ms
[2025-08-12T22:06:13.635+0900][131.194s][info][gc,phases   ] GC(72)   Post Evacuate Collection Set: 0.2ms
[2025-08-12T22:06:13.635+0900][131.194s][info][gc,phases   ] GC(72)   Other: 0.1ms
[2025-08-12T22:06:13.635+0900][131.194s][info][gc,heap     ] GC(72) Eden regions: 21->0(21)
[2025-08-12T22:06:13.635+0900][131.194s][info][gc,heap     ] GC(72) Survivor regions: 1->1(3)
[2025-08-12T22:06:13.635+0900][131.194s][info][gc,heap     ] GC(72) Old regions: 21->21
[2025-08-12T22:06:13.635+0900][131.194s][info][gc,heap     ] GC(72) Archive regions: 2->2
[2025-08-12T22:06:13.635+0900][131.194s][info][gc,heap     ] GC(72) Humongous regions: 0->0
[2025-08-12T22:06:13.635+0900][131.194s][info][gc,metaspace] GC(72) Metaspace: 93674K(94272K)->93674K(94272K) NonClass: 79641K(79936K)->79641K(79936K) Class: 14033K(14336K)->14033K(14336K)
[2025-08-12T22:06:13.635+0900][131.194s][info][gc          ] GC(72) Pause Young (Normal) (G1 Evacuation Pause) 173M->89M(212M) 2.105ms
[2025-08-12T22:06:13.635+0900][131.194s][info][gc,cpu      ] GC(72) User=0.01s Sys=0.00s Real=0.00s
[2025-08-12T22:06:14.806+0900][132.365s][info][gc,start    ] GC(73) Pause Young (Normal) (G1 Evacuation Pause)
[2025-08-12T22:06:14.806+0900][132.365s][info][gc,task     ] GC(73) Using 8 workers of 8 for evacuation
[2025-08-12T22:06:14.807+0900][132.366s][info][gc,phases   ] GC(73)   Pre Evacuate Collection Set: 0.1ms
[2025-08-12T22:06:14.807+0900][132.366s][info][gc,phases   ] GC(73)   Merge Heap Roots: 0.1ms
[2025-08-12T22:06:14.807+0900][132.366s][info][gc,phases   ] GC(73)   Evacuate Collection Set: 1.3ms
[2025-08-12T22:06:14.807+0900][132.366s][info][gc,phases   ] GC(73)   Post Evacuate Collection Set: 0.1ms
[2025-08-12T22:06:14.807+0900][132.366s][info][gc,phases   ] GC(73)   Other: 0.1ms
[2025-08-12T22:06:14.807+0900][132.366s][info][gc,heap     ] GC(73) Eden regions: 21->0(21)
[2025-08-12T22:06:14.807+0900][132.366s][info][gc,heap     ] GC(73) Survivor regions: 1->1(3)
[2025-08-12T22:06:14.807+0900][132.366s][info][gc,heap     ] GC(73) Old regions: 21->21
[2025-08-12T22:06:14.807+0900][132.366s][info][gc,heap     ] GC(73) Archive regions: 2->2
[2025-08-12T22:06:14.808+0900][132.366s][info][gc,heap     ] GC(73) Humongous regions: 0->0
[2025-08-12T22:06:14.808+0900][132.366s][info][gc,metaspace] GC(73) Metaspace: 93674K(94272K)->93674K(94272K) NonClass: 79641K(79936K)->79641K(79936K) Class: 14033K(14336K)->14033K(14336K)
[2025-08-12T22:06:14.808+0900][132.366s][info][gc          ] GC(73) Pause Young (Normal) (G1 Evacuation Pause) 173M->89M(212M) 1.729ms
[2025-08-12T22:06:14.808+0900][132.366s][info][gc,cpu      ] GC(73) User=0.01s Sys=0.00s Real=0.00s
[2025-08-12T22:06:15.925+0900][133.484s][info][gc,start    ] GC(74) Pause Young (Normal) (G1 Evacuation Pause)
[2025-08-12T22:06:15.925+0900][133.484s][info][gc,task     ] GC(74) Using 8 workers of 8 for evacuation
[2025-08-12T22:06:15.927+0900][133.486s][info][gc,phases   ] GC(74)   Pre Evacuate Collection Set: 0.1ms
[2025-08-12T22:06:15.927+0900][133.486s][info][gc,phases   ] GC(74)   Merge Heap Roots: 0.1ms
[2025-08-12T22:06:15.927+0900][133.486s][info][gc,phases   ] GC(74)   Evacuate Collection Set: 1.5ms
[2025-08-12T22:06:15.927+0900][133.486s][info][gc,phases   ] GC(74)   Post Evacuate Collection Set: 0.2ms
[2025-08-12T22:06:15.927+0900][133.486s][info][gc,phases   ] GC(74)   Other: 0.1ms
[2025-08-12T22:06:15.927+0900][133.486s][info][gc,heap     ] GC(74) Eden regions: 21->0(21)
[2025-08-12T22:06:15.927+0900][133.486s][info][gc,heap     ] GC(74) Survivor regions: 1->1(3)
[2025-08-12T22:06:15.927+0900][133.486s][info][gc,heap     ] GC(74) Old regions: 21->21
[2025-08-12T22:06:15.927+0900][133.486s][info][gc,heap     ] GC(74) Archive regions: 2->2
[2025-08-12T22:06:15.927+0900][133.486s][info][gc,heap     ] GC(74) Humongous regions: 0->0
[2025-08-12T22:06:15.927+0900][133.486s][info][gc,metaspace] GC(74) Metaspace: 93674K(94272K)->93674K(94272K) NonClass: 79641K(79936K)->79641K(79936K) Class: 14033K(14336K)->14033K(14336K)
[2025-08-12T22:06:15.927+0900][133.486s][info][gc          ] GC(74) Pause Young (Normal) (G1 Evacuation Pause) 173M->89M(212M) 2.030ms
[2025-08-12T22:06:15.927+0900][133.486s][info][gc,cpu      ] GC(74) User=0.01s Sys=0.00s Real=0.00s
[2025-08-12T22:06:16.972+0900][134.531s][info][gc,start    ] GC(75) Pause Young (Normal) (G1 Evacuation Pause)
[2025-08-12T22:06:16.972+0900][134.531s][info][gc,task     ] GC(75) Using 8 workers of 8 for evacuation
[2025-08-12T22:06:16.975+0900][134.534s][info][gc,phases   ] GC(75)   Pre Evacuate Collection Set: 0.1ms
[2025-08-12T22:06:16.975+0900][134.534s][info][gc,phases   ] GC(75)   Merge Heap Roots: 0.1ms
[2025-08-12T22:06:16.975+0900][134.534s][info][gc,phases   ] GC(75)   Evacuate Collection Set: 1.9ms
[2025-08-12T22:06:16.975+0900][134.534s][info][gc,phases   ] GC(75)   Post Evacuate Collection Set: 0.3ms
[2025-08-12T22:06:16.975+0900][134.534s][info][gc,phases   ] GC(75)   Other: 0.1ms
[2025-08-12T22:06:16.975+0900][134.534s][info][gc,heap     ] GC(75) Eden regions: 21->0(21)
[2025-08-12T22:06:16.975+0900][134.534s][info][gc,heap     ] GC(75) Survivor regions: 1->1(3)
[2025-08-12T22:06:16.975+0900][134.534s][info][gc,heap     ] GC(75) Old regions: 21->21
[2025-08-12T22:06:16.975+0900][134.534s][info][gc,heap     ] GC(75) Archive regions: 2->2
[2025-08-12T22:06:16.975+0900][134.534s][info][gc,heap     ] GC(75) Humongous regions: 0->0
[2025-08-12T22:06:16.975+0900][134.534s][info][gc,metaspace] GC(75) Metaspace: 93674K(94272K)->93674K(94272K) NonClass: 79641K(79936K)->79641K(79936K) Class: 14033K(14336K)->14033K(14336K)
[2025-08-12T22:06:16.975+0900][134.534s][info][gc          ] GC(75) Pause Young (Normal) (G1 Evacuation Pause) 173M->89M(212M) 2.566ms
[2025-08-12T22:06:16.975+0900][134.534s][info][gc,cpu      ] GC(75) User=0.01s Sys=0.00s Real=0.00s
[2025-08-12T22:06:18.026+0900][135.585s][info][gc,start    ] GC(76) Pause Young (Normal) (G1 Evacuation Pause)
[2025-08-12T22:06:18.026+0900][135.585s][info][gc,task     ] GC(76) Using 8 workers of 8 for evacuation
[2025-08-12T22:06:18.028+0900][135.587s][info][gc,phases   ] GC(76)   Pre Evacuate Collection Set: 0.1ms
[2025-08-12T22:06:18.028+0900][135.587s][info][gc,phases   ] GC(76)   Merge Heap Roots: 0.1ms
[2025-08-12T22:06:18.028+0900][135.587s][info][gc,phases   ] GC(76)   Evacuate Collection Set: 1.7ms
[2025-08-12T22:06:18.028+0900][135.587s][info][gc,phases   ] GC(76)   Post Evacuate Collection Set: 0.3ms
[2025-08-12T22:06:18.028+0900][135.587s][info][gc,phases   ] GC(76)   Other: 0.1ms
[2025-08-12T22:06:18.028+0900][135.587s][info][gc,heap     ] GC(76) Eden regions: 21->0(21)
[2025-08-12T22:06:18.028+0900][135.587s][info][gc,heap     ] GC(76) Survivor regions: 1->1(3)
[2025-08-12T22:06:18.028+0900][135.587s][info][gc,heap     ] GC(76) Old regions: 21->21
[2025-08-12T22:06:18.028+0900][135.587s][info][gc,heap     ] GC(76) Archive regions: 2->2
[2025-08-12T22:06:18.028+0900][135.587s][info][gc,heap     ] GC(76) Humongous regions: 0->0
[2025-08-12T22:06:18.028+0900][135.587s][info][gc,metaspace] GC(76) Metaspace: 93674K(94272K)->93674K(94272K) NonClass: 79641K(79936K)->79641K(79936K) Class: 14033K(14336K)->14033K(14336K)
[2025-08-12T22:06:18.028+0900][135.587s][info][gc          ] GC(76) Pause Young (Normal) (G1 Evacuation Pause) 173M->89M(212M) 2.232ms
[2025-08-12T22:06:18.028+0900][135.587s][info][gc,cpu      ] GC(76) User=0.01s Sys=0.00s Real=0.00s
[2025-08-12T22:06:19.065+0900][136.624s][info][gc,start    ] GC(77) Pause Young (Normal) (G1 Evacuation Pause)
[2025-08-12T22:06:19.065+0900][136.624s][info][gc,task     ] GC(77) Using 8 workers of 8 for evacuation
[2025-08-12T22:06:19.071+0900][136.630s][info][gc,phases   ] GC(77)   Pre Evacuate Collection Set: 0.1ms
[2025-08-12T22:06:19.071+0900][136.630s][info][gc,phases   ] GC(77)   Merge Heap Roots: 0.1ms
[2025-08-12T22:06:19.071+0900][136.630s][info][gc,phases   ] GC(77)   Evacuate Collection Set: 1.8ms
[2025-08-12T22:06:19.071+0900][136.630s][info][gc,phases   ] GC(77)   Post Evacuate Collection Set: 3.6ms
[2025-08-12T22:06:19.071+0900][136.630s][info][gc,phases   ] GC(77)   Other: 0.1ms
[2025-08-12T22:06:19.071+0900][136.630s][info][gc,heap     ] GC(77) Eden regions: 21->0(21)
[2025-08-12T22:06:19.071+0900][136.630s][info][gc,heap     ] GC(77) Survivor regions: 1->1(3)
[2025-08-12T22:06:19.071+0900][136.630s][info][gc,heap     ] GC(77) Old regions: 21->21
[2025-08-12T22:06:19.071+0900][136.630s][info][gc,heap     ] GC(77) Archive regions: 2->2
[2025-08-12T22:06:19.071+0900][136.630s][info][gc,heap     ] GC(77) Humongous regions: 0->0
[2025-08-12T22:06:19.071+0900][136.630s][info][gc,metaspace] GC(77) Metaspace: 93674K(94272K)->93674K(94272K) NonClass: 79641K(79936K)->79641K(79936K) Class: 14033K(14336K)->14033K(14336K)
[2025-08-12T22:06:19.071+0900][136.630s][info][gc          ] GC(77) Pause Young (Normal) (G1 Evacuation Pause) 173M->89M(212M) 5.886ms
[2025-08-12T22:06:19.071+0900][136.630s][info][gc,cpu      ] GC(77) User=0.01s Sys=0.00s Real=0.01s
[2025-08-12T22:06:20.179+0900][137.738s][info][gc,start    ] GC(78) Pause Young (Normal) (G1 Evacuation Pause)
[2025-08-12T22:06:20.179+0900][137.738s][info][gc,task     ] GC(78) Using 8 workers of 8 for evacuation
[2025-08-12T22:06:20.180+0900][137.739s][info][gc,phases   ] GC(78)   Pre Evacuate Collection Set: 0.1ms
[2025-08-12T22:06:20.180+0900][137.739s][info][gc,phases   ] GC(78)   Merge Heap Roots: 0.1ms
[2025-08-12T22:06:20.180+0900][137.739s][info][gc,phases   ] GC(78)   Evacuate Collection Set: 1.3ms
[2025-08-12T22:06:20.180+0900][137.739s][info][gc,phases   ] GC(78)   Post Evacuate Collection Set: 0.1ms
[2025-08-12T22:06:20.180+0900][137.739s][info][gc,phases   ] GC(78)   Other: 0.1ms
[2025-08-12T22:06:20.180+0900][137.739s][info][gc,heap     ] GC(78) Eden regions: 21->0(21)
[2025-08-12T22:06:20.180+0900][137.739s][info][gc,heap     ] GC(78) Survivor regions: 1->1(3)
[2025-08-12T22:06:20.180+0900][137.739s][info][gc,heap     ] GC(78) Old regions: 21->21
[2025-08-12T22:06:20.180+0900][137.739s][info][gc,heap     ] GC(78) Archive regions: 2->2
[2025-08-12T22:06:20.180+0900][137.739s][info][gc,heap     ] GC(78) Humongous regions: 0->0
[2025-08-12T22:06:20.180+0900][137.739s][info][gc,metaspace] GC(78) Metaspace: 93674K(94272K)->93674K(94272K) NonClass: 79641K(79936K)->79641K(79936K) Class: 14033K(14336K)->14033K(14336K)
[2025-08-12T22:06:20.180+0900][137.739s][info][gc          ] GC(78) Pause Young (Normal) (G1 Evacuation Pause) 173M->88M(212M) 1.743ms
[2025-08-12T22:06:20.180+0900][137.739s][info][gc,cpu      ] GC(78) User=0.01s Sys=0.00s Real=0.01s
[2025-08-12T22:06:21.251+0900][138.810s][info][gc,start    ] GC(79) Pause Young (Normal) (G1 Evacuation Pause)
[2025-08-12T22:06:21.251+0900][138.810s][info][gc,task     ] GC(79) Using 8 workers of 8 for evacuation
[2025-08-12T22:06:21.253+0900][138.812s][info][gc,phases   ] GC(79)   Pre Evacuate Collection Set: 0.1ms
[2025-08-12T22:06:21.253+0900][138.812s][info][gc,phases   ] GC(79)   Merge Heap Roots: 0.1ms
[2025-08-12T22:06:21.253+0900][138.812s][info][gc,phases   ] GC(79)   Evacuate Collection Set: 1.8ms
[2025-08-12T22:06:21.253+0900][138.812s][info][gc,phases   ] GC(79)   Post Evacuate Collection Set: 0.2ms
[2025-08-12T22:06:21.253+0900][138.812s][info][gc,phases   ] GC(79)   Other: 0.1ms
[2025-08-12T22:06:21.253+0900][138.812s][info][gc,heap     ] GC(79) Eden regions: 21->0(21)
[2025-08-12T22:06:21.253+0900][138.812s][info][gc,heap     ] GC(79) Survivor regions: 1->1(3)
[2025-08-12T22:06:21.253+0900][138.812s][info][gc,heap     ] GC(79) Old regions: 21->21
[2025-08-12T22:06:21.253+0900][138.812s][info][gc,heap     ] GC(79) Archive regions: 2->2
[2025-08-12T22:06:21.253+0900][138.812s][info][gc,heap     ] GC(79) Humongous regions: 0->0
[2025-08-12T22:06:21.253+0900][138.812s][info][gc,metaspace] GC(79) Metaspace: 93674K(94272K)->93674K(94272K) NonClass: 79641K(79936K)->79641K(79936K) Class: 14033K(14336K)->14033K(14336K)
[2025-08-12T22:06:21.253+0900][138.812s][info][gc          ] GC(79) Pause Young (Normal) (G1 Evacuation Pause) 172M->89M(212M) 2.328ms
[2025-08-12T22:06:21.253+0900][138.812s][info][gc,cpu      ] GC(79) User=0.01s Sys=0.00s Real=0.00s
[2025-08-12T22:06:22.339+0900][139.898s][info][gc,start    ] GC(80) Pause Young (Normal) (G1 Evacuation Pause)
[2025-08-12T22:06:22.339+0900][139.898s][info][gc,task     ] GC(80) Using 8 workers of 8 for evacuation
[2025-08-12T22:06:22.341+0900][139.900s][info][gc,phases   ] GC(80)   Pre Evacuate Collection Set: 0.1ms
[2025-08-12T22:06:22.341+0900][139.900s][info][gc,phases   ] GC(80)   Merge Heap Roots: 0.1ms
[2025-08-12T22:06:22.341+0900][139.900s][info][gc,phases   ] GC(80)   Evacuate Collection Set: 2.0ms
[2025-08-12T22:06:22.341+0900][139.900s][info][gc,phases   ] GC(80)   Post Evacuate Collection Set: 0.3ms
[2025-08-12T22:06:22.341+0900][139.900s][info][gc,phases   ] GC(80)   Other: 0.4ms
[2025-08-12T22:06:22.341+0900][139.900s][info][gc,heap     ] GC(80) Eden regions: 21->0(21)
[2025-08-12T22:06:22.341+0900][139.900s][info][gc,heap     ] GC(80) Survivor regions: 1->1(3)
[2025-08-12T22:06:22.341+0900][139.900s][info][gc,heap     ] GC(80) Old regions: 21->21
[2025-08-12T22:06:22.341+0900][139.900s][info][gc,heap     ] GC(80) Archive regions: 2->2
[2025-08-12T22:06:22.341+0900][139.900s][info][gc,heap     ] GC(80) Humongous regions: 0->0
[2025-08-12T22:06:22.341+0900][139.900s][info][gc,metaspace] GC(80) Metaspace: 93674K(94272K)->93674K(94272K) NonClass: 79641K(79936K)->79641K(79936K) Class: 14033K(14336K)->14033K(14336K)
[2025-08-12T22:06:22.342+0900][139.900s][info][gc          ] GC(80) Pause Young (Normal) (G1 Evacuation Pause) 173M->89M(212M) 2.807ms
[2025-08-12T22:06:22.342+0900][139.900s][info][gc,cpu      ] GC(80) User=0.02s Sys=0.00s Real=0.01s
[2025-08-12T22:06:23.446+0900][141.005s][info][gc,start    ] GC(81) Pause Young (Normal) (G1 Evacuation Pause)
[2025-08-12T22:06:23.446+0900][141.005s][info][gc,task     ] GC(81) Using 8 workers of 8 for evacuation
[2025-08-12T22:06:23.450+0900][141.009s][info][gc,phases   ] GC(81)   Pre Evacuate Collection Set: 0.2ms
[2025-08-12T22:06:23.450+0900][141.009s][info][gc,phases   ] GC(81)   Merge Heap Roots: 0.2ms
[2025-08-12T22:06:23.450+0900][141.009s][info][gc,phases   ] GC(81)   Evacuate Collection Set: 2.9ms
[2025-08-12T22:06:23.450+0900][141.009s][info][gc,phases   ] GC(81)   Post Evacuate Collection Set: 0.6ms
[2025-08-12T22:06:23.450+0900][141.009s][info][gc,phases   ] GC(81)   Other: 0.1ms
[2025-08-12T22:06:23.450+0900][141.009s][info][gc,heap     ] GC(81) Eden regions: 21->0(21)
[2025-08-12T22:06:23.450+0900][141.009s][info][gc,heap     ] GC(81) Survivor regions: 1->1(3)
[2025-08-12T22:06:23.450+0900][141.009s][info][gc,heap     ] GC(81) Old regions: 21->21
[2025-08-12T22:06:23.450+0900][141.009s][info][gc,heap     ] GC(81) Archive regions: 2->2
[2025-08-12T22:06:23.450+0900][141.009s][info][gc,heap     ] GC(81) Humongous regions: 0->0
[2025-08-12T22:06:23.450+0900][141.009s][info][gc,metaspace] GC(81) Metaspace: 93674K(94272K)->93674K(94272K) NonClass: 79641K(79936K)->79641K(79936K) Class: 14033K(14336K)->14033K(14336K)
[2025-08-12T22:06:23.450+0900][141.009s][info][gc          ] GC(81) Pause Young (Normal) (G1 Evacuation Pause) 173M->88M(212M) 4.061ms
[2025-08-12T22:06:23.450+0900][141.009s][info][gc,cpu      ] GC(81) User=0.01s Sys=0.00s Real=0.01s
[2025-08-12T22:06:24.540+0900][142.099s][info][gc,start    ] GC(82) Pause Young (Normal) (G1 Evacuation Pause)
[2025-08-12T22:06:24.541+0900][142.099s][info][gc,task     ] GC(82) Using 8 workers of 8 for evacuation
[2025-08-12T22:06:24.543+0900][142.102s][info][gc,phases   ] GC(82)   Pre Evacuate Collection Set: 0.1ms
[2025-08-12T22:06:24.543+0900][142.102s][info][gc,phases   ] GC(82)   Merge Heap Roots: 0.1ms
[2025-08-12T22:06:24.543+0900][142.102s][info][gc,phases   ] GC(82)   Evacuate Collection Set: 2.3ms
[2025-08-12T22:06:24.543+0900][142.102s][info][gc,phases   ] GC(82)   Post Evacuate Collection Set: 0.3ms
[2025-08-12T22:06:24.543+0900][142.102s][info][gc,phases   ] GC(82)   Other: 0.8ms
[2025-08-12T22:06:24.543+0900][142.102s][info][gc,heap     ] GC(82) Eden regions: 21->0(21)
[2025-08-12T22:06:24.543+0900][142.102s][info][gc,heap     ] GC(82) Survivor regions: 1->1(3)
[2025-08-12T22:06:24.543+0900][142.102s][info][gc,heap     ] GC(82) Old regions: 21->21
[2025-08-12T22:06:24.543+0900][142.102s][info][gc,heap     ] GC(82) Archive regions: 2->2
[2025-08-12T22:06:24.543+0900][142.102s][info][gc,heap     ] GC(82) Humongous regions: 0->0
[2025-08-12T22:06:24.543+0900][142.102s][info][gc,metaspace] GC(82) Metaspace: 93674K(94272K)->93674K(94272K) NonClass: 79641K(79936K)->79641K(79936K) Class: 14033K(14336K)->14033K(14336K)
[2025-08-12T22:06:24.544+0900][142.102s][info][gc          ] GC(82) Pause Young (Normal) (G1 Evacuation Pause) 172M->89M(212M) 3.656ms
[2025-08-12T22:06:24.544+0900][142.102s][info][gc,cpu      ] GC(82) User=0.01s Sys=0.00s Real=0.00s
[2025-08-12T22:06:25.634+0900][143.193s][info][gc,start    ] GC(83) Pause Young (Normal) (G1 Evacuation Pause)
[2025-08-12T22:06:25.634+0900][143.193s][info][gc,task     ] GC(83) Using 8 workers of 8 for evacuation
[2025-08-12T22:06:25.636+0900][143.195s][info][gc,phases   ] GC(83)   Pre Evacuate Collection Set: 0.1ms
[2025-08-12T22:06:25.636+0900][143.195s][info][gc,phases   ] GC(83)   Merge Heap Roots: 0.1ms
[2025-08-12T22:06:25.636+0900][143.195s][info][gc,phases   ] GC(83)   Evacuate Collection Set: 1.4ms
[2025-08-12T22:06:25.636+0900][143.195s][info][gc,phases   ] GC(83)   Post Evacuate Collection Set: 0.2ms
[2025-08-12T22:06:25.636+0900][143.195s][info][gc,phases   ] GC(83)   Other: 0.1ms
[2025-08-12T22:06:25.636+0900][143.195s][info][gc,heap     ] GC(83) Eden regions: 21->0(21)
[2025-08-12T22:06:25.636+0900][143.195s][info][gc,heap     ] GC(83) Survivor regions: 1->1(3)
[2025-08-12T22:06:25.636+0900][143.195s][info][gc,heap     ] GC(83) Old regions: 21->21
[2025-08-12T22:06:25.636+0900][143.195s][info][gc,heap     ] GC(83) Archive regions: 2->2
[2025-08-12T22:06:25.636+0900][143.195s][info][gc,heap     ] GC(83) Humongous regions: 0->0
[2025-08-12T22:06:25.636+0900][143.195s][info][gc,metaspace] GC(83) Metaspace: 93674K(94272K)->93674K(94272K) NonClass: 79641K(79936K)->79641K(79936K) Class: 14033K(14336K)->14033K(14336K)
[2025-08-12T22:06:25.636+0900][143.195s][info][gc          ] GC(83) Pause Young (Normal) (G1 Evacuation Pause) 173M->89M(212M) 1.872ms
[2025-08-12T22:06:25.636+0900][143.195s][info][gc,cpu      ] GC(83) User=0.01s Sys=0.01s Real=0.00s
[2025-08-12T22:06:26.703+0900][144.262s][info][gc,start    ] GC(84) Pause Young (Normal) (G1 Evacuation Pause)
[2025-08-12T22:06:26.703+0900][144.262s][info][gc,task     ] GC(84) Using 8 workers of 8 for evacuation
[2025-08-12T22:06:26.706+0900][144.265s][info][gc,phases   ] GC(84)   Pre Evacuate Collection Set: 0.1ms
[2025-08-12T22:06:26.706+0900][144.265s][info][gc,phases   ] GC(84)   Merge Heap Roots: 0.1ms
[2025-08-12T22:06:26.706+0900][144.265s][info][gc,phases   ] GC(84)   Evacuate Collection Set: 1.8ms
[2025-08-12T22:06:26.706+0900][144.265s][info][gc,phases   ] GC(84)   Post Evacuate Collection Set: 0.2ms
[2025-08-12T22:06:26.706+0900][144.265s][info][gc,phases   ] GC(84)   Other: 0.1ms
[2025-08-12T22:06:26.706+0900][144.265s][info][gc,heap     ] GC(84) Eden regions: 21->0(21)
[2025-08-12T22:06:26.706+0900][144.265s][info][gc,heap     ] GC(84) Survivor regions: 1->1(3)
[2025-08-12T22:06:26.706+0900][144.265s][info][gc,heap     ] GC(84) Old regions: 21->21
[2025-08-12T22:06:26.706+0900][144.265s][info][gc,heap     ] GC(84) Archive regions: 2->2
[2025-08-12T22:06:26.706+0900][144.265s][info][gc,heap     ] GC(84) Humongous regions: 0->0
[2025-08-12T22:06:26.706+0900][144.265s][info][gc,metaspace] GC(84) Metaspace: 93674K(94272K)->93674K(94272K) NonClass: 79641K(79936K)->79641K(79936K) Class: 14033K(14336K)->14033K(14336K)
[2025-08-12T22:06:26.706+0900][144.265s][info][gc          ] GC(84) Pause Young (Normal) (G1 Evacuation Pause) 173M->89M(212M) 2.292ms
[2025-08-12T22:06:26.706+0900][144.265s][info][gc,cpu      ] GC(84) User=0.01s Sys=0.00s Real=0.00s
[2025-08-12T22:06:27.853+0900][145.412s][info][gc,start    ] GC(85) Pause Young (Normal) (G1 Evacuation Pause)
[2025-08-12T22:06:27.853+0900][145.412s][info][gc,task     ] GC(85) Using 8 workers of 8 for evacuation
[2025-08-12T22:06:27.858+0900][145.417s][info][gc,phases   ] GC(85)   Pre Evacuate Collection Set: 0.2ms
[2025-08-12T22:06:27.858+0900][145.417s][info][gc,phases   ] GC(85)   Merge Heap Roots: 0.1ms
[2025-08-12T22:06:27.858+0900][145.417s][info][gc,phases   ] GC(85)   Evacuate Collection Set: 3.9ms
[2025-08-12T22:06:27.858+0900][145.417s][info][gc,phases   ] GC(85)   Post Evacuate Collection Set: 0.3ms
[2025-08-12T22:06:27.858+0900][145.417s][info][gc,phases   ] GC(85)   Other: 0.3ms
[2025-08-12T22:06:27.858+0900][145.417s][info][gc,heap     ] GC(85) Eden regions: 21->0(21)
[2025-08-12T22:06:27.858+0900][145.417s][info][gc,heap     ] GC(85) Survivor regions: 1->1(3)
[2025-08-12T22:06:27.858+0900][145.417s][info][gc,heap     ] GC(85) Old regions: 21->21
[2025-08-12T22:06:27.858+0900][145.417s][info][gc,heap     ] GC(85) Archive regions: 2->2
[2025-08-12T22:06:27.858+0900][145.417s][info][gc,heap     ] GC(85) Humongous regions: 0->0
[2025-08-12T22:06:27.858+0900][145.417s][info][gc,metaspace] GC(85) Metaspace: 93674K(94272K)->93674K(94272K) NonClass: 79641K(79936K)->79641K(79936K) Class: 14033K(14336K)->14033K(14336K)
[2025-08-12T22:06:27.858+0900][145.417s][info][gc          ] GC(85) Pause Young (Normal) (G1 Evacuation Pause) 173M->89M(212M) 4.766ms
[2025-08-12T22:06:27.858+0900][145.417s][info][gc,cpu      ] GC(85) User=0.01s Sys=0.00s Real=0.00s
[2025-08-12T22:06:28.994+0900][146.553s][info][gc,start    ] GC(86) Pause Young (Normal) (G1 Evacuation Pause)
[2025-08-12T22:06:28.994+0900][146.553s][info][gc,task     ] GC(86) Using 8 workers of 8 for evacuation
[2025-08-12T22:06:28.997+0900][146.556s][info][gc,phases   ] GC(86)   Pre Evacuate Collection Set: 0.1ms
[2025-08-12T22:06:28.997+0900][146.556s][info][gc,phases   ] GC(86)   Merge Heap Roots: 0.1ms
[2025-08-12T22:06:28.997+0900][146.556s][info][gc,phases   ] GC(86)   Evacuate Collection Set: 2.0ms
[2025-08-12T22:06:28.997+0900][146.556s][info][gc,phases   ] GC(86)   Post Evacuate Collection Set: 0.2ms
[2025-08-12T22:06:28.997+0900][146.556s][info][gc,phases   ] GC(86)   Other: 0.1ms
[2025-08-12T22:06:28.997+0900][146.556s][info][gc,heap     ] GC(86) Eden regions: 21->0(21)
[2025-08-12T22:06:28.997+0900][146.556s][info][gc,heap     ] GC(86) Survivor regions: 1->1(3)
[2025-08-12T22:06:28.997+0900][146.556s][info][gc,heap     ] GC(86) Old regions: 21->21
[2025-08-12T22:06:28.997+0900][146.556s][info][gc,heap     ] GC(86) Archive regions: 2->2
[2025-08-12T22:06:28.997+0900][146.556s][info][gc,heap     ] GC(86) Humongous regions: 0->0
[2025-08-12T22:06:28.997+0900][146.556s][info][gc,metaspace] GC(86) Metaspace: 93674K(94272K)->93674K(94272K) NonClass: 79641K(79936K)->79641K(79936K) Class: 14033K(14336K)->14033K(14336K)
[2025-08-12T22:06:28.997+0900][146.556s][info][gc          ] GC(86) Pause Young (Normal) (G1 Evacuation Pause) 173M->89M(212M) 2.489ms
[2025-08-12T22:06:28.997+0900][146.556s][info][gc,cpu      ] GC(86) User=0.01s Sys=0.00s Real=0.00s
[2025-08-12T22:06:30.072+0900][147.631s][info][gc,start    ] GC(87) Pause Young (Normal) (G1 Evacuation Pause)
[2025-08-12T22:06:30.072+0900][147.631s][info][gc,task     ] GC(87) Using 8 workers of 8 for evacuation
[2025-08-12T22:06:30.074+0900][147.633s][info][gc,phases   ] GC(87)   Pre Evacuate Collection Set: 0.1ms
[2025-08-12T22:06:30.074+0900][147.633s][info][gc,phases   ] GC(87)   Merge Heap Roots: 0.1ms
[2025-08-12T22:06:30.074+0900][147.633s][info][gc,phases   ] GC(87)   Evacuate Collection Set: 2.1ms
[2025-08-12T22:06:30.074+0900][147.633s][info][gc,phases   ] GC(87)   Post Evacuate Collection Set: 0.2ms
[2025-08-12T22:06:30.074+0900][147.633s][info][gc,phases   ] GC(87)   Other: 0.1ms
[2025-08-12T22:06:30.074+0900][147.633s][info][gc,heap     ] GC(87) Eden regions: 21->0(21)
[2025-08-12T22:06:30.074+0900][147.633s][info][gc,heap     ] GC(87) Survivor regions: 1->1(3)
[2025-08-12T22:06:30.074+0900][147.633s][info][gc,heap     ] GC(87) Old regions: 21->21
[2025-08-12T22:06:30.074+0900][147.633s][info][gc,heap     ] GC(87) Archive regions: 2->2
[2025-08-12T22:06:30.074+0900][147.633s][info][gc,heap     ] GC(87) Humongous regions: 0->0
[2025-08-12T22:06:30.074+0900][147.633s][info][gc,metaspace] GC(87) Metaspace: 93674K(94272K)->93674K(94272K) NonClass: 79641K(79936K)->79641K(79936K) Class: 14033K(14336K)->14033K(14336K)
[2025-08-12T22:06:30.074+0900][147.633s][info][gc          ] GC(87) Pause Young (Normal) (G1 Evacuation Pause) 173M->89M(212M) 2.645ms
[2025-08-12T22:06:30.074+0900][147.633s][info][gc,cpu      ] GC(87) User=0.01s Sys=0.00s Real=0.00s
[2025-08-12T22:06:31.171+0900][148.730s][info][gc,start    ] GC(88) Pause Young (Normal) (G1 Evacuation Pause)
[2025-08-12T22:06:31.171+0900][148.730s][info][gc,task     ] GC(88) Using 8 workers of 8 for evacuation
[2025-08-12T22:06:31.173+0900][148.732s][info][gc,phases   ] GC(88)   Pre Evacuate Collection Set: 0.1ms
[2025-08-12T22:06:31.173+0900][148.732s][info][gc,phases   ] GC(88)   Merge Heap Roots: 0.1ms
[2025-08-12T22:06:31.173+0900][148.732s][info][gc,phases   ] GC(88)   Evacuate Collection Set: 1.6ms
[2025-08-12T22:06:31.173+0900][148.732s][info][gc,phases   ] GC(88)   Post Evacuate Collection Set: 0.3ms
[2025-08-12T22:06:31.173+0900][148.732s][info][gc,phases   ] GC(88)   Other: 0.1ms
[2025-08-12T22:06:31.173+0900][148.732s][info][gc,heap     ] GC(88) Eden regions: 21->0(21)
[2025-08-12T22:06:31.173+0900][148.732s][info][gc,heap     ] GC(88) Survivor regions: 1->1(3)
[2025-08-12T22:06:31.173+0900][148.732s][info][gc,heap     ] GC(88) Old regions: 21->21
[2025-08-12T22:06:31.173+0900][148.732s][info][gc,heap     ] GC(88) Archive regions: 2->2
[2025-08-12T22:06:31.173+0900][148.732s][info][gc,heap     ] GC(88) Humongous regions: 0->0
[2025-08-12T22:06:31.173+0900][148.732s][info][gc,metaspace] GC(88) Metaspace: 93674K(94272K)->93674K(94272K) NonClass: 79641K(79936K)->79641K(79936K) Class: 14033K(14336K)->14033K(14336K)
[2025-08-12T22:06:31.174+0900][148.732s][info][gc          ] GC(88) Pause Young (Normal) (G1 Evacuation Pause) 173M->89M(212M) 2.227ms
[2025-08-12T22:06:31.174+0900][148.732s][info][gc,cpu      ] GC(88) User=0.01s Sys=0.00s Real=0.00s
[2025-08-12T22:06:32.258+0900][149.817s][info][gc,start    ] GC(89) Pause Young (Normal) (G1 Evacuation Pause)
[2025-08-12T22:06:32.258+0900][149.817s][info][gc,task     ] GC(89) Using 8 workers of 8 for evacuation
[2025-08-12T22:06:32.260+0900][149.819s][info][gc,phases   ] GC(89)   Pre Evacuate Collection Set: 0.1ms
[2025-08-12T22:06:32.261+0900][149.819s][info][gc,phases   ] GC(89)   Merge Heap Roots: 0.1ms
[2025-08-12T22:06:32.261+0900][149.819s][info][gc,phases   ] GC(89)   Evacuate Collection Set: 1.6ms
[2025-08-12T22:06:32.261+0900][149.819s][info][gc,phases   ] GC(89)   Post Evacuate Collection Set: 0.2ms
[2025-08-12T22:06:32.261+0900][149.820s][info][gc,phases   ] GC(89)   Other: 0.1ms
[2025-08-12T22:06:32.261+0900][149.820s][info][gc,heap     ] GC(89) Eden regions: 21->0(21)
[2025-08-12T22:06:32.261+0900][149.820s][info][gc,heap     ] GC(89) Survivor regions: 1->1(3)
[2025-08-12T22:06:32.261+0900][149.820s][info][gc,heap     ] GC(89) Old regions: 21->21
[2025-08-12T22:06:32.261+0900][149.820s][info][gc,heap     ] GC(89) Archive regions: 2->2
[2025-08-12T22:06:32.261+0900][149.820s][info][gc,heap     ] GC(89) Humongous regions: 0->0
[2025-08-12T22:06:32.261+0900][149.820s][info][gc,metaspace] GC(89) Metaspace: 93674K(94272K)->93674K(94272K) NonClass: 79641K(79936K)->79641K(79936K) Class: 14033K(14336K)->14033K(14336K)
[2025-08-12T22:06:32.261+0900][149.820s][info][gc          ] GC(89) Pause Young (Normal) (G1 Evacuation Pause) 173M->89M(212M) 2.133ms
[2025-08-12T22:06:32.261+0900][149.820s][info][gc,cpu      ] GC(89) User=0.01s Sys=0.00s Real=0.01s
[2025-08-12T22:06:33.759+0900][151.318s][info][gc,start    ] GC(90) Pause Young (Normal) (G1 Evacuation Pause)
[2025-08-12T22:06:33.759+0900][151.318s][info][gc,task     ] GC(90) Using 8 workers of 8 for evacuation
[2025-08-12T22:06:33.761+0900][151.320s][info][gc,phases   ] GC(90)   Pre Evacuate Collection Set: 0.1ms
[2025-08-12T22:06:33.761+0900][151.320s][info][gc,phases   ] GC(90)   Merge Heap Roots: 0.1ms
[2025-08-12T22:06:33.761+0900][151.320s][info][gc,phases   ] GC(90)   Evacuate Collection Set: 1.3ms
[2025-08-12T22:06:33.761+0900][151.320s][info][gc,phases   ] GC(90)   Post Evacuate Collection Set: 0.2ms
[2025-08-12T22:06:33.761+0900][151.320s][info][gc,phases   ] GC(90)   Other: 0.2ms
[2025-08-12T22:06:33.761+0900][151.320s][info][gc,heap     ] GC(90) Eden regions: 21->0(21)
[2025-08-12T22:06:33.761+0900][151.320s][info][gc,heap     ] GC(90) Survivor regions: 1->1(3)
[2025-08-12T22:06:33.761+0900][151.320s][info][gc,heap     ] GC(90) Old regions: 21->21
[2025-08-12T22:06:33.761+0900][151.320s][info][gc,heap     ] GC(90) Archive regions: 2->2
[2025-08-12T22:06:33.761+0900][151.320s][info][gc,heap     ] GC(90) Humongous regions: 0->0
[2025-08-12T22:06:33.761+0900][151.320s][info][gc,metaspace] GC(90) Metaspace: 93674K(94272K)->93674K(94272K) NonClass: 79641K(79936K)->79641K(79936K) Class: 14033K(14336K)->14033K(14336K)
[2025-08-12T22:06:33.761+0900][151.320s][info][gc          ] GC(90) Pause Young (Normal) (G1 Evacuation Pause) 173M->89M(212M) 1.952ms
[2025-08-12T22:06:33.761+0900][151.320s][info][gc,cpu      ] GC(90) User=0.01s Sys=0.00s Real=0.01s
[2025-08-12T22:06:35.225+0900][152.784s][info][gc,start    ] GC(91) Pause Young (Normal) (G1 Evacuation Pause)
[2025-08-12T22:06:35.225+0900][152.784s][info][gc,task     ] GC(91) Using 8 workers of 8 for evacuation
[2025-08-12T22:06:35.230+0900][152.789s][info][gc,phases   ] GC(91)   Pre Evacuate Collection Set: 0.1ms
[2025-08-12T22:06:35.230+0900][152.789s][info][gc,phases   ] GC(91)   Merge Heap Roots: 0.1ms
[2025-08-12T22:06:35.230+0900][152.789s][info][gc,phases   ] GC(91)   Evacuate Collection Set: 4.0ms
[2025-08-12T22:06:35.230+0900][152.789s][info][gc,phases   ] GC(91)   Post Evacuate Collection Set: 0.2ms
[2025-08-12T22:06:35.230+0900][152.789s][info][gc,phases   ] GC(91)   Other: 0.4ms
[2025-08-12T22:06:35.230+0900][152.789s][info][gc,heap     ] GC(91) Eden regions: 21->0(21)
[2025-08-12T22:06:35.230+0900][152.789s][info][gc,heap     ] GC(91) Survivor regions: 1->1(3)
[2025-08-12T22:06:35.230+0900][152.789s][info][gc,heap     ] GC(91) Old regions: 21->21
[2025-08-12T22:06:35.230+0900][152.789s][info][gc,heap     ] GC(91) Archive regions: 2->2
[2025-08-12T22:06:35.230+0900][152.789s][info][gc,heap     ] GC(91) Humongous regions: 0->0
[2025-08-12T22:06:35.230+0900][152.789s][info][gc,metaspace] GC(91) Metaspace: 93674K(94272K)->93674K(94272K) NonClass: 79641K(79936K)->79641K(79936K) Class: 14033K(14336K)->14033K(14336K)
[2025-08-12T22:06:35.230+0900][152.789s][info][gc          ] GC(91) Pause Young (Normal) (G1 Evacuation Pause) 173M->88M(212M) 4.983ms
[2025-08-12T22:06:35.230+0900][152.789s][info][gc,cpu      ] GC(91) User=0.02s Sys=0.00s Real=0.01s
[2025-08-12T22:08:48.925+0900][286.485s][info][gc,start    ] GC(92) Pause Young (Normal) (G1 Evacuation Pause)
[2025-08-12T22:08:48.925+0900][286.486s][info][gc,task     ] GC(92) Using 8 workers of 8 for evacuation
[2025-08-12T22:08:48.930+0900][286.490s][info][gc,phases   ] GC(92)   Pre Evacuate Collection Set: 0.2ms
[2025-08-12T22:08:48.930+0900][286.491s][info][gc,phases   ] GC(92)   Merge Heap Roots: 0.1ms
[2025-08-12T22:08:48.930+0900][286.491s][info][gc,phases   ] GC(92)   Evacuate Collection Set: 4.2ms
[2025-08-12T22:08:48.930+0900][286.491s][info][gc,phases   ] GC(92)   Post Evacuate Collection Set: 0.3ms
[2025-08-12T22:08:48.930+0900][286.491s][info][gc,phases   ] GC(92)   Other: 0.4ms
[2025-08-12T22:08:48.930+0900][286.491s][info][gc,heap     ] GC(92) Eden regions: 21->0(19)
[2025-08-12T22:08:48.930+0900][286.491s][info][gc,heap     ] GC(92) Survivor regions: 1->2(3)
[2025-08-12T22:08:48.930+0900][286.491s][info][gc,heap     ] GC(92) Old regions: 21->21
[2025-08-12T22:08:48.930+0900][286.491s][info][gc,heap     ] GC(92) Archive regions: 2->2
[2025-08-12T22:08:48.930+0900][286.491s][info][gc,heap     ] GC(92) Humongous regions: 0->0
[2025-08-12T22:08:48.930+0900][286.491s][info][gc,metaspace] GC(92) Metaspace: 93674K(94272K)->93674K(94272K) NonClass: 79641K(79936K)->79641K(79936K) Class: 14033K(14336K)->14033K(14336K)
[2025-08-12T22:08:48.930+0900][286.491s][info][gc          ] GC(92) Pause Young (Normal) (G1 Evacuation Pause) 172M->92M(212M) 5.361ms
[2025-08-12T22:08:48.930+0900][286.491s][info][gc,cpu      ] GC(92) User=0.01s Sys=0.01s Real=0.01s
[2025-08-12T22:08:55.782+0900][293.343s][info][gc,start    ] GC(93) Pause Young (Normal) (G1 Evacuation Pause)
[2025-08-12T22:08:55.783+0900][293.343s][info][gc,task     ] GC(93) Using 8 workers of 8 for evacuation
[2025-08-12T22:08:55.788+0900][293.349s][info][gc,phases   ] GC(93)   Pre Evacuate Collection Set: 0.2ms
[2025-08-12T22:08:55.788+0900][293.349s][info][gc,phases   ] GC(93)   Merge Heap Roots: 0.2ms
[2025-08-12T22:08:55.788+0900][293.349s][info][gc,phases   ] GC(93)   Evacuate Collection Set: 4.1ms
[2025-08-12T22:08:55.788+0900][293.349s][info][gc,phases   ] GC(93)   Post Evacuate Collection Set: 0.6ms
[2025-08-12T22:08:55.788+0900][293.349s][info][gc,phases   ] GC(93)   Other: 0.9ms
[2025-08-12T22:08:55.788+0900][293.349s][info][gc,heap     ] GC(93) Eden regions: 19->0(19)
[2025-08-12T22:08:55.788+0900][293.349s][info][gc,heap     ] GC(93) Survivor regions: 2->2(3)
[2025-08-12T22:08:55.788+0900][293.349s][info][gc,heap     ] GC(93) Old regions: 21->21
[2025-08-12T22:08:55.788+0900][293.349s][info][gc,heap     ] GC(93) Archive regions: 2->2
[2025-08-12T22:08:55.788+0900][293.349s][info][gc,heap     ] GC(93) Humongous regions: 0->0
[2025-08-12T22:08:55.788+0900][293.349s][info][gc,metaspace] GC(93) Metaspace: 93674K(94272K)->93674K(94272K) NonClass: 79641K(79936K)->79641K(79936K) Class: 14033K(14336K)->14033K(14336K)
[2025-08-12T22:08:55.789+0900][293.349s][info][gc          ] GC(93) Pause Young (Normal) (G1 Evacuation Pause) 168M->93M(212M) 6.243ms
[2025-08-12T22:08:55.789+0900][293.349s][info][gc,cpu      ] GC(93) User=0.01s Sys=0.00s Real=0.00s
[2025-08-12T22:09:01.816+0900][299.377s][info][gc,start    ] GC(94) Pause Young (Normal) (G1 Evacuation Pause)
[2025-08-12T22:09:01.816+0900][299.377s][info][gc,task     ] GC(94) Using 8 workers of 8 for evacuation
[2025-08-12T22:09:01.819+0900][299.379s][info][gc,phases   ] GC(94)   Pre Evacuate Collection Set: 0.1ms
[2025-08-12T22:09:01.819+0900][299.379s][info][gc,phases   ] GC(94)   Merge Heap Roots: 0.1ms
[2025-08-12T22:09:01.819+0900][299.379s][info][gc,phases   ] GC(94)   Evacuate Collection Set: 2.2ms
[2025-08-12T22:09:01.819+0900][299.379s][info][gc,phases   ] GC(94)   Post Evacuate Collection Set: 0.2ms
[2025-08-12T22:09:01.819+0900][299.379s][info][gc,phases   ] GC(94)   Other: 0.2ms
[2025-08-12T22:09:01.819+0900][299.379s][info][gc,heap     ] GC(94) Eden regions: 19->0(18)
[2025-08-12T22:09:01.819+0900][299.379s][info][gc,heap     ] GC(94) Survivor regions: 2->2(3)
[2025-08-12T22:09:01.819+0900][299.379s][info][gc,heap     ] GC(94) Old regions: 21->22
[2025-08-12T22:09:01.819+0900][299.379s][info][gc,heap     ] GC(94) Archive regions: 2->2
[2025-08-12T22:09:01.819+0900][299.379s][info][gc,heap     ] GC(94) Humongous regions: 0->0
[2025-08-12T22:09:01.819+0900][299.379s][info][gc,metaspace] GC(94) Metaspace: 93674K(94272K)->93674K(94272K) NonClass: 79641K(79936K)->79641K(79936K) Class: 14033K(14336K)->14033K(14336K)
[2025-08-12T22:09:01.819+0900][299.379s][info][gc          ] GC(94) Pause Young (Normal) (G1 Evacuation Pause) 169M->95M(212M) 2.875ms
[2025-08-12T22:09:01.819+0900][299.379s][info][gc,cpu      ] GC(94) User=0.01s Sys=0.01s Real=0.00s
[2025-08-12T22:09:03.279+0900][300.839s][info][gc,start    ] GC(95) Pause Young (Normal) (G1 Evacuation Pause)
[2025-08-12T22:09:03.279+0900][300.839s][info][gc,task     ] GC(95) Using 8 workers of 8 for evacuation
[2025-08-12T22:09:03.284+0900][300.845s][info][gc,phases   ] GC(95)   Pre Evacuate Collection Set: 0.1ms
[2025-08-12T22:09:03.284+0900][300.845s][info][gc,phases   ] GC(95)   Merge Heap Roots: 0.1ms
[2025-08-12T22:09:03.284+0900][300.845s][info][gc,phases   ] GC(95)   Evacuate Collection Set: 4.5ms
[2025-08-12T22:09:03.284+0900][300.845s][info][gc,phases   ] GC(95)   Post Evacuate Collection Set: 0.5ms
[2025-08-12T22:09:03.284+0900][300.845s][info][gc,phases   ] GC(95)   Other: 0.2ms
[2025-08-12T22:09:03.284+0900][300.845s][info][gc,heap     ] GC(95) Eden regions: 18->0(19)
[2025-08-12T22:09:03.284+0900][300.845s][info][gc,heap     ] GC(95) Survivor regions: 2->1(3)
[2025-08-12T22:09:03.285+0900][300.845s][info][gc,heap     ] GC(95) Old regions: 22->22
[2025-08-12T22:09:03.285+0900][300.845s][info][gc,heap     ] GC(95) Archive regions: 2->2
[2025-08-12T22:09:03.285+0900][300.845s][info][gc,heap     ] GC(95) Humongous regions: 0->0
[2025-08-12T22:09:03.285+0900][300.845s][info][gc,metaspace] GC(95) Metaspace: 93674K(94272K)->93674K(94272K) NonClass: 79641K(79936K)->79641K(79936K) Class: 14033K(14336K)->14033K(14336K)
[2025-08-12T22:09:03.285+0900][300.845s][info][gc          ] GC(95) Pause Young (Normal) (G1 Evacuation Pause) 167M->94M(212M) 5.733ms
[2025-08-12T22:09:03.285+0900][300.845s][info][gc,cpu      ] GC(95) User=0.01s Sys=0.00s Real=0.01s
[2025-08-12T22:09:04.665+0900][302.225s][info][gc,start    ] GC(96) Pause Young (Normal) (G1 Evacuation Pause)
[2025-08-12T22:09:04.665+0900][302.225s][info][gc,task     ] GC(96) Using 8 workers of 8 for evacuation
[2025-08-12T22:09:04.671+0900][302.232s][info][gc,phases   ] GC(96)   Pre Evacuate Collection Set: 0.1ms
[2025-08-12T22:09:04.671+0900][302.232s][info][gc,phases   ] GC(96)   Merge Heap Roots: 0.1ms
[2025-08-12T22:09:04.671+0900][302.232s][info][gc,phases   ] GC(96)   Evacuate Collection Set: 5.9ms
[2025-08-12T22:09:04.671+0900][302.232s][info][gc,phases   ] GC(96)   Post Evacuate Collection Set: 0.4ms
[2025-08-12T22:09:04.671+0900][302.232s][info][gc,phases   ] GC(96)   Other: 0.2ms
[2025-08-12T22:09:04.672+0900][302.232s][info][gc,heap     ] GC(96) Eden regions: 19->0(19)
[2025-08-12T22:09:04.672+0900][302.232s][info][gc,heap     ] GC(96) Survivor regions: 1->2(3)
[2025-08-12T22:09:04.672+0900][302.232s][info][gc,heap     ] GC(96) Old regions: 22->22
[2025-08-12T22:09:04.672+0900][302.232s][info][gc,heap     ] GC(96) Archive regions: 2->2
[2025-08-12T22:09:04.672+0900][302.232s][info][gc,heap     ] GC(96) Humongous regions: 0->0
[2025-08-12T22:09:04.672+0900][302.232s][info][gc,metaspace] GC(96) Metaspace: 93674K(94272K)->93674K(94272K) NonClass: 79641K(79936K)->79641K(79936K) Class: 14033K(14336K)->14033K(14336K)
[2025-08-12T22:09:04.672+0900][302.232s][info][gc          ] GC(96) Pause Young (Normal) (G1 Evacuation Pause) 170M->94M(212M) 6.976ms
[2025-08-12T22:09:04.672+0900][302.232s][info][gc,cpu      ] GC(96) User=0.02s Sys=0.00s Real=0.01s
[2025-08-12T22:09:06.189+0900][303.750s][info][gc,start    ] GC(97) Pause Young (Normal) (G1 Evacuation Pause)
[2025-08-12T22:09:06.189+0900][303.750s][info][gc,task     ] GC(97) Using 8 workers of 8 for evacuation
[2025-08-12T22:09:06.206+0900][303.766s][info][gc,phases   ] GC(97)   Pre Evacuate Collection Set: 0.1ms
[2025-08-12T22:09:06.206+0900][303.766s][info][gc,phases   ] GC(97)   Merge Heap Roots: 0.1ms
[2025-08-12T22:09:06.206+0900][303.766s][info][gc,phases   ] GC(97)   Evacuate Collection Set: 15.4ms
[2025-08-12T22:09:06.206+0900][303.766s][info][gc,phases   ] GC(97)   Post Evacuate Collection Set: 0.3ms
[2025-08-12T22:09:06.206+0900][303.766s][info][gc,phases   ] GC(97)   Other: 0.2ms
[2025-08-12T22:09:06.206+0900][303.766s][info][gc,heap     ] GC(97) Eden regions: 19->0(19)
[2025-08-12T22:09:06.206+0900][303.766s][info][gc,heap     ] GC(97) Survivor regions: 2->2(3)
[2025-08-12T22:09:06.206+0900][303.766s][info][gc,heap     ] GC(97) Old regions: 22->22
[2025-08-12T22:09:06.206+0900][303.766s][info][gc,heap     ] GC(97) Archive regions: 2->2
[2025-08-12T22:09:06.206+0900][303.766s][info][gc,heap     ] GC(97) Humongous regions: 0->0
[2025-08-12T22:09:06.206+0900][303.766s][info][gc,metaspace] GC(97) Metaspace: 93678K(94272K)->93678K(94272K) NonClass: 79644K(79936K)->79644K(79936K) Class: 14033K(14336K)->14033K(14336K)
[2025-08-12T22:09:06.206+0900][303.766s][info][gc          ] GC(97) Pause Young (Normal) (G1 Evacuation Pause) 170M->94M(212M) 16.312ms
[2025-08-12T22:09:06.206+0900][303.766s][info][gc,cpu      ] GC(97) User=0.02s Sys=0.00s Real=0.02s
[2025-08-12T22:09:07.527+0900][305.087s][info][gc,start    ] GC(98) Pause Young (Normal) (G1 Evacuation Pause)
[2025-08-12T22:09:07.527+0900][305.087s][info][gc,task     ] GC(98) Using 8 workers of 8 for evacuation
[2025-08-12T22:09:07.535+0900][305.096s][info][gc,phases   ] GC(98)   Pre Evacuate Collection Set: 0.1ms
[2025-08-12T22:09:07.535+0900][305.096s][info][gc,phases   ] GC(98)   Merge Heap Roots: 0.1ms
[2025-08-12T22:09:07.535+0900][305.096s][info][gc,phases   ] GC(98)   Evacuate Collection Set: 7.6ms
[2025-08-12T22:09:07.535+0900][305.096s][info][gc,phases   ] GC(98)   Post Evacuate Collection Set: 0.4ms
[2025-08-12T22:09:07.535+0900][305.096s][info][gc,phases   ] GC(98)   Other: 0.2ms
[2025-08-12T22:09:07.535+0900][305.096s][info][gc,heap     ] GC(98) Eden regions: 19->0(19)
[2025-08-12T22:09:07.535+0900][305.096s][info][gc,heap     ] GC(98) Survivor regions: 2->2(3)
[2025-08-12T22:09:07.535+0900][305.096s][info][gc,heap     ] GC(98) Old regions: 22->22
[2025-08-12T22:09:07.535+0900][305.096s][info][gc,heap     ] GC(98) Archive regions: 2->2
[2025-08-12T22:09:07.535+0900][305.096s][info][gc,heap     ] GC(98) Humongous regions: 0->0
[2025-08-12T22:09:07.535+0900][305.096s][info][gc,metaspace] GC(98) Metaspace: 93678K(94272K)->93678K(94272K) NonClass: 79644K(79936K)->79644K(79936K) Class: 14033K(14336K)->14033K(14336K)
[2025-08-12T22:09:07.535+0900][305.096s][info][gc          ] GC(98) Pause Young (Normal) (G1 Evacuation Pause) 170M->95M(212M) 8.491ms
[2025-08-12T22:09:07.535+0900][305.096s][info][gc,cpu      ] GC(98) User=0.03s Sys=0.00s Real=0.01s
[2025-08-12T22:09:08.942+0900][306.503s][info][gc,start    ] GC(99) Pause Young (Normal) (G1 Evacuation Pause)
[2025-08-12T22:09:08.942+0900][306.503s][info][gc,task     ] GC(99) Using 8 workers of 8 for evacuation
[2025-08-12T22:09:08.952+0900][306.512s][info][gc,phases   ] GC(99)   Pre Evacuate Collection Set: 0.1ms
[2025-08-12T22:09:08.952+0900][306.512s][info][gc,phases   ] GC(99)   Merge Heap Roots: 0.1ms
[2025-08-12T22:09:08.952+0900][306.512s][info][gc,phases   ] GC(99)   Evacuate Collection Set: 8.6ms
[2025-08-12T22:09:08.952+0900][306.512s][info][gc,phases   ] GC(99)   Post Evacuate Collection Set: 0.5ms
[2025-08-12T22:09:08.952+0900][306.512s][info][gc,phases   ] GC(99)   Other: 0.2ms
[2025-08-12T22:09:08.952+0900][306.513s][info][gc,heap     ] GC(99) Eden regions: 19->0(19)
[2025-08-12T22:09:08.952+0900][306.513s][info][gc,heap     ] GC(99) Survivor regions: 2->2(3)
[2025-08-12T22:09:08.952+0900][306.513s][info][gc,heap     ] GC(99) Old regions: 22->22
[2025-08-12T22:09:08.952+0900][306.513s][info][gc,heap     ] GC(99) Archive regions: 2->2
[2025-08-12T22:09:08.952+0900][306.513s][info][gc,heap     ] GC(99) Humongous regions: 0->0
[2025-08-12T22:09:08.952+0900][306.513s][info][gc,metaspace] GC(99) Metaspace: 93678K(94272K)->93678K(94272K) NonClass: 79644K(79936K)->79644K(79936K) Class: 14033K(14336K)->14033K(14336K)
[2025-08-12T22:09:08.952+0900][306.513s][info][gc          ] GC(99) Pause Young (Normal) (G1 Evacuation Pause) 171M->95M(212M) 9.974ms
[2025-08-12T22:09:08.952+0900][306.513s][info][gc,cpu      ] GC(99) User=0.04s Sys=0.01s Real=0.01s
[2025-08-12T22:09:10.130+0900][307.691s][info][gc,start    ] GC(100) Pause Young (Normal) (G1 Evacuation Pause)
[2025-08-12T22:09:10.130+0900][307.691s][info][gc,task     ] GC(100) Using 8 workers of 8 for evacuation
[2025-08-12T22:09:10.153+0900][307.713s][info][gc,phases   ] GC(100)   Pre Evacuate Collection Set: 0.3ms
[2025-08-12T22:09:10.153+0900][307.713s][info][gc,phases   ] GC(100)   Merge Heap Roots: 0.4ms
[2025-08-12T22:09:10.153+0900][307.713s][info][gc,phases   ] GC(100)   Evacuate Collection Set: 21.0ms
[2025-08-12T22:09:10.153+0900][307.713s][info][gc,phases   ] GC(100)   Post Evacuate Collection Set: 0.4ms
[2025-08-12T22:09:10.153+0900][307.713s][info][gc,phases   ] GC(100)   Other: 0.2ms
[2025-08-12T22:09:10.153+0900][307.713s][info][gc,heap     ] GC(100) Eden regions: 19->0(19)
[2025-08-12T22:09:10.153+0900][307.713s][info][gc,heap     ] GC(100) Survivor regions: 2->2(3)
[2025-08-12T22:09:10.153+0900][307.713s][info][gc,heap     ] GC(100) Old regions: 22->22
[2025-08-12T22:09:10.153+0900][307.713s][info][gc,heap     ] GC(100) Archive regions: 2->2
[2025-08-12T22:09:10.153+0900][307.713s][info][gc,heap     ] GC(100) Humongous regions: 0->0
[2025-08-12T22:09:10.153+0900][307.713s][info][gc,metaspace] GC(100) Metaspace: 93678K(94272K)->93678K(94272K) NonClass: 79644K(79936K)->79644K(79936K) Class: 14033K(14336K)->14033K(14336K)
[2025-08-12T22:09:10.153+0900][307.713s][info][gc          ] GC(100) Pause Young (Normal) (G1 Evacuation Pause) 171M->95M(212M) 22.327ms
[2025-08-12T22:09:10.153+0900][307.713s][info][gc,cpu      ] GC(100) User=0.03s Sys=0.00s Real=0.02s
[2025-08-12T22:09:11.324+0900][308.884s][info][gc,start    ] GC(101) Pause Young (Normal) (G1 Evacuation Pause)
[2025-08-12T22:09:11.324+0900][308.884s][info][gc,task     ] GC(101) Using 8 workers of 8 for evacuation
[2025-08-12T22:09:11.332+0900][308.893s][info][gc,phases   ] GC(101)   Pre Evacuate Collection Set: 0.2ms
[2025-08-12T22:09:11.332+0900][308.893s][info][gc,phases   ] GC(101)   Merge Heap Roots: 0.1ms
[2025-08-12T22:09:11.332+0900][308.893s][info][gc,phases   ] GC(101)   Evacuate Collection Set: 7.4ms
[2025-08-12T22:09:11.332+0900][308.893s][info][gc,phases   ] GC(101)   Post Evacuate Collection Set: 0.5ms
[2025-08-12T22:09:11.332+0900][308.893s][info][gc,phases   ] GC(101)   Other: 0.3ms
[2025-08-12T22:09:11.332+0900][308.893s][info][gc,heap     ] GC(101) Eden regions: 19->0(19)
[2025-08-12T22:09:11.332+0900][308.893s][info][gc,heap     ] GC(101) Survivor regions: 2->2(3)
[2025-08-12T22:09:11.332+0900][308.893s][info][gc,heap     ] GC(101) Old regions: 22->22
[2025-08-12T22:09:11.332+0900][308.893s][info][gc,heap     ] GC(101) Archive regions: 2->2
[2025-08-12T22:09:11.332+0900][308.893s][info][gc,heap     ] GC(101) Humongous regions: 0->0
[2025-08-12T22:09:11.332+0900][308.893s][info][gc,metaspace] GC(101) Metaspace: 93678K(94272K)->93678K(94272K) NonClass: 79644K(79936K)->79644K(79936K) Class: 14033K(14336K)->14033K(14336K)
[2025-08-12T22:09:11.333+0900][308.893s][info][gc          ] GC(101) Pause Young (Normal) (G1 Evacuation Pause) 171M->95M(212M) 8.650ms
[2025-08-12T22:09:11.333+0900][308.893s][info][gc,cpu      ] GC(101) User=0.03s Sys=0.00s Real=0.01s
[2025-08-12T22:09:12.656+0900][310.216s][info][gc,start    ] GC(102) Pause Young (Normal) (G1 Evacuation Pause)
[2025-08-12T22:09:12.656+0900][310.216s][info][gc,task     ] GC(102) Using 8 workers of 8 for evacuation
[2025-08-12T22:09:12.666+0900][310.226s][info][gc,phases   ] GC(102)   Pre Evacuate Collection Set: 0.2ms
[2025-08-12T22:09:12.666+0900][310.226s][info][gc,phases   ] GC(102)   Merge Heap Roots: 0.1ms
[2025-08-12T22:09:12.666+0900][310.226s][info][gc,phases   ] GC(102)   Evacuate Collection Set: 9.3ms
[2025-08-12T22:09:12.666+0900][310.226s][info][gc,phases   ] GC(102)   Post Evacuate Collection Set: 0.3ms
[2025-08-12T22:09:12.666+0900][310.226s][info][gc,phases   ] GC(102)   Other: 0.3ms
[2025-08-12T22:09:12.666+0900][310.226s][info][gc,heap     ] GC(102) Eden regions: 19->0(19)
[2025-08-12T22:09:12.666+0900][310.226s][info][gc,heap     ] GC(102) Survivor regions: 2->2(3)
[2025-08-12T22:09:12.666+0900][310.226s][info][gc,heap     ] GC(102) Old regions: 22->22
[2025-08-12T22:09:12.666+0900][310.226s][info][gc,heap     ] GC(102) Archive regions: 2->2
[2025-08-12T22:09:12.666+0900][310.226s][info][gc,heap     ] GC(102) Humongous regions: 0->0
[2025-08-12T22:09:12.666+0900][310.226s][info][gc,metaspace] GC(102) Metaspace: 93678K(94272K)->93678K(94272K) NonClass: 79644K(79936K)->79644K(79936K) Class: 14033K(14336K)->14033K(14336K)
[2025-08-12T22:09:12.666+0900][310.226s][info][gc          ] GC(102) Pause Young (Normal) (G1 Evacuation Pause) 171M->95M(212M) 10.144ms
[2025-08-12T22:09:12.666+0900][310.227s][info][gc,cpu      ] GC(102) User=0.02s Sys=0.00s Real=0.01s
[2025-08-12T22:09:14.016+0900][311.577s][info][gc,start    ] GC(103) Pause Young (Normal) (G1 Evacuation Pause)
[2025-08-12T22:09:14.016+0900][311.577s][info][gc,task     ] GC(103) Using 8 workers of 8 for evacuation
[2025-08-12T22:09:14.023+0900][311.583s][info][gc,phases   ] GC(103)   Pre Evacuate Collection Set: 0.3ms
[2025-08-12T22:09:14.023+0900][311.583s][info][gc,phases   ] GC(103)   Merge Heap Roots: 0.1ms
[2025-08-12T22:09:14.023+0900][311.583s][info][gc,phases   ] GC(103)   Evacuate Collection Set: 5.5ms
[2025-08-12T22:09:14.023+0900][311.583s][info][gc,phases   ] GC(103)   Post Evacuate Collection Set: 0.3ms
[2025-08-12T22:09:14.023+0900][311.583s][info][gc,phases   ] GC(103)   Other: 0.3ms
[2025-08-12T22:09:14.023+0900][311.583s][info][gc,heap     ] GC(103) Eden regions: 19->0(19)
[2025-08-12T22:09:14.023+0900][311.583s][info][gc,heap     ] GC(103) Survivor regions: 2->2(3)
[2025-08-12T22:09:14.023+0900][311.583s][info][gc,heap     ] GC(103) Old regions: 22->22
[2025-08-12T22:09:14.023+0900][311.583s][info][gc,heap     ] GC(103) Archive regions: 2->2
[2025-08-12T22:09:14.023+0900][311.583s][info][gc,heap     ] GC(103) Humongous regions: 0->0
[2025-08-12T22:09:14.023+0900][311.583s][info][gc,metaspace] GC(103) Metaspace: 93678K(94272K)->93678K(94272K) NonClass: 79644K(79936K)->79644K(79936K) Class: 14033K(14336K)->14033K(14336K)
[2025-08-12T22:09:14.023+0900][311.583s][info][gc          ] GC(103) Pause Young (Normal) (G1 Evacuation Pause) 171M->95M(212M) 6.586ms
[2025-08-12T22:09:14.023+0900][311.584s][info][gc,cpu      ] GC(103) User=0.02s Sys=0.00s Real=0.01s
[2025-08-12T22:09:15.411+0900][312.972s][info][gc,start    ] GC(104) Pause Young (Normal) (G1 Evacuation Pause)
[2025-08-12T22:09:15.412+0900][312.972s][info][gc,task     ] GC(104) Using 8 workers of 8 for evacuation
[2025-08-12T22:09:15.420+0900][312.981s][info][gc,phases   ] GC(104)   Pre Evacuate Collection Set: 0.3ms
[2025-08-12T22:09:15.421+0900][312.981s][info][gc,phases   ] GC(104)   Merge Heap Roots: 0.2ms
[2025-08-12T22:09:15.421+0900][312.981s][info][gc,phases   ] GC(104)   Evacuate Collection Set: 8.0ms
[2025-08-12T22:09:15.421+0900][312.981s][info][gc,phases   ] GC(104)   Post Evacuate Collection Set: 0.4ms
[2025-08-12T22:09:15.421+0900][312.981s][info][gc,phases   ] GC(104)   Other: 0.3ms
[2025-08-12T22:09:15.421+0900][312.981s][info][gc,heap     ] GC(104) Eden regions: 19->0(19)
[2025-08-12T22:09:15.421+0900][312.981s][info][gc,heap     ] GC(104) Survivor regions: 2->2(3)
[2025-08-12T22:09:15.421+0900][312.981s][info][gc,heap     ] GC(104) Old regions: 22->22
[2025-08-12T22:09:15.421+0900][312.981s][info][gc,heap     ] GC(104) Archive regions: 2->2
[2025-08-12T22:09:15.421+0900][312.981s][info][gc,heap     ] GC(104) Humongous regions: 0->0
[2025-08-12T22:09:15.421+0900][312.981s][info][gc,metaspace] GC(104) Metaspace: 93678K(94272K)->93678K(94272K) NonClass: 79644K(79936K)->79644K(79936K) Class: 14033K(14336K)->14033K(14336K)
[2025-08-12T22:09:15.421+0900][312.981s][info][gc          ] GC(104) Pause Young (Normal) (G1 Evacuation Pause) 171M->95M(212M) 9.371ms
[2025-08-12T22:09:15.421+0900][312.981s][info][gc,cpu      ] GC(104) User=0.03s Sys=0.01s Real=0.01s
[2025-08-12T22:09:16.713+0900][314.273s][info][gc,start    ] GC(105) Pause Young (Normal) (G1 Evacuation Pause)
[2025-08-12T22:09:16.713+0900][314.273s][info][gc,task     ] GC(105) Using 8 workers of 8 for evacuation
[2025-08-12T22:09:16.722+0900][314.282s][info][gc,phases   ] GC(105)   Pre Evacuate Collection Set: 0.2ms
[2025-08-12T22:09:16.722+0900][314.282s][info][gc,phases   ] GC(105)   Merge Heap Roots: 0.1ms
[2025-08-12T22:09:16.722+0900][314.282s][info][gc,phases   ] GC(105)   Evacuate Collection Set: 7.9ms
[2025-08-12T22:09:16.722+0900][314.282s][info][gc,phases   ] GC(105)   Post Evacuate Collection Set: 0.4ms
[2025-08-12T22:09:16.722+0900][314.282s][info][gc,phases   ] GC(105)   Other: 0.3ms
[2025-08-12T22:09:16.722+0900][314.282s][info][gc,heap     ] GC(105) Eden regions: 19->0(19)
[2025-08-12T22:09:16.722+0900][314.282s][info][gc,heap     ] GC(105) Survivor regions: 2->2(3)
[2025-08-12T22:09:16.722+0900][314.282s][info][gc,heap     ] GC(105) Old regions: 22->22
[2025-08-12T22:09:16.722+0900][314.282s][info][gc,heap     ] GC(105) Archive regions: 2->2
[2025-08-12T22:09:16.722+0900][314.282s][info][gc,heap     ] GC(105) Humongous regions: 0->0
[2025-08-12T22:09:16.722+0900][314.282s][info][gc,metaspace] GC(105) Metaspace: 93678K(94272K)->93678K(94272K) NonClass: 79644K(79936K)->79644K(79936K) Class: 14033K(14336K)->14033K(14336K)
[2025-08-12T22:09:16.722+0900][314.282s][info][gc          ] GC(105) Pause Young (Normal) (G1 Evacuation Pause) 171M->95M(212M) 9.149ms
[2025-08-12T22:09:16.722+0900][314.283s][info][gc,cpu      ] GC(105) User=0.03s Sys=0.00s Real=0.01s
[2025-08-12T22:09:18.018+0900][315.579s][info][gc,start    ] GC(106) Pause Young (Normal) (G1 Evacuation Pause)
[2025-08-12T22:09:18.018+0900][315.579s][info][gc,task     ] GC(106) Using 8 workers of 8 for evacuation
[2025-08-12T22:09:18.027+0900][315.587s][info][gc,phases   ] GC(106)   Pre Evacuate Collection Set: 0.1ms
[2025-08-12T22:09:18.027+0900][315.587s][info][gc,phases   ] GC(106)   Merge Heap Roots: 0.1ms
[2025-08-12T22:09:18.027+0900][315.587s][info][gc,phases   ] GC(106)   Evacuate Collection Set: 7.7ms
[2025-08-12T22:09:18.027+0900][315.587s][info][gc,phases   ] GC(106)   Post Evacuate Collection Set: 0.5ms
[2025-08-12T22:09:18.027+0900][315.587s][info][gc,phases   ] GC(106)   Other: 0.2ms
[2025-08-12T22:09:18.027+0900][315.587s][info][gc,heap     ] GC(106) Eden regions: 19->0(19)
[2025-08-12T22:09:18.027+0900][315.587s][info][gc,heap     ] GC(106) Survivor regions: 2->2(3)
[2025-08-12T22:09:18.027+0900][315.587s][info][gc,heap     ] GC(106) Old regions: 22->22
[2025-08-12T22:09:18.027+0900][315.587s][info][gc,heap     ] GC(106) Archive regions: 2->2
[2025-08-12T22:09:18.027+0900][315.587s][info][gc,heap     ] GC(106) Humongous regions: 0->0
[2025-08-12T22:09:18.027+0900][315.587s][info][gc,metaspace] GC(106) Metaspace: 93678K(94272K)->93678K(94272K) NonClass: 79644K(79936K)->79644K(79936K) Class: 14033K(14336K)->14033K(14336K)
[2025-08-12T22:09:18.027+0900][315.587s][info][gc          ] GC(106) Pause Young (Normal) (G1 Evacuation Pause) 171M->95M(212M) 8.820ms
[2025-08-12T22:09:18.027+0900][315.587s][info][gc,cpu      ] GC(106) User=0.03s Sys=0.00s Real=0.01s
[2025-08-12T22:09:19.362+0900][316.923s][info][gc,start    ] GC(107) Pause Young (Normal) (G1 Evacuation Pause)
[2025-08-12T22:09:19.362+0900][316.923s][info][gc,task     ] GC(107) Using 8 workers of 8 for evacuation
[2025-08-12T22:09:19.377+0900][316.937s][info][gc,phases   ] GC(107)   Pre Evacuate Collection Set: 0.1ms
[2025-08-12T22:09:19.377+0900][316.937s][info][gc,phases   ] GC(107)   Merge Heap Roots: 0.1ms
[2025-08-12T22:09:19.377+0900][316.937s][info][gc,phases   ] GC(107)   Evacuate Collection Set: 12.5ms
[2025-08-12T22:09:19.377+0900][316.937s][info][gc,phases   ] GC(107)   Post Evacuate Collection Set: 1.6ms
[2025-08-12T22:09:19.377+0900][316.937s][info][gc,phases   ] GC(107)   Other: 0.2ms
[2025-08-12T22:09:19.377+0900][316.937s][info][gc,heap     ] GC(107) Eden regions: 19->0(19)
[2025-08-12T22:09:19.377+0900][316.937s][info][gc,heap     ] GC(107) Survivor regions: 2->2(3)
[2025-08-12T22:09:19.377+0900][316.937s][info][gc,heap     ] GC(107) Old regions: 22->22
[2025-08-12T22:09:19.377+0900][316.937s][info][gc,heap     ] GC(107) Archive regions: 2->2
[2025-08-12T22:09:19.377+0900][316.937s][info][gc,heap     ] GC(107) Humongous regions: 0->0
[2025-08-12T22:09:19.377+0900][316.937s][info][gc,metaspace] GC(107) Metaspace: 93678K(94272K)->93678K(94272K) NonClass: 79644K(79936K)->79644K(79936K) Class: 14033K(14336K)->14033K(14336K)
[2025-08-12T22:09:19.377+0900][316.937s][info][gc          ] GC(107) Pause Young (Normal) (G1 Evacuation Pause) 171M->95M(212M) 14.589ms
[2025-08-12T22:09:19.377+0900][316.937s][info][gc,cpu      ] GC(107) User=0.03s Sys=0.00s Real=0.01s
[2025-08-12T22:09:20.725+0900][318.285s][info][gc,start    ] GC(108) Pause Young (Normal) (G1 Evacuation Pause)
[2025-08-12T22:09:20.725+0900][318.285s][info][gc,task     ] GC(108) Using 8 workers of 8 for evacuation
[2025-08-12T22:09:20.734+0900][318.295s][info][gc,phases   ] GC(108)   Pre Evacuate Collection Set: 0.2ms
[2025-08-12T22:09:20.734+0900][318.295s][info][gc,phases   ] GC(108)   Merge Heap Roots: 0.1ms
[2025-08-12T22:09:20.734+0900][318.295s][info][gc,phases   ] GC(108)   Evacuate Collection Set: 8.3ms
[2025-08-12T22:09:20.734+0900][318.295s][info][gc,phases   ] GC(108)   Post Evacuate Collection Set: 0.7ms
[2025-08-12T22:09:20.734+0900][318.295s][info][gc,phases   ] GC(108)   Other: 0.4ms
[2025-08-12T22:09:20.734+0900][318.295s][info][gc,heap     ] GC(108) Eden regions: 19->0(19)
[2025-08-12T22:09:20.734+0900][318.295s][info][gc,heap     ] GC(108) Survivor regions: 2->1(3)
[2025-08-12T22:09:20.734+0900][318.295s][info][gc,heap     ] GC(108) Old regions: 22->23
[2025-08-12T22:09:20.734+0900][318.295s][info][gc,heap     ] GC(108) Archive regions: 2->2
[2025-08-12T22:09:20.734+0900][318.295s][info][gc,heap     ] GC(108) Humongous regions: 0->0
[2025-08-12T22:09:20.734+0900][318.295s][info][gc,metaspace] GC(108) Metaspace: 93678K(94272K)->93678K(94272K) NonClass: 79644K(79936K)->79644K(79936K) Class: 14033K(14336K)->14033K(14336K)
[2025-08-12T22:09:20.734+0900][318.295s][info][gc          ] GC(108) Pause Young (Normal) (G1 Evacuation Pause) 171M->95M(212M) 9.688ms
[2025-08-12T22:09:20.735+0900][318.295s][info][gc,cpu      ] GC(108) User=0.03s Sys=0.01s Real=0.01s
[2025-08-12T22:09:22.150+0900][319.710s][info][gc,start    ] GC(109) Pause Young (Normal) (G1 Evacuation Pause)
[2025-08-12T22:09:22.150+0900][319.711s][info][gc,task     ] GC(109) Using 8 workers of 8 for evacuation
[2025-08-12T22:09:22.158+0900][319.719s][info][gc,phases   ] GC(109)   Pre Evacuate Collection Set: 0.1ms
[2025-08-12T22:09:22.158+0900][319.719s][info][gc,phases   ] GC(109)   Merge Heap Roots: 0.1ms
[2025-08-12T22:09:22.158+0900][319.719s][info][gc,phases   ] GC(109)   Evacuate Collection Set: 7.2ms
[2025-08-12T22:09:22.158+0900][319.719s][info][gc,phases   ] GC(109)   Post Evacuate Collection Set: 0.4ms
[2025-08-12T22:09:22.158+0900][319.719s][info][gc,phases   ] GC(109)   Other: 0.6ms
[2025-08-12T22:09:22.158+0900][319.719s][info][gc,heap     ] GC(109) Eden regions: 19->0(19)
[2025-08-12T22:09:22.158+0900][319.719s][info][gc,heap     ] GC(109) Survivor regions: 1->1(3)
[2025-08-12T22:09:22.158+0900][319.719s][info][gc,heap     ] GC(109) Old regions: 23->23
[2025-08-12T22:09:22.158+0900][319.719s][info][gc,heap     ] GC(109) Archive regions: 2->2
[2025-08-12T22:09:22.158+0900][319.719s][info][gc,heap     ] GC(109) Humongous regions: 0->0
[2025-08-12T22:09:22.158+0900][319.719s][info][gc,metaspace] GC(109) Metaspace: 93678K(94272K)->93678K(94272K) NonClass: 79644K(79936K)->79644K(79936K) Class: 14033K(14336K)->14033K(14336K)
[2025-08-12T22:09:22.158+0900][319.719s][info][gc          ] GC(109) Pause Young (Normal) (G1 Evacuation Pause) 171M->95M(212M) 8.588ms
[2025-08-12T22:09:22.158+0900][319.719s][info][gc,cpu      ] GC(109) User=0.03s Sys=0.00s Real=0.00s
[2025-08-12T22:09:23.601+0900][321.162s][info][gc,start    ] GC(110) Pause Young (Normal) (G1 Evacuation Pause)
[2025-08-12T22:09:23.601+0900][321.162s][info][gc,task     ] GC(110) Using 8 workers of 8 for evacuation
[2025-08-12T22:09:23.610+0900][321.171s][info][gc,phases   ] GC(110)   Pre Evacuate Collection Set: 0.2ms
[2025-08-12T22:09:23.610+0900][321.171s][info][gc,phases   ] GC(110)   Merge Heap Roots: 0.2ms
[2025-08-12T22:09:23.610+0900][321.171s][info][gc,phases   ] GC(110)   Evacuate Collection Set: 8.0ms
[2025-08-12T22:09:23.610+0900][321.171s][info][gc,phases   ] GC(110)   Post Evacuate Collection Set: 0.4ms
[2025-08-12T22:09:23.610+0900][321.171s][info][gc,phases   ] GC(110)   Other: 0.3ms
[2025-08-12T22:09:23.610+0900][321.171s][info][gc,heap     ] GC(110) Eden regions: 19->0(19)
[2025-08-12T22:09:23.610+0900][321.171s][info][gc,heap     ] GC(110) Survivor regions: 1->1(3)
[2025-08-12T22:09:23.610+0900][321.171s][info][gc,heap     ] GC(110) Old regions: 23->23
[2025-08-12T22:09:23.610+0900][321.171s][info][gc,heap     ] GC(110) Archive regions: 2->2
[2025-08-12T22:09:23.610+0900][321.171s][info][gc,heap     ] GC(110) Humongous regions: 0->0
[2025-08-12T22:09:23.610+0900][321.171s][info][gc,metaspace] GC(110) Metaspace: 93678K(94272K)->93678K(94272K) NonClass: 79644K(79936K)->79644K(79936K) Class: 14033K(14336K)->14033K(14336K)
[2025-08-12T22:09:23.610+0900][321.171s][info][gc          ] GC(110) Pause Young (Normal) (G1 Evacuation Pause) 171M->95M(212M) 9.158ms
[2025-08-12T22:09:23.610+0900][321.171s][info][gc,cpu      ] GC(110) User=0.04s Sys=0.00s Real=0.01s
[2025-08-12T22:09:25.104+0900][322.664s][info][gc,start    ] GC(111) Pause Young (Normal) (G1 Evacuation Pause)
[2025-08-12T22:09:25.104+0900][322.664s][info][gc,task     ] GC(111) Using 8 workers of 8 for evacuation
[2025-08-12T22:09:25.112+0900][322.673s][info][gc,phases   ] GC(111)   Pre Evacuate Collection Set: 0.1ms
[2025-08-12T22:09:25.112+0900][322.673s][info][gc,phases   ] GC(111)   Merge Heap Roots: 0.1ms
[2025-08-12T22:09:25.112+0900][322.673s][info][gc,phases   ] GC(111)   Evacuate Collection Set: 7.4ms
[2025-08-12T22:09:25.112+0900][322.673s][info][gc,phases   ] GC(111)   Post Evacuate Collection Set: 0.5ms
[2025-08-12T22:09:25.112+0900][322.673s][info][gc,phases   ] GC(111)   Other: 0.3ms
[2025-08-12T22:09:25.112+0900][322.673s][info][gc,heap     ] GC(111) Eden regions: 19->0(19)
[2025-08-12T22:09:25.112+0900][322.673s][info][gc,heap     ] GC(111) Survivor regions: 1->1(3)
[2025-08-12T22:09:25.112+0900][322.673s][info][gc,heap     ] GC(111) Old regions: 23->23
[2025-08-12T22:09:25.112+0900][322.673s][info][gc,heap     ] GC(111) Archive regions: 2->2
[2025-08-12T22:09:25.112+0900][322.673s][info][gc,heap     ] GC(111) Humongous regions: 0->0
[2025-08-12T22:09:25.112+0900][322.673s][info][gc,metaspace] GC(111) Metaspace: 93678K(94272K)->93678K(94272K) NonClass: 79644K(79936K)->79644K(79936K) Class: 14033K(14336K)->14033K(14336K)
[2025-08-12T22:09:25.112+0900][322.673s][info][gc          ] GC(111) Pause Young (Normal) (G1 Evacuation Pause) 171M->95M(212M) 8.669ms
[2025-08-12T22:09:25.112+0900][322.673s][info][gc,cpu      ] GC(111) User=0.03s Sys=0.00s Real=0.01s
[2025-08-12T22:09:26.483+0900][324.044s][info][gc,start    ] GC(112) Pause Young (Normal) (G1 Evacuation Pause)
[2025-08-12T22:09:26.483+0900][324.044s][info][gc,task     ] GC(112) Using 8 workers of 8 for evacuation
[2025-08-12T22:09:26.489+0900][324.050s][info][gc,phases   ] GC(112)   Pre Evacuate Collection Set: 0.1ms
[2025-08-12T22:09:26.490+0900][324.050s][info][gc,phases   ] GC(112)   Merge Heap Roots: 0.1ms
[2025-08-12T22:09:26.490+0900][324.050s][info][gc,phases   ] GC(112)   Evacuate Collection Set: 5.4ms
[2025-08-12T22:09:26.490+0900][324.050s][info][gc,phases   ] GC(112)   Post Evacuate Collection Set: 0.3ms
[2025-08-12T22:09:26.490+0900][324.050s][info][gc,phases   ] GC(112)   Other: 0.2ms
[2025-08-12T22:09:26.490+0900][324.050s][info][gc,heap     ] GC(112) Eden regions: 19->0(19)
[2025-08-12T22:09:26.490+0900][324.050s][info][gc,heap     ] GC(112) Survivor regions: 1->1(3)
[2025-08-12T22:09:26.490+0900][324.050s][info][gc,heap     ] GC(112) Old regions: 23->23
[2025-08-12T22:09:26.490+0900][324.050s][info][gc,heap     ] GC(112) Archive regions: 2->2
[2025-08-12T22:09:26.490+0900][324.050s][info][gc,heap     ] GC(112) Humongous regions: 0->0
[2025-08-12T22:09:26.490+0900][324.050s][info][gc,metaspace] GC(112) Metaspace: 93678K(94272K)->93678K(94272K) NonClass: 79644K(79936K)->79644K(79936K) Class: 14033K(14336K)->14033K(14336K)
[2025-08-12T22:09:26.490+0900][324.050s][info][gc          ] GC(112) Pause Young (Normal) (G1 Evacuation Pause) 171M->95M(212M) 6.284ms
[2025-08-12T22:09:26.490+0900][324.050s][info][gc,cpu      ] GC(112) User=0.01s Sys=0.00s Real=0.01s
[2025-08-12T22:09:28.338+0900][325.899s][info][gc,start    ] GC(113) Pause Young (Normal) (G1 Evacuation Pause)
[2025-08-12T22:09:28.338+0900][325.899s][info][gc,task     ] GC(113) Using 8 workers of 8 for evacuation
[2025-08-12T22:09:28.344+0900][325.905s][info][gc,phases   ] GC(113)   Pre Evacuate Collection Set: 0.1ms
[2025-08-12T22:09:28.344+0900][325.905s][info][gc,phases   ] GC(113)   Merge Heap Roots: 0.1ms
[2025-08-12T22:09:28.344+0900][325.905s][info][gc,phases   ] GC(113)   Evacuate Collection Set: 5.5ms
[2025-08-12T22:09:28.344+0900][325.905s][info][gc,phases   ] GC(113)   Post Evacuate Collection Set: 0.4ms
[2025-08-12T22:09:28.344+0900][325.905s][info][gc,phases   ] GC(113)   Other: 0.2ms
[2025-08-12T22:09:28.344+0900][325.905s][info][gc,heap     ] GC(113) Eden regions: 19->0(19)
[2025-08-12T22:09:28.345+0900][325.905s][info][gc,heap     ] GC(113) Survivor regions: 1->1(3)
[2025-08-12T22:09:28.345+0900][325.905s][info][gc,heap     ] GC(113) Old regions: 23->23
[2025-08-12T22:09:28.345+0900][325.905s][info][gc,heap     ] GC(113) Archive regions: 2->2
[2025-08-12T22:09:28.345+0900][325.905s][info][gc,heap     ] GC(113) Humongous regions: 0->0
[2025-08-12T22:09:28.345+0900][325.905s][info][gc,metaspace] GC(113) Metaspace: 93678K(94272K)->93678K(94272K) NonClass: 79644K(79936K)->79644K(79936K) Class: 14033K(14336K)->14033K(14336K)
[2025-08-12T22:09:28.345+0900][325.905s][info][gc          ] GC(113) Pause Young (Normal) (G1 Evacuation Pause) 171M->95M(212M) 6.627ms
[2025-08-12T22:09:28.345+0900][325.905s][info][gc,cpu      ] GC(113) User=0.03s Sys=0.00s Real=0.01s
[2025-08-12T22:09:30.270+0900][327.831s][info][gc,start    ] GC(114) Pause Young (Normal) (G1 Evacuation Pause)
[2025-08-12T22:09:30.270+0900][327.831s][info][gc,task     ] GC(114) Using 8 workers of 8 for evacuation
[2025-08-12T22:09:30.279+0900][327.840s][info][gc,phases   ] GC(114)   Pre Evacuate Collection Set: 0.1ms
[2025-08-12T22:09:30.279+0900][327.840s][info][gc,phases   ] GC(114)   Merge Heap Roots: 0.1ms
[2025-08-12T22:09:30.279+0900][327.840s][info][gc,phases   ] GC(114)   Evacuate Collection Set: 8.5ms
[2025-08-12T22:09:30.279+0900][327.840s][info][gc,phases   ] GC(114)   Post Evacuate Collection Set: 0.2ms
[2025-08-12T22:09:30.279+0900][327.840s][info][gc,phases   ] GC(114)   Other: 0.1ms
[2025-08-12T22:09:30.279+0900][327.840s][info][gc,heap     ] GC(114) Eden regions: 19->0(19)
[2025-08-12T22:09:30.279+0900][327.840s][info][gc,heap     ] GC(114) Survivor regions: 1->1(3)
[2025-08-12T22:09:30.279+0900][327.840s][info][gc,heap     ] GC(114) Old regions: 23->23
[2025-08-12T22:09:30.279+0900][327.840s][info][gc,heap     ] GC(114) Archive regions: 2->2
[2025-08-12T22:09:30.279+0900][327.840s][info][gc,heap     ] GC(114) Humongous regions: 0->0
[2025-08-12T22:09:30.279+0900][327.840s][info][gc,metaspace] GC(114) Metaspace: 93678K(94272K)->93678K(94272K) NonClass: 79644K(79936K)->79644K(79936K) Class: 14033K(14336K)->14033K(14336K)
[2025-08-12T22:09:30.279+0900][327.840s][info][gc          ] GC(114) Pause Young (Normal) (G1 Evacuation Pause) 171M->95M(212M) 9.107ms
[2025-08-12T22:09:30.279+0900][327.840s][info][gc,cpu      ] GC(114) User=0.03s Sys=0.00s Real=0.00s
[2025-08-12T22:09:32.286+0900][329.846s][info][gc,start    ] GC(115) Pause Young (Normal) (G1 Evacuation Pause)
[2025-08-12T22:09:32.286+0900][329.847s][info][gc,task     ] GC(115) Using 8 workers of 8 for evacuation
[2025-08-12T22:09:32.296+0900][329.857s][info][gc,phases   ] GC(115)   Pre Evacuate Collection Set: 0.2ms
[2025-08-12T22:09:32.296+0900][329.857s][info][gc,phases   ] GC(115)   Merge Heap Roots: 0.2ms
[2025-08-12T22:09:32.296+0900][329.857s][info][gc,phases   ] GC(115)   Evacuate Collection Set: 8.6ms
[2025-08-12T22:09:32.296+0900][329.857s][info][gc,phases   ] GC(115)   Post Evacuate Collection Set: 0.5ms
[2025-08-12T22:09:32.296+0900][329.857s][info][gc,phases   ] GC(115)   Other: 0.9ms
[2025-08-12T22:09:32.296+0900][329.857s][info][gc,heap     ] GC(115) Eden regions: 19->0(19)
[2025-08-12T22:09:32.296+0900][329.857s][info][gc,heap     ] GC(115) Survivor regions: 1->1(3)
[2025-08-12T22:09:32.296+0900][329.857s][info][gc,heap     ] GC(115) Old regions: 23->23
[2025-08-12T22:09:32.296+0900][329.857s][info][gc,heap     ] GC(115) Archive regions: 2->2
[2025-08-12T22:09:32.296+0900][329.857s][info][gc,heap     ] GC(115) Humongous regions: 0->0
[2025-08-12T22:09:32.296+0900][329.857s][info][gc,metaspace] GC(115) Metaspace: 93678K(94272K)->93678K(94272K) NonClass: 79644K(79936K)->79644K(79936K) Class: 14033K(14336K)->14033K(14336K)
[2025-08-12T22:09:32.296+0900][329.857s][info][gc          ] GC(115) Pause Young (Normal) (G1 Evacuation Pause) 171M->95M(212M) 10.523ms
[2025-08-12T22:09:32.296+0900][329.857s][info][gc,cpu      ] GC(115) User=0.03s Sys=0.00s Real=0.01s
[2025-08-12T22:09:34.407+0900][331.967s][info][gc,start    ] GC(116) Pause Young (Normal) (G1 Evacuation Pause)
[2025-08-12T22:09:34.407+0900][331.967s][info][gc,task     ] GC(116) Using 8 workers of 8 for evacuation
[2025-08-12T22:09:34.415+0900][331.976s][info][gc,phases   ] GC(116)   Pre Evacuate Collection Set: 0.2ms
[2025-08-12T22:09:34.415+0900][331.976s][info][gc,phases   ] GC(116)   Merge Heap Roots: 0.1ms
[2025-08-12T22:09:34.415+0900][331.976s][info][gc,phases   ] GC(116)   Evacuate Collection Set: 7.7ms
[2025-08-12T22:09:34.415+0900][331.976s][info][gc,phases   ] GC(116)   Post Evacuate Collection Set: 0.5ms
[2025-08-12T22:09:34.415+0900][331.976s][info][gc,phases   ] GC(116)   Other: 0.3ms
[2025-08-12T22:09:34.415+0900][331.976s][info][gc,heap     ] GC(116) Eden regions: 19->0(19)
[2025-08-12T22:09:34.415+0900][331.976s][info][gc,heap     ] GC(116) Survivor regions: 1->1(3)
[2025-08-12T22:09:34.415+0900][331.976s][info][gc,heap     ] GC(116) Old regions: 23->23
[2025-08-12T22:09:34.415+0900][331.976s][info][gc,heap     ] GC(116) Archive regions: 2->2
[2025-08-12T22:09:34.415+0900][331.976s][info][gc,heap     ] GC(116) Humongous regions: 0->0
[2025-08-12T22:09:34.415+0900][331.976s][info][gc,metaspace] GC(116) Metaspace: 93678K(94272K)->93678K(94272K) NonClass: 79644K(79936K)->79644K(79936K) Class: 14033K(14336K)->14033K(14336K)
[2025-08-12T22:09:34.415+0900][331.976s][info][gc          ] GC(116) Pause Young (Normal) (G1 Evacuation Pause) 171M->95M(212M) 8.930ms
[2025-08-12T22:09:34.416+0900][331.976s][info][gc,cpu      ] GC(116) User=0.03s Sys=0.00s Real=0.01s
[2025-08-12T22:09:36.583+0900][334.144s][info][gc,start    ] GC(117) Pause Young (Normal) (G1 Evacuation Pause)
[2025-08-12T22:09:36.583+0900][334.144s][info][gc,task     ] GC(117) Using 8 workers of 8 for evacuation
[2025-08-12T22:09:36.585+0900][334.146s][info][gc,phases   ] GC(117)   Pre Evacuate Collection Set: 0.1ms
[2025-08-12T22:09:36.585+0900][334.146s][info][gc,phases   ] GC(117)   Merge Heap Roots: 0.0ms
[2025-08-12T22:09:36.585+0900][334.146s][info][gc,phases   ] GC(117)   Evacuate Collection Set: 1.4ms
[2025-08-12T22:09:36.585+0900][334.146s][info][gc,phases   ] GC(117)   Post Evacuate Collection Set: 0.2ms
[2025-08-12T22:09:36.585+0900][334.146s][info][gc,phases   ] GC(117)   Other: 0.1ms
[2025-08-12T22:09:36.585+0900][334.146s][info][gc,heap     ] GC(117) Eden regions: 19->0(19)
[2025-08-12T22:09:36.585+0900][334.146s][info][gc,heap     ] GC(117) Survivor regions: 1->1(3)
[2025-08-12T22:09:36.585+0900][334.146s][info][gc,heap     ] GC(117) Old regions: 23->23
[2025-08-12T22:09:36.585+0900][334.146s][info][gc,heap     ] GC(117) Archive regions: 2->2
[2025-08-12T22:09:36.585+0900][334.146s][info][gc,heap     ] GC(117) Humongous regions: 0->0
[2025-08-12T22:09:36.585+0900][334.146s][info][gc,metaspace] GC(117) Metaspace: 93678K(94272K)->93678K(94272K) NonClass: 79644K(79936K)->79644K(79936K) Class: 14033K(14336K)->14033K(14336K)
[2025-08-12T22:09:36.585+0900][334.146s][info][gc          ] GC(117) Pause Young (Normal) (G1 Evacuation Pause) 171M->95M(212M) 1.814ms
[2025-08-12T22:09:36.585+0900][334.146s][info][gc,cpu      ] GC(117) User=0.01s Sys=0.00s Real=0.00s
[2025-08-12T22:09:38.713+0900][336.273s][info][gc,start    ] GC(118) Pause Young (Normal) (G1 Evacuation Pause)
[2025-08-12T22:09:38.713+0900][336.274s][info][gc,task     ] GC(118) Using 8 workers of 8 for evacuation
[2025-08-12T22:09:38.715+0900][336.275s][info][gc,phases   ] GC(118)   Pre Evacuate Collection Set: 0.1ms
[2025-08-12T22:09:38.715+0900][336.275s][info][gc,phases   ] GC(118)   Merge Heap Roots: 0.0ms
[2025-08-12T22:09:38.715+0900][336.275s][info][gc,phases   ] GC(118)   Evacuate Collection Set: 1.4ms
[2025-08-12T22:09:38.715+0900][336.275s][info][gc,phases   ] GC(118)   Post Evacuate Collection Set: 0.2ms
[2025-08-12T22:09:38.715+0900][336.275s][info][gc,phases   ] GC(118)   Other: 0.2ms
[2025-08-12T22:09:38.715+0900][336.275s][info][gc,heap     ] GC(118) Eden regions: 19->0(19)
[2025-08-12T22:09:38.715+0900][336.275s][info][gc,heap     ] GC(118) Survivor regions: 1->1(3)
[2025-08-12T22:09:38.715+0900][336.275s][info][gc,heap     ] GC(118) Old regions: 23->23
[2025-08-12T22:09:38.715+0900][336.275s][info][gc,heap     ] GC(118) Archive regions: 2->2
[2025-08-12T22:09:38.715+0900][336.275s][info][gc,heap     ] GC(118) Humongous regions: 0->0
[2025-08-12T22:09:38.715+0900][336.275s][info][gc,metaspace] GC(118) Metaspace: 93678K(94272K)->93678K(94272K) NonClass: 79644K(79936K)->79644K(79936K) Class: 14033K(14336K)->14033K(14336K)
[2025-08-12T22:09:38.715+0900][336.275s][info][gc          ] GC(118) Pause Young (Normal) (G1 Evacuation Pause) 171M->95M(212M) 2.008ms
[2025-08-12T22:09:38.715+0900][336.275s][info][gc,cpu      ] GC(118) User=0.01s Sys=0.00s Real=0.00s
[2025-08-12T22:09:41.004+0900][338.565s][info][gc,start    ] GC(119) Pause Young (Normal) (G1 Evacuation Pause)
[2025-08-12T22:09:41.004+0900][338.565s][info][gc,task     ] GC(119) Using 8 workers of 8 for evacuation
[2025-08-12T22:09:41.006+0900][338.567s][info][gc,phases   ] GC(119)   Pre Evacuate Collection Set: 0.1ms
[2025-08-12T22:09:41.006+0900][338.567s][info][gc,phases   ] GC(119)   Merge Heap Roots: 0.1ms
[2025-08-12T22:09:41.006+0900][338.567s][info][gc,phases   ] GC(119)   Evacuate Collection Set: 1.9ms
[2025-08-12T22:09:41.006+0900][338.567s][info][gc,phases   ] GC(119)   Post Evacuate Collection Set: 0.2ms
[2025-08-12T22:09:41.006+0900][338.567s][info][gc,phases   ] GC(119)   Other: 0.1ms
[2025-08-12T22:09:41.006+0900][338.567s][info][gc,heap     ] GC(119) Eden regions: 19->0(19)
[2025-08-12T22:09:41.006+0900][338.567s][info][gc,heap     ] GC(119) Survivor regions: 1->1(3)
[2025-08-12T22:09:41.006+0900][338.567s][info][gc,heap     ] GC(119) Old regions: 23->23
[2025-08-12T22:09:41.006+0900][338.567s][info][gc,heap     ] GC(119) Archive regions: 2->2
[2025-08-12T22:09:41.006+0900][338.567s][info][gc,heap     ] GC(119) Humongous regions: 0->0
[2025-08-12T22:09:41.006+0900][338.567s][info][gc,metaspace] GC(119) Metaspace: 93678K(94272K)->93678K(94272K) NonClass: 79644K(79936K)->79644K(79936K) Class: 14033K(14336K)->14033K(14336K)
[2025-08-12T22:09:41.006+0900][338.567s][info][gc          ] GC(119) Pause Young (Normal) (G1 Evacuation Pause) 171M->95M(212M) 2.415ms
[2025-08-12T22:09:41.006+0900][338.567s][info][gc,cpu      ] GC(119) User=0.01s Sys=0.00s Real=0.00s
[2025-08-12T22:09:43.295+0900][340.856s][info][gc,start    ] GC(120) Pause Young (Normal) (G1 Evacuation Pause)
[2025-08-12T22:09:43.295+0900][340.856s][info][gc,task     ] GC(120) Using 8 workers of 8 for evacuation
[2025-08-12T22:09:43.298+0900][340.858s][info][gc,phases   ] GC(120)   Pre Evacuate Collection Set: 0.1ms
[2025-08-12T22:09:43.298+0900][340.858s][info][gc,phases   ] GC(120)   Merge Heap Roots: 0.1ms
[2025-08-12T22:09:43.298+0900][340.858s][info][gc,phases   ] GC(120)   Evacuate Collection Set: 1.7ms
[2025-08-12T22:09:43.298+0900][340.858s][info][gc,phases   ] GC(120)   Post Evacuate Collection Set: 0.2ms
[2025-08-12T22:09:43.298+0900][340.858s][info][gc,phases   ] GC(120)   Other: 0.1ms
[2025-08-12T22:09:43.298+0900][340.858s][info][gc,heap     ] GC(120) Eden regions: 19->0(19)
[2025-08-12T22:09:43.298+0900][340.858s][info][gc,heap     ] GC(120) Survivor regions: 1->1(3)
[2025-08-12T22:09:43.298+0900][340.858s][info][gc,heap     ] GC(120) Old regions: 23->23
[2025-08-12T22:09:43.298+0900][340.858s][info][gc,heap     ] GC(120) Archive regions: 2->2
[2025-08-12T22:09:43.298+0900][340.858s][info][gc,heap     ] GC(120) Humongous regions: 0->0
[2025-08-12T22:09:43.298+0900][340.858s][info][gc,metaspace] GC(120) Metaspace: 93678K(94272K)->93678K(94272K) NonClass: 79644K(79936K)->79644K(79936K) Class: 14033K(14336K)->14033K(14336K)
[2025-08-12T22:09:43.298+0900][340.858s][info][gc          ] GC(120) Pause Young (Normal) (G1 Evacuation Pause) 171M->95M(212M) 2.139ms
[2025-08-12T22:09:43.298+0900][340.858s][info][gc,cpu      ] GC(120) User=0.01s Sys=0.00s Real=0.00s
[2025-08-12T22:09:44.869+0900][342.429s][info][gc,start    ] GC(121) Pause Young (Normal) (G1 Evacuation Pause)
[2025-08-12T22:09:44.869+0900][342.430s][info][gc,task     ] GC(121) Using 8 workers of 8 for evacuation
[2025-08-12T22:09:44.871+0900][342.432s][info][gc,phases   ] GC(121)   Pre Evacuate Collection Set: 0.1ms
[2025-08-12T22:09:44.871+0900][342.432s][info][gc,phases   ] GC(121)   Merge Heap Roots: 0.1ms
[2025-08-12T22:09:44.871+0900][342.432s][info][gc,phases   ] GC(121)   Evacuate Collection Set: 1.8ms
[2025-08-12T22:09:44.871+0900][342.432s][info][gc,phases   ] GC(121)   Post Evacuate Collection Set: 0.2ms
[2025-08-12T22:09:44.871+0900][342.432s][info][gc,phases   ] GC(121)   Other: 0.5ms
[2025-08-12T22:09:44.871+0900][342.432s][info][gc,heap     ] GC(121) Eden regions: 19->0(19)
[2025-08-12T22:09:44.871+0900][342.432s][info][gc,heap     ] GC(121) Survivor regions: 1->1(3)
[2025-08-12T22:09:44.871+0900][342.432s][info][gc,heap     ] GC(121) Old regions: 23->23
[2025-08-12T22:09:44.871+0900][342.432s][info][gc,heap     ] GC(121) Archive regions: 2->2
[2025-08-12T22:09:44.871+0900][342.432s][info][gc,heap     ] GC(121) Humongous regions: 0->0
[2025-08-12T22:09:44.871+0900][342.432s][info][gc,metaspace] GC(121) Metaspace: 93678K(94272K)->93678K(94272K) NonClass: 79644K(79936K)->79644K(79936K) Class: 14033K(14336K)->14033K(14336K)
[2025-08-12T22:09:44.871+0900][342.432s][info][gc          ] GC(121) Pause Young (Normal) (G1 Evacuation Pause) 171M->95M(212M) 2.669ms
[2025-08-12T22:09:44.871+0900][342.432s][info][gc,cpu      ] GC(121) User=0.01s Sys=0.00s Real=0.01s
[2025-08-12T22:09:45.900+0900][343.461s][info][gc,start    ] GC(122) Pause Young (Normal) (G1 Evacuation Pause)
[2025-08-12T22:09:45.900+0900][343.461s][info][gc,task     ] GC(122) Using 8 workers of 8 for evacuation
[2025-08-12T22:09:45.902+0900][343.463s][info][gc,phases   ] GC(122)   Pre Evacuate Collection Set: 0.1ms
[2025-08-12T22:09:45.902+0900][343.463s][info][gc,phases   ] GC(122)   Merge Heap Roots: 0.1ms
[2025-08-12T22:09:45.902+0900][343.463s][info][gc,phases   ] GC(122)   Evacuate Collection Set: 1.8ms
[2025-08-12T22:09:45.902+0900][343.463s][info][gc,phases   ] GC(122)   Post Evacuate Collection Set: 0.2ms
[2025-08-12T22:09:45.902+0900][343.463s][info][gc,phases   ] GC(122)   Other: 0.1ms
[2025-08-12T22:09:45.902+0900][343.463s][info][gc,heap     ] GC(122) Eden regions: 19->0(19)
[2025-08-12T22:09:45.902+0900][343.463s][info][gc,heap     ] GC(122) Survivor regions: 1->1(3)
[2025-08-12T22:09:45.902+0900][343.463s][info][gc,heap     ] GC(122) Old regions: 23->23
[2025-08-12T22:09:45.902+0900][343.463s][info][gc,heap     ] GC(122) Archive regions: 2->2
[2025-08-12T22:09:45.902+0900][343.463s][info][gc,heap     ] GC(122) Humongous regions: 0->0
[2025-08-12T22:09:45.902+0900][343.463s][info][gc,metaspace] GC(122) Metaspace: 93678K(94272K)->93678K(94272K) NonClass: 79644K(79936K)->79644K(79936K) Class: 14033K(14336K)->14033K(14336K)
[2025-08-12T22:09:45.902+0900][343.463s][info][gc          ] GC(122) Pause Young (Normal) (G1 Evacuation Pause) 171M->95M(212M) 2.368ms
[2025-08-12T22:09:45.902+0900][343.463s][info][gc,cpu      ] GC(122) User=0.00s Sys=0.00s Real=0.00s
[2025-08-12T22:09:46.923+0900][344.484s][info][gc,start    ] GC(123) Pause Young (Normal) (G1 Evacuation Pause)
[2025-08-12T22:09:46.923+0900][344.484s][info][gc,task     ] GC(123) Using 8 workers of 8 for evacuation
[2025-08-12T22:09:46.926+0900][344.487s][info][gc,phases   ] GC(123)   Pre Evacuate Collection Set: 0.1ms
[2025-08-12T22:09:46.926+0900][344.487s][info][gc,phases   ] GC(123)   Merge Heap Roots: 0.1ms
[2025-08-12T22:09:46.926+0900][344.487s][info][gc,phases   ] GC(123)   Evacuate Collection Set: 2.1ms
[2025-08-12T22:09:46.926+0900][344.487s][info][gc,phases   ] GC(123)   Post Evacuate Collection Set: 0.3ms
[2025-08-12T22:09:46.926+0900][344.487s][info][gc,phases   ] GC(123)   Other: 0.1ms
[2025-08-12T22:09:46.926+0900][344.487s][info][gc,heap     ] GC(123) Eden regions: 19->0(19)
[2025-08-12T22:09:46.926+0900][344.487s][info][gc,heap     ] GC(123) Survivor regions: 1->1(3)
[2025-08-12T22:09:46.926+0900][344.487s][info][gc,heap     ] GC(123) Old regions: 23->23
[2025-08-12T22:09:46.926+0900][344.487s][info][gc,heap     ] GC(123) Archive regions: 2->2
[2025-08-12T22:09:46.926+0900][344.487s][info][gc,heap     ] GC(123) Humongous regions: 0->0
[2025-08-12T22:09:46.926+0900][344.487s][info][gc,metaspace] GC(123) Metaspace: 93678K(94272K)->93678K(94272K) NonClass: 79644K(79936K)->79644K(79936K) Class: 14033K(14336K)->14033K(14336K)
[2025-08-12T22:09:46.926+0900][344.487s][info][gc          ] GC(123) Pause Young (Normal) (G1 Evacuation Pause) 171M->95M(212M) 2.850ms
[2025-08-12T22:09:46.926+0900][344.487s][info][gc,cpu      ] GC(123) User=0.01s Sys=0.01s Real=0.00s
[2025-08-12T22:09:47.886+0900][345.446s][info][gc,start    ] GC(124) Pause Young (Normal) (G1 Evacuation Pause)
[2025-08-12T22:09:47.886+0900][345.446s][info][gc,task     ] GC(124) Using 8 workers of 8 for evacuation
[2025-08-12T22:09:47.888+0900][345.449s][info][gc,phases   ] GC(124)   Pre Evacuate Collection Set: 0.1ms
[2025-08-12T22:09:47.888+0900][345.449s][info][gc,phases   ] GC(124)   Merge Heap Roots: 0.1ms
[2025-08-12T22:09:47.888+0900][345.449s][info][gc,phases   ] GC(124)   Evacuate Collection Set: 1.7ms
[2025-08-12T22:09:47.888+0900][345.449s][info][gc,phases   ] GC(124)   Post Evacuate Collection Set: 0.3ms
[2025-08-12T22:09:47.888+0900][345.449s][info][gc,phases   ] GC(124)   Other: 0.1ms
[2025-08-12T22:09:47.888+0900][345.449s][info][gc,heap     ] GC(124) Eden regions: 19->0(19)
[2025-08-12T22:09:47.888+0900][345.449s][info][gc,heap     ] GC(124) Survivor regions: 1->1(3)
[2025-08-12T22:09:47.888+0900][345.449s][info][gc,heap     ] GC(124) Old regions: 23->23
[2025-08-12T22:09:47.888+0900][345.449s][info][gc,heap     ] GC(124) Archive regions: 2->2
[2025-08-12T22:09:47.888+0900][345.449s][info][gc,heap     ] GC(124) Humongous regions: 0->0
[2025-08-12T22:09:47.888+0900][345.449s][info][gc,metaspace] GC(124) Metaspace: 93678K(94272K)->93678K(94272K) NonClass: 79644K(79936K)->79644K(79936K) Class: 14033K(14336K)->14033K(14336K)
[2025-08-12T22:09:47.888+0900][345.449s][info][gc          ] GC(124) Pause Young (Normal) (G1 Evacuation Pause) 171M->95M(212M) 2.325ms
[2025-08-12T22:09:47.888+0900][345.449s][info][gc,cpu      ] GC(124) User=0.01s Sys=0.00s Real=0.00s
[2025-08-12T22:09:49.024+0900][346.585s][info][gc,start    ] GC(125) Pause Young (Normal) (G1 Evacuation Pause)
[2025-08-12T22:09:49.024+0900][346.585s][info][gc,task     ] GC(125) Using 8 workers of 8 for evacuation
[2025-08-12T22:09:49.026+0900][346.587s][info][gc,phases   ] GC(125)   Pre Evacuate Collection Set: 0.1ms
[2025-08-12T22:09:49.026+0900][346.587s][info][gc,phases   ] GC(125)   Merge Heap Roots: 0.1ms
[2025-08-12T22:09:49.026+0900][346.587s][info][gc,phases   ] GC(125)   Evacuate Collection Set: 1.6ms
[2025-08-12T22:09:49.026+0900][346.587s][info][gc,phases   ] GC(125)   Post Evacuate Collection Set: 0.3ms
[2025-08-12T22:09:49.026+0900][346.587s][info][gc,phases   ] GC(125)   Other: 0.1ms
[2025-08-12T22:09:49.026+0900][346.587s][info][gc,heap     ] GC(125) Eden regions: 19->0(19)
[2025-08-12T22:09:49.026+0900][346.587s][info][gc,heap     ] GC(125) Survivor regions: 1->1(3)
[2025-08-12T22:09:49.026+0900][346.587s][info][gc,heap     ] GC(125) Old regions: 23->23
[2025-08-12T22:09:49.026+0900][346.587s][info][gc,heap     ] GC(125) Archive regions: 2->2
[2025-08-12T22:09:49.026+0900][346.587s][info][gc,heap     ] GC(125) Humongous regions: 0->0
[2025-08-12T22:09:49.026+0900][346.587s][info][gc,metaspace] GC(125) Metaspace: 93678K(94272K)->93678K(94272K) NonClass: 79644K(79936K)->79644K(79936K) Class: 14033K(14336K)->14033K(14336K)
[2025-08-12T22:09:49.026+0900][346.587s][info][gc          ] GC(125) Pause Young (Normal) (G1 Evacuation Pause) 171M->95M(212M) 2.240ms
[2025-08-12T22:09:49.026+0900][346.587s][info][gc,cpu      ] GC(125) User=0.01s Sys=0.00s Real=0.00s
[2025-08-12T22:09:49.992+0900][347.553s][info][gc,start    ] GC(126) Pause Young (Normal) (G1 Evacuation Pause)
[2025-08-12T22:09:49.992+0900][347.553s][info][gc,task     ] GC(126) Using 8 workers of 8 for evacuation
[2025-08-12T22:09:49.994+0900][347.555s][info][gc,phases   ] GC(126)   Pre Evacuate Collection Set: 0.1ms
[2025-08-12T22:09:49.994+0900][347.555s][info][gc,phases   ] GC(126)   Merge Heap Roots: 0.1ms
[2025-08-12T22:09:49.994+0900][347.555s][info][gc,phases   ] GC(126)   Evacuate Collection Set: 1.6ms
[2025-08-12T22:09:49.994+0900][347.555s][info][gc,phases   ] GC(126)   Post Evacuate Collection Set: 0.2ms
[2025-08-12T22:09:49.994+0900][347.555s][info][gc,phases   ] GC(126)   Other: 0.1ms
[2025-08-12T22:09:49.994+0900][347.555s][info][gc,heap     ] GC(126) Eden regions: 19->0(19)
[2025-08-12T22:09:49.994+0900][347.555s][info][gc,heap     ] GC(126) Survivor regions: 1->1(3)
[2025-08-12T22:09:49.994+0900][347.555s][info][gc,heap     ] GC(126) Old regions: 23->23
[2025-08-12T22:09:49.994+0900][347.555s][info][gc,heap     ] GC(126) Archive regions: 2->2
[2025-08-12T22:09:49.994+0900][347.555s][info][gc,heap     ] GC(126) Humongous regions: 0->0
[2025-08-12T22:09:49.994+0900][347.555s][info][gc,metaspace] GC(126) Metaspace: 93678K(94272K)->93678K(94272K) NonClass: 79644K(79936K)->79644K(79936K) Class: 14033K(14336K)->14033K(14336K)
[2025-08-12T22:09:49.994+0900][347.555s][info][gc          ] GC(126) Pause Young (Normal) (G1 Evacuation Pause) 171M->95M(212M) 2.040ms
[2025-08-12T22:09:49.994+0900][347.555s][info][gc,cpu      ] GC(126) User=0.01s Sys=0.01s Real=0.00s
[2025-08-12T22:09:51.005+0900][348.566s][info][gc,start    ] GC(127) Pause Young (Normal) (G1 Evacuation Pause)
[2025-08-12T22:09:51.005+0900][348.566s][info][gc,task     ] GC(127) Using 8 workers of 8 for evacuation
[2025-08-12T22:09:51.007+0900][348.568s][info][gc,phases   ] GC(127)   Pre Evacuate Collection Set: 0.1ms
[2025-08-12T22:09:51.007+0900][348.568s][info][gc,phases   ] GC(127)   Merge Heap Roots: 0.1ms
[2025-08-12T22:09:51.007+0900][348.568s][info][gc,phases   ] GC(127)   Evacuate Collection Set: 1.6ms
[2025-08-12T22:09:51.007+0900][348.568s][info][gc,phases   ] GC(127)   Post Evacuate Collection Set: 0.3ms
[2025-08-12T22:09:51.007+0900][348.568s][info][gc,phases   ] GC(127)   Other: 0.1ms
[2025-08-12T22:09:51.007+0900][348.568s][info][gc,heap     ] GC(127) Eden regions: 19->0(19)
[2025-08-12T22:09:51.007+0900][348.568s][info][gc,heap     ] GC(127) Survivor regions: 1->1(3)
[2025-08-12T22:09:51.007+0900][348.568s][info][gc,heap     ] GC(127) Old regions: 23->23
[2025-08-12T22:09:51.007+0900][348.568s][info][gc,heap     ] GC(127) Archive regions: 2->2
[2025-08-12T22:09:51.007+0900][348.568s][info][gc,heap     ] GC(127) Humongous regions: 0->0
[2025-08-12T22:09:51.007+0900][348.568s][info][gc,metaspace] GC(127) Metaspace: 93678K(94272K)->93678K(94272K) NonClass: 79644K(79936K)->79644K(79936K) Class: 14033K(14336K)->14033K(14336K)
[2025-08-12T22:09:51.007+0900][348.568s][info][gc          ] GC(127) Pause Young (Normal) (G1 Evacuation Pause) 171M->95M(212M) 2.195ms
[2025-08-12T22:09:51.007+0900][348.568s][info][gc,cpu      ] GC(127) User=0.01s Sys=0.00s Real=0.00s
[2025-08-12T22:09:52.029+0900][349.590s][info][gc,start    ] GC(128) Pause Young (Normal) (G1 Evacuation Pause)
[2025-08-12T22:09:52.029+0900][349.590s][info][gc,task     ] GC(128) Using 8 workers of 8 for evacuation
[2025-08-12T22:09:52.032+0900][349.593s][info][gc,phases   ] GC(128)   Pre Evacuate Collection Set: 0.3ms
[2025-08-12T22:09:52.032+0900][349.593s][info][gc,phases   ] GC(128)   Merge Heap Roots: 0.2ms
[2025-08-12T22:09:52.033+0900][349.593s][info][gc,phases   ] GC(128)   Evacuate Collection Set: 2.0ms
[2025-08-12T22:09:52.033+0900][349.593s][info][gc,phases   ] GC(128)   Post Evacuate Collection Set: 0.6ms
[2025-08-12T22:09:52.033+0900][349.593s][info][gc,phases   ] GC(128)   Other: 0.2ms
[2025-08-12T22:09:52.033+0900][349.593s][info][gc,heap     ] GC(128) Eden regions: 19->0(19)
[2025-08-12T22:09:52.033+0900][349.593s][info][gc,heap     ] GC(128) Survivor regions: 1->1(3)
[2025-08-12T22:09:52.033+0900][349.593s][info][gc,heap     ] GC(128) Old regions: 23->23
[2025-08-12T22:09:52.033+0900][349.593s][info][gc,heap     ] GC(128) Archive regions: 2->2
[2025-08-12T22:09:52.033+0900][349.593s][info][gc,heap     ] GC(128) Humongous regions: 0->0
[2025-08-12T22:09:52.033+0900][349.594s][info][gc,metaspace] GC(128) Metaspace: 93678K(94272K)->93678K(94272K) NonClass: 79644K(79936K)->79644K(79936K) Class: 14033K(14336K)->14033K(14336K)
[2025-08-12T22:09:52.033+0900][349.594s][info][gc          ] GC(128) Pause Young (Normal) (G1 Evacuation Pause) 171M->95M(212M) 3.453ms
[2025-08-12T22:09:52.033+0900][349.594s][info][gc,cpu      ] GC(128) User=0.01s Sys=0.00s Real=0.01s
[2025-08-12T22:09:53.118+0900][350.679s][info][gc,start    ] GC(129) Pause Young (Normal) (G1 Evacuation Pause)
[2025-08-12T22:09:53.118+0900][350.679s][info][gc,task     ] GC(129) Using 8 workers of 8 for evacuation
[2025-08-12T22:09:53.120+0900][350.681s][info][gc,phases   ] GC(129)   Pre Evacuate Collection Set: 0.1ms
[2025-08-12T22:09:53.120+0900][350.681s][info][gc,phases   ] GC(129)   Merge Heap Roots: 0.1ms
[2025-08-12T22:09:53.120+0900][350.681s][info][gc,phases   ] GC(129)   Evacuate Collection Set: 1.5ms
[2025-08-12T22:09:53.120+0900][350.681s][info][gc,phases   ] GC(129)   Post Evacuate Collection Set: 0.2ms
[2025-08-12T22:09:53.120+0900][350.681s][info][gc,phases   ] GC(129)   Other: 0.4ms
[2025-08-12T22:09:53.120+0900][350.681s][info][gc,heap     ] GC(129) Eden regions: 19->0(19)
[2025-08-12T22:09:53.120+0900][350.681s][info][gc,heap     ] GC(129) Survivor regions: 1->1(3)
[2025-08-12T22:09:53.120+0900][350.681s][info][gc,heap     ] GC(129) Old regions: 23->23
[2025-08-12T22:09:53.120+0900][350.681s][info][gc,heap     ] GC(129) Archive regions: 2->2
[2025-08-12T22:09:53.120+0900][350.681s][info][gc,heap     ] GC(129) Humongous regions: 0->0
[2025-08-12T22:09:53.120+0900][350.681s][info][gc,metaspace] GC(129) Metaspace: 93678K(94272K)->93678K(94272K) NonClass: 79644K(79936K)->79644K(79936K) Class: 14033K(14336K)->14033K(14336K)
[2025-08-12T22:09:53.120+0900][350.681s][info][gc          ] GC(129) Pause Young (Normal) (G1 Evacuation Pause) 171M->95M(212M) 2.270ms
[2025-08-12T22:09:53.120+0900][350.681s][info][gc,cpu      ] GC(129) User=0.01s Sys=0.00s Real=0.01s
[2025-08-12T22:09:54.089+0900][351.650s][info][gc,start    ] GC(130) Pause Young (Normal) (G1 Evacuation Pause)
[2025-08-12T22:09:54.089+0900][351.650s][info][gc,task     ] GC(130) Using 8 workers of 8 for evacuation
[2025-08-12T22:09:54.092+0900][351.653s][info][gc,phases   ] GC(130)   Pre Evacuate Collection Set: 0.1ms
[2025-08-12T22:09:54.092+0900][351.653s][info][gc,phases   ] GC(130)   Merge Heap Roots: 0.1ms
[2025-08-12T22:09:54.092+0900][351.653s][info][gc,phases   ] GC(130)   Evacuate Collection Set: 1.9ms
[2025-08-12T22:09:54.092+0900][351.653s][info][gc,phases   ] GC(130)   Post Evacuate Collection Set: 0.4ms
[2025-08-12T22:09:54.092+0900][351.653s][info][gc,phases   ] GC(130)   Other: 0.1ms
[2025-08-12T22:09:54.092+0900][351.653s][info][gc,heap     ] GC(130) Eden regions: 19->0(19)
[2025-08-12T22:09:54.092+0900][351.653s][info][gc,heap     ] GC(130) Survivor regions: 1->1(3)
[2025-08-12T22:09:54.092+0900][351.653s][info][gc,heap     ] GC(130) Old regions: 23->23
[2025-08-12T22:09:54.092+0900][351.653s][info][gc,heap     ] GC(130) Archive regions: 2->2
[2025-08-12T22:09:54.092+0900][351.653s][info][gc,heap     ] GC(130) Humongous regions: 0->0
[2025-08-12T22:09:54.092+0900][351.653s][info][gc,metaspace] GC(130) Metaspace: 93678K(94272K)->93678K(94272K) NonClass: 79644K(79936K)->79644K(79936K) Class: 14033K(14336K)->14033K(14336K)
[2025-08-12T22:09:54.092+0900][351.653s][info][gc          ] GC(130) Pause Young (Normal) (G1 Evacuation Pause) 171M->95M(212M) 2.617ms
[2025-08-12T22:09:54.092+0900][351.653s][info][gc,cpu      ] GC(130) User=0.01s Sys=0.00s Real=0.01s
[2025-08-12T22:09:55.080+0900][352.641s][info][gc,start    ] GC(131) Pause Young (Normal) (G1 Evacuation Pause)
[2025-08-12T22:09:55.080+0900][352.641s][info][gc,task     ] GC(131) Using 8 workers of 8 for evacuation
[2025-08-12T22:09:55.083+0900][352.643s][info][gc,phases   ] GC(131)   Pre Evacuate Collection Set: 0.1ms
[2025-08-12T22:09:55.083+0900][352.643s][info][gc,phases   ] GC(131)   Merge Heap Roots: 0.1ms
[2025-08-12T22:09:55.083+0900][352.643s][info][gc,phases   ] GC(131)   Evacuate Collection Set: 2.2ms
[2025-08-12T22:09:55.083+0900][352.643s][info][gc,phases   ] GC(131)   Post Evacuate Collection Set: 0.2ms
[2025-08-12T22:09:55.083+0900][352.643s][info][gc,phases   ] GC(131)   Other: 0.1ms
[2025-08-12T22:09:55.083+0900][352.643s][info][gc,heap     ] GC(131) Eden regions: 19->0(19)
[2025-08-12T22:09:55.083+0900][352.643s][info][gc,heap     ] GC(131) Survivor regions: 1->1(3)
[2025-08-12T22:09:55.083+0900][352.643s][info][gc,heap     ] GC(131) Old regions: 23->23
[2025-08-12T22:09:55.083+0900][352.643s][info][gc,heap     ] GC(131) Archive regions: 2->2
[2025-08-12T22:09:55.083+0900][352.643s][info][gc,heap     ] GC(131) Humongous regions: 0->0
[2025-08-12T22:09:55.083+0900][352.643s][info][gc,metaspace] GC(131) Metaspace: 93678K(94272K)->93678K(94272K) NonClass: 79644K(79936K)->79644K(79936K) Class: 14033K(14336K)->14033K(14336K)
[2025-08-12T22:09:55.083+0900][352.643s][info][gc          ] GC(131) Pause Young (Normal) (G1 Evacuation Pause) 171M->95M(212M) 2.712ms
[2025-08-12T22:09:55.083+0900][352.644s][info][gc,cpu      ] GC(131) User=0.01s Sys=0.00s Real=0.00s
[2025-08-12T22:09:56.084+0900][353.645s][info][gc,start    ] GC(132) Pause Young (Normal) (G1 Evacuation Pause)
[2025-08-12T22:09:56.084+0900][353.645s][info][gc,task     ] GC(132) Using 8 workers of 8 for evacuation
[2025-08-12T22:09:56.086+0900][353.647s][info][gc,phases   ] GC(132)   Pre Evacuate Collection Set: 0.1ms
[2025-08-12T22:09:56.086+0900][353.647s][info][gc,phases   ] GC(132)   Merge Heap Roots: 0.1ms
[2025-08-12T22:09:56.086+0900][353.647s][info][gc,phases   ] GC(132)   Evacuate Collection Set: 2.0ms
[2025-08-12T22:09:56.086+0900][353.647s][info][gc,phases   ] GC(132)   Post Evacuate Collection Set: 0.3ms
[2025-08-12T22:09:56.086+0900][353.647s][info][gc,phases   ] GC(132)   Other: 0.1ms
[2025-08-12T22:09:56.086+0900][353.647s][info][gc,heap     ] GC(132) Eden regions: 19->0(19)
[2025-08-12T22:09:56.086+0900][353.647s][info][gc,heap     ] GC(132) Survivor regions: 1->1(3)
[2025-08-12T22:09:56.086+0900][353.647s][info][gc,heap     ] GC(132) Old regions: 23->23
[2025-08-12T22:09:56.086+0900][353.647s][info][gc,heap     ] GC(132) Archive regions: 2->2
[2025-08-12T22:09:56.086+0900][353.647s][info][gc,heap     ] GC(132) Humongous regions: 0->0
[2025-08-12T22:09:56.086+0900][353.647s][info][gc,metaspace] GC(132) Metaspace: 93678K(94272K)->93678K(94272K) NonClass: 79644K(79936K)->79644K(79936K) Class: 14033K(14336K)->14033K(14336K)
[2025-08-12T22:09:56.086+0900][353.647s][info][gc          ] GC(132) Pause Young (Normal) (G1 Evacuation Pause) 171M->95M(212M) 2.574ms
[2025-08-12T22:09:56.086+0900][353.647s][info][gc,cpu      ] GC(132) User=0.00s Sys=0.00s Real=0.00s
[2025-08-12T22:09:57.057+0900][354.618s][info][gc,start    ] GC(133) Pause Young (Normal) (G1 Evacuation Pause)
[2025-08-12T22:09:57.057+0900][354.618s][info][gc,task     ] GC(133) Using 8 workers of 8 for evacuation
[2025-08-12T22:09:57.059+0900][354.620s][info][gc,phases   ] GC(133)   Pre Evacuate Collection Set: 0.1ms
[2025-08-12T22:09:57.059+0900][354.620s][info][gc,phases   ] GC(133)   Merge Heap Roots: 0.1ms
[2025-08-12T22:09:57.059+0900][354.620s][info][gc,phases   ] GC(133)   Evacuate Collection Set: 1.6ms
[2025-08-12T22:09:57.059+0900][354.620s][info][gc,phases   ] GC(133)   Post Evacuate Collection Set: 0.3ms
[2025-08-12T22:09:57.059+0900][354.620s][info][gc,phases   ] GC(133)   Other: 0.1ms
[2025-08-12T22:09:57.059+0900][354.620s][info][gc,heap     ] GC(133) Eden regions: 19->0(19)
[2025-08-12T22:09:57.059+0900][354.620s][info][gc,heap     ] GC(133) Survivor regions: 1->1(3)
[2025-08-12T22:09:57.059+0900][354.620s][info][gc,heap     ] GC(133) Old regions: 23->23
[2025-08-12T22:09:57.059+0900][354.620s][info][gc,heap     ] GC(133) Archive regions: 2->2
[2025-08-12T22:09:57.059+0900][354.620s][info][gc,heap     ] GC(133) Humongous regions: 0->0
[2025-08-12T22:09:57.059+0900][354.620s][info][gc,metaspace] GC(133) Metaspace: 93678K(94272K)->93678K(94272K) NonClass: 79644K(79936K)->79644K(79936K) Class: 14033K(14336K)->14033K(14336K)
[2025-08-12T22:09:57.059+0900][354.620s][info][gc          ] GC(133) Pause Young (Normal) (G1 Evacuation Pause) 171M->95M(212M) 2.200ms
[2025-08-12T22:09:57.059+0900][354.620s][info][gc,cpu      ] GC(133) User=0.01s Sys=0.00s Real=0.00s
[2025-08-12T22:09:58.067+0900][355.628s][info][gc,start    ] GC(134) Pause Young (Normal) (G1 Evacuation Pause)
[2025-08-12T22:09:58.067+0900][355.628s][info][gc,task     ] GC(134) Using 8 workers of 8 for evacuation
[2025-08-12T22:09:58.069+0900][355.630s][info][gc,phases   ] GC(134)   Pre Evacuate Collection Set: 0.1ms
[2025-08-12T22:09:58.070+0900][355.630s][info][gc,phases   ] GC(134)   Merge Heap Roots: 0.1ms
[2025-08-12T22:09:58.070+0900][355.630s][info][gc,phases   ] GC(134)   Evacuate Collection Set: 1.6ms
[2025-08-12T22:09:58.070+0900][355.630s][info][gc,phases   ] GC(134)   Post Evacuate Collection Set: 0.3ms
[2025-08-12T22:09:58.070+0900][355.630s][info][gc,phases   ] GC(134)   Other: 0.1ms
[2025-08-12T22:09:58.070+0900][355.630s][info][gc,heap     ] GC(134) Eden regions: 19->0(19)
[2025-08-12T22:09:58.070+0900][355.630s][info][gc,heap     ] GC(134) Survivor regions: 1->1(3)
[2025-08-12T22:09:58.070+0900][355.630s][info][gc,heap     ] GC(134) Old regions: 23->23
[2025-08-12T22:09:58.070+0900][355.630s][info][gc,heap     ] GC(134) Archive regions: 2->2
[2025-08-12T22:09:58.070+0900][355.631s][info][gc,heap     ] GC(134) Humongous regions: 0->0
[2025-08-12T22:09:58.070+0900][355.631s][info][gc,metaspace] GC(134) Metaspace: 93678K(94272K)->93678K(94272K) NonClass: 79644K(79936K)->79644K(79936K) Class: 14033K(14336K)->14033K(14336K)
[2025-08-12T22:09:58.070+0900][355.631s][info][gc          ] GC(134) Pause Young (Normal) (G1 Evacuation Pause) 171M->95M(212M) 2.367ms
[2025-08-12T22:09:58.070+0900][355.631s][info][gc,cpu      ] GC(134) User=0.01s Sys=0.00s Real=0.01s
[2025-08-12T22:09:59.121+0900][356.682s][info][gc,start    ] GC(135) Pause Young (Normal) (G1 Evacuation Pause)
[2025-08-12T22:09:59.121+0900][356.682s][info][gc,task     ] GC(135) Using 8 workers of 8 for evacuation
[2025-08-12T22:09:59.124+0900][356.685s][info][gc,phases   ] GC(135)   Pre Evacuate Collection Set: 0.1ms
[2025-08-12T22:09:59.124+0900][356.685s][info][gc,phases   ] GC(135)   Merge Heap Roots: 0.1ms
[2025-08-12T22:09:59.124+0900][356.685s][info][gc,phases   ] GC(135)   Evacuate Collection Set: 2.2ms
[2025-08-12T22:09:59.124+0900][356.685s][info][gc,phases   ] GC(135)   Post Evacuate Collection Set: 0.2ms
[2025-08-12T22:09:59.124+0900][356.685s][info][gc,phases   ] GC(135)   Other: 0.8ms
[2025-08-12T22:09:59.124+0900][356.685s][info][gc,heap     ] GC(135) Eden regions: 19->0(19)
[2025-08-12T22:09:59.124+0900][356.685s][info][gc,heap     ] GC(135) Survivor regions: 1->1(3)
[2025-08-12T22:09:59.124+0900][356.685s][info][gc,heap     ] GC(135) Old regions: 23->23
[2025-08-12T22:09:59.124+0900][356.685s][info][gc,heap     ] GC(135) Archive regions: 2->2
[2025-08-12T22:09:59.124+0900][356.685s][info][gc,heap     ] GC(135) Humongous regions: 0->0
[2025-08-12T22:09:59.124+0900][356.685s][info][gc,metaspace] GC(135) Metaspace: 93678K(94272K)->93678K(94272K) NonClass: 79644K(79936K)->79644K(79936K) Class: 14033K(14336K)->14033K(14336K)
[2025-08-12T22:09:59.124+0900][356.685s][info][gc          ] GC(135) Pause Young (Normal) (G1 Evacuation Pause) 171M->95M(212M) 3.458ms
[2025-08-12T22:09:59.124+0900][356.685s][info][gc,cpu      ] GC(135) User=0.01s Sys=0.00s Real=0.00s
[2025-08-12T22:10:00.068+0900][357.628s][info][gc,start    ] GC(136) Pause Young (Normal) (G1 Evacuation Pause)
[2025-08-12T22:10:00.068+0900][357.628s][info][gc,task     ] GC(136) Using 8 workers of 8 for evacuation
[2025-08-12T22:10:00.070+0900][357.631s][info][gc,phases   ] GC(136)   Pre Evacuate Collection Set: 0.1ms
[2025-08-12T22:10:00.070+0900][357.631s][info][gc,phases   ] GC(136)   Merge Heap Roots: 0.1ms
[2025-08-12T22:10:00.070+0900][357.631s][info][gc,phases   ] GC(136)   Evacuate Collection Set: 1.9ms
[2025-08-12T22:10:00.070+0900][357.631s][info][gc,phases   ] GC(136)   Post Evacuate Collection Set: 0.2ms
[2025-08-12T22:10:00.070+0900][357.631s][info][gc,phases   ] GC(136)   Other: 0.1ms
[2025-08-12T22:10:00.070+0900][357.631s][info][gc,heap     ] GC(136) Eden regions: 19->0(19)
[2025-08-12T22:10:00.070+0900][357.631s][info][gc,heap     ] GC(136) Survivor regions: 1->1(3)
[2025-08-12T22:10:00.070+0900][357.631s][info][gc,heap     ] GC(136) Old regions: 23->23
[2025-08-12T22:10:00.070+0900][357.631s][info][gc,heap     ] GC(136) Archive regions: 2->2
[2025-08-12T22:10:00.070+0900][357.631s][info][gc,heap     ] GC(136) Humongous regions: 0->0
[2025-08-12T22:10:00.070+0900][357.631s][info][gc,metaspace] GC(136) Metaspace: 93678K(94272K)->93678K(94272K) NonClass: 79644K(79936K)->79644K(79936K) Class: 14033K(14336K)->14033K(14336K)
[2025-08-12T22:10:00.070+0900][357.631s][info][gc          ] GC(136) Pause Young (Normal) (G1 Evacuation Pause) 171M->95M(212M) 2.462ms
[2025-08-12T22:10:00.070+0900][357.631s][info][gc,cpu      ] GC(136) User=0.01s Sys=0.00s Real=0.01s
[2025-08-12T22:10:01.020+0900][358.581s][info][gc,start    ] GC(137) Pause Young (Normal) (G1 Evacuation Pause)
[2025-08-12T22:10:01.020+0900][358.581s][info][gc,task     ] GC(137) Using 8 workers of 8 for evacuation
[2025-08-12T22:10:01.022+0900][358.583s][info][gc,phases   ] GC(137)   Pre Evacuate Collection Set: 0.1ms
[2025-08-12T22:10:01.022+0900][358.583s][info][gc,phases   ] GC(137)   Merge Heap Roots: 0.1ms
[2025-08-12T22:10:01.022+0900][358.583s][info][gc,phases   ] GC(137)   Evacuate Collection Set: 1.4ms
[2025-08-12T22:10:01.022+0900][358.583s][info][gc,phases   ] GC(137)   Post Evacuate Collection Set: 0.1ms
[2025-08-12T22:10:01.022+0900][358.583s][info][gc,phases   ] GC(137)   Other: 0.1ms
[2025-08-12T22:10:01.022+0900][358.583s][info][gc,heap     ] GC(137) Eden regions: 19->0(19)
[2025-08-12T22:10:01.022+0900][358.583s][info][gc,heap     ] GC(137) Survivor regions: 1->1(3)
[2025-08-12T22:10:01.022+0900][358.583s][info][gc,heap     ] GC(137) Old regions: 23->23
[2025-08-12T22:10:01.022+0900][358.583s][info][gc,heap     ] GC(137) Archive regions: 2->2
[2025-08-12T22:10:01.022+0900][358.583s][info][gc,heap     ] GC(137) Humongous regions: 0->0
[2025-08-12T22:10:01.022+0900][358.583s][info][gc,metaspace] GC(137) Metaspace: 93678K(94272K)->93678K(94272K) NonClass: 79644K(79936K)->79644K(79936K) Class: 14033K(14336K)->14033K(14336K)
[2025-08-12T22:10:01.022+0900][358.583s][info][gc          ] GC(137) Pause Young (Normal) (G1 Evacuation Pause) 171M->95M(212M) 1.750ms
[2025-08-12T22:10:01.022+0900][358.583s][info][gc,cpu      ] GC(137) User=0.01s Sys=0.00s Real=0.00s
[2025-08-12T22:10:02.051+0900][359.612s][info][gc,start    ] GC(138) Pause Young (Normal) (G1 Evacuation Pause)
[2025-08-12T22:10:02.051+0900][359.612s][info][gc,task     ] GC(138) Using 8 workers of 8 for evacuation
[2025-08-12T22:10:02.053+0900][359.614s][info][gc,phases   ] GC(138)   Pre Evacuate Collection Set: 0.1ms
[2025-08-12T22:10:02.053+0900][359.614s][info][gc,phases   ] GC(138)   Merge Heap Roots: 0.1ms
[2025-08-12T22:10:02.053+0900][359.614s][info][gc,phases   ] GC(138)   Evacuate Collection Set: 1.3ms
[2025-08-12T22:10:02.053+0900][359.614s][info][gc,phases   ] GC(138)   Post Evacuate Collection Set: 0.2ms
[2025-08-12T22:10:02.053+0900][359.614s][info][gc,phases   ] GC(138)   Other: 0.1ms
[2025-08-12T22:10:02.053+0900][359.614s][info][gc,heap     ] GC(138) Eden regions: 19->0(19)
[2025-08-12T22:10:02.053+0900][359.614s][info][gc,heap     ] GC(138) Survivor regions: 1->1(3)
[2025-08-12T22:10:02.053+0900][359.614s][info][gc,heap     ] GC(138) Old regions: 23->23
[2025-08-12T22:10:02.053+0900][359.614s][info][gc,heap     ] GC(138) Archive regions: 2->2
[2025-08-12T22:10:02.053+0900][359.614s][info][gc,heap     ] GC(138) Humongous regions: 0->0
[2025-08-12T22:10:02.053+0900][359.614s][info][gc,metaspace] GC(138) Metaspace: 93678K(94272K)->93678K(94272K) NonClass: 79644K(79936K)->79644K(79936K) Class: 14033K(14336K)->14033K(14336K)
[2025-08-12T22:10:02.053+0900][359.614s][info][gc          ] GC(138) Pause Young (Normal) (G1 Evacuation Pause) 171M->95M(212M) 1.779ms
[2025-08-12T22:10:02.053+0900][359.614s][info][gc,cpu      ] GC(138) User=0.01s Sys=0.00s Real=0.00s
[2025-08-12T22:10:03.028+0900][360.589s][info][gc,start    ] GC(139) Pause Young (Normal) (G1 Evacuation Pause)
[2025-08-12T22:10:03.028+0900][360.589s][info][gc,task     ] GC(139) Using 8 workers of 8 for evacuation
[2025-08-12T22:10:03.030+0900][360.591s][info][gc,phases   ] GC(139)   Pre Evacuate Collection Set: 0.1ms
[2025-08-12T22:10:03.030+0900][360.591s][info][gc,phases   ] GC(139)   Merge Heap Roots: 0.1ms
[2025-08-12T22:10:03.030+0900][360.591s][info][gc,phases   ] GC(139)   Evacuate Collection Set: 1.7ms
[2025-08-12T22:10:03.030+0900][360.591s][info][gc,phases   ] GC(139)   Post Evacuate Collection Set: 0.2ms
[2025-08-12T22:10:03.030+0900][360.591s][info][gc,phases   ] GC(139)   Other: 0.1ms
[2025-08-12T22:10:03.030+0900][360.591s][info][gc,heap     ] GC(139) Eden regions: 19->0(19)
[2025-08-12T22:10:03.030+0900][360.591s][info][gc,heap     ] GC(139) Survivor regions: 1->1(3)
[2025-08-12T22:10:03.030+0900][360.591s][info][gc,heap     ] GC(139) Old regions: 23->23
[2025-08-12T22:10:03.030+0900][360.591s][info][gc,heap     ] GC(139) Archive regions: 2->2
[2025-08-12T22:10:03.030+0900][360.591s][info][gc,heap     ] GC(139) Humongous regions: 0->0
[2025-08-12T22:10:03.030+0900][360.591s][info][gc,metaspace] GC(139) Metaspace: 93678K(94272K)->93678K(94272K) NonClass: 79644K(79936K)->79644K(79936K) Class: 14033K(14336K)->14033K(14336K)
[2025-08-12T22:10:03.030+0900][360.591s][info][gc          ] GC(139) Pause Young (Normal) (G1 Evacuation Pause) 171M->95M(212M) 2.141ms
[2025-08-12T22:10:03.030+0900][360.591s][info][gc,cpu      ] GC(139) User=0.01s Sys=0.00s Real=0.01s
[2025-08-12T22:10:04.055+0900][361.616s][info][gc,start    ] GC(140) Pause Young (Normal) (G1 Evacuation Pause)
[2025-08-12T22:10:04.055+0900][361.616s][info][gc,task     ] GC(140) Using 8 workers of 8 for evacuation
[2025-08-12T22:10:04.057+0900][361.618s][info][gc,phases   ] GC(140)   Pre Evacuate Collection Set: 0.1ms
[2025-08-12T22:10:04.057+0900][361.618s][info][gc,phases   ] GC(140)   Merge Heap Roots: 0.1ms
[2025-08-12T22:10:04.057+0900][361.618s][info][gc,phases   ] GC(140)   Evacuate Collection Set: 1.5ms
[2025-08-12T22:10:04.057+0900][361.618s][info][gc,phases   ] GC(140)   Post Evacuate Collection Set: 0.1ms
[2025-08-12T22:10:04.057+0900][361.618s][info][gc,phases   ] GC(140)   Other: 0.2ms
[2025-08-12T22:10:04.057+0900][361.618s][info][gc,heap     ] GC(140) Eden regions: 19->0(19)
[2025-08-12T22:10:04.057+0900][361.618s][info][gc,heap     ] GC(140) Survivor regions: 1->1(3)
[2025-08-12T22:10:04.057+0900][361.618s][info][gc,heap     ] GC(140) Old regions: 23->23
[2025-08-12T22:10:04.057+0900][361.618s][info][gc,heap     ] GC(140) Archive regions: 2->2
[2025-08-12T22:10:04.057+0900][361.618s][info][gc,heap     ] GC(140) Humongous regions: 0->0
[2025-08-12T22:10:04.057+0900][361.618s][info][gc,metaspace] GC(140) Metaspace: 93678K(94272K)->93678K(94272K) NonClass: 79644K(79936K)->79644K(79936K) Class: 14033K(14336K)->14033K(14336K)
[2025-08-12T22:10:04.057+0900][361.618s][info][gc          ] GC(140) Pause Young (Normal) (G1 Evacuation Pause) 171M->95M(212M) 2.017ms
[2025-08-12T22:10:04.057+0900][361.618s][info][gc,cpu      ] GC(140) User=0.01s Sys=0.00s Real=0.00s
[2025-08-12T22:10:05.025+0900][362.586s][info][gc,start    ] GC(141) Pause Young (Normal) (G1 Evacuation Pause)
[2025-08-12T22:10:05.025+0900][362.586s][info][gc,task     ] GC(141) Using 8 workers of 8 for evacuation
[2025-08-12T22:10:05.027+0900][362.588s][info][gc,phases   ] GC(141)   Pre Evacuate Collection Set: 0.1ms
[2025-08-12T22:10:05.027+0900][362.588s][info][gc,phases   ] GC(141)   Merge Heap Roots: 0.1ms
[2025-08-12T22:10:05.027+0900][362.588s][info][gc,phases   ] GC(141)   Evacuate Collection Set: 1.6ms
[2025-08-12T22:10:05.027+0900][362.588s][info][gc,phases   ] GC(141)   Post Evacuate Collection Set: 0.3ms
[2025-08-12T22:10:05.027+0900][362.588s][info][gc,phases   ] GC(141)   Other: 0.1ms
[2025-08-12T22:10:05.027+0900][362.588s][info][gc,heap     ] GC(141) Eden regions: 19->0(19)
[2025-08-12T22:10:05.027+0900][362.588s][info][gc,heap     ] GC(141) Survivor regions: 1->1(3)
[2025-08-12T22:10:05.027+0900][362.588s][info][gc,heap     ] GC(141) Old regions: 23->23
[2025-08-12T22:10:05.027+0900][362.588s][info][gc,heap     ] GC(141) Archive regions: 2->2
[2025-08-12T22:10:05.027+0900][362.588s][info][gc,heap     ] GC(141) Humongous regions: 0->0
[2025-08-12T22:10:05.027+0900][362.588s][info][gc,metaspace] GC(141) Metaspace: 93678K(94272K)->93678K(94272K) NonClass: 79644K(79936K)->79644K(79936K) Class: 14033K(14336K)->14033K(14336K)
[2025-08-12T22:10:05.027+0900][362.588s][info][gc          ] GC(141) Pause Young (Normal) (G1 Evacuation Pause) 171M->95M(212M) 2.135ms
[2025-08-12T22:10:05.027+0900][362.588s][info][gc,cpu      ] GC(141) User=0.01s Sys=0.00s Real=0.00s
[2025-08-12T22:10:05.949+0900][363.510s][info][gc,start    ] GC(142) Pause Young (Normal) (G1 Evacuation Pause)
[2025-08-12T22:10:05.949+0900][363.510s][info][gc,task     ] GC(142) Using 8 workers of 8 for evacuation
[2025-08-12T22:10:05.951+0900][363.512s][info][gc,phases   ] GC(142)   Pre Evacuate Collection Set: 0.1ms
[2025-08-12T22:10:05.951+0900][363.512s][info][gc,phases   ] GC(142)   Merge Heap Roots: 0.1ms
[2025-08-12T22:10:05.951+0900][363.512s][info][gc,phases   ] GC(142)   Evacuate Collection Set: 1.5ms
[2025-08-12T22:10:05.951+0900][363.512s][info][gc,phases   ] GC(142)   Post Evacuate Collection Set: 0.2ms
[2025-08-12T22:10:05.951+0900][363.512s][info][gc,phases   ] GC(142)   Other: 0.1ms
[2025-08-12T22:10:05.951+0900][363.512s][info][gc,heap     ] GC(142) Eden regions: 19->0(19)
[2025-08-12T22:10:05.951+0900][363.512s][info][gc,heap     ] GC(142) Survivor regions: 1->1(3)
[2025-08-12T22:10:05.951+0900][363.512s][info][gc,heap     ] GC(142) Old regions: 23->23
[2025-08-12T22:10:05.951+0900][363.512s][info][gc,heap     ] GC(142) Archive regions: 2->2
[2025-08-12T22:10:05.951+0900][363.512s][info][gc,heap     ] GC(142) Humongous regions: 0->0
[2025-08-12T22:10:05.951+0900][363.512s][info][gc,metaspace] GC(142) Metaspace: 93678K(94272K)->93678K(94272K) NonClass: 79644K(79936K)->79644K(79936K) Class: 14033K(14336K)->14033K(14336K)
[2025-08-12T22:10:05.951+0900][363.512s][info][gc          ] GC(142) Pause Young (Normal) (G1 Evacuation Pause) 171M->95M(212M) 2.102ms
[2025-08-12T22:10:05.951+0900][363.512s][info][gc,cpu      ] GC(142) User=0.00s Sys=0.00s Real=0.01s
[2025-08-12T22:10:06.973+0900][364.534s][info][gc,start    ] GC(143) Pause Young (Normal) (G1 Evacuation Pause)
[2025-08-12T22:10:06.973+0900][364.534s][info][gc,task     ] GC(143) Using 8 workers of 8 for evacuation
[2025-08-12T22:10:06.975+0900][364.536s][info][gc,phases   ] GC(143)   Pre Evacuate Collection Set: 0.1ms
[2025-08-12T22:10:06.975+0900][364.536s][info][gc,phases   ] GC(143)   Merge Heap Roots: 0.1ms
[2025-08-12T22:10:06.975+0900][364.536s][info][gc,phases   ] GC(143)   Evacuate Collection Set: 1.3ms
[2025-08-12T22:10:06.975+0900][364.536s][info][gc,phases   ] GC(143)   Post Evacuate Collection Set: 0.1ms
[2025-08-12T22:10:06.975+0900][364.536s][info][gc,phases   ] GC(143)   Other: 0.1ms
[2025-08-12T22:10:06.975+0900][364.536s][info][gc,heap     ] GC(143) Eden regions: 19->0(19)
[2025-08-12T22:10:06.975+0900][364.536s][info][gc,heap     ] GC(143) Survivor regions: 1->1(3)
[2025-08-12T22:10:06.975+0900][364.536s][info][gc,heap     ] GC(143) Old regions: 23->23
[2025-08-12T22:10:06.975+0900][364.536s][info][gc,heap     ] GC(143) Archive regions: 2->2
[2025-08-12T22:10:06.975+0900][364.536s][info][gc,heap     ] GC(143) Humongous regions: 0->0
[2025-08-12T22:10:06.975+0900][364.536s][info][gc,metaspace] GC(143) Metaspace: 93678K(94272K)->93678K(94272K) NonClass: 79644K(79936K)->79644K(79936K) Class: 14033K(14336K)->14033K(14336K)
[2025-08-12T22:10:06.975+0900][364.536s][info][gc          ] GC(143) Pause Young (Normal) (G1 Evacuation Pause) 171M->95M(212M) 1.692ms
[2025-08-12T22:10:06.975+0900][364.536s][info][gc,cpu      ] GC(143) User=0.01s Sys=0.00s Real=0.00s
[2025-08-12T22:10:07.912+0900][365.473s][info][gc,start    ] GC(144) Pause Young (Normal) (G1 Evacuation Pause)
[2025-08-12T22:10:07.912+0900][365.473s][info][gc,task     ] GC(144) Using 8 workers of 8 for evacuation
[2025-08-12T22:10:07.914+0900][365.475s][info][gc,phases   ] GC(144)   Pre Evacuate Collection Set: 0.1ms
[2025-08-12T22:10:07.914+0900][365.475s][info][gc,phases   ] GC(144)   Merge Heap Roots: 0.1ms
[2025-08-12T22:10:07.914+0900][365.475s][info][gc,phases   ] GC(144)   Evacuate Collection Set: 1.7ms
[2025-08-12T22:10:07.914+0900][365.475s][info][gc,phases   ] GC(144)   Post Evacuate Collection Set: 0.3ms
[2025-08-12T22:10:07.914+0900][365.475s][info][gc,phases   ] GC(144)   Other: 0.1ms
[2025-08-12T22:10:07.914+0900][365.475s][info][gc,heap     ] GC(144) Eden regions: 19->0(19)
[2025-08-12T22:10:07.914+0900][365.475s][info][gc,heap     ] GC(144) Survivor regions: 1->1(3)
[2025-08-12T22:10:07.914+0900][365.475s][info][gc,heap     ] GC(144) Old regions: 23->23
[2025-08-12T22:10:07.914+0900][365.475s][info][gc,heap     ] GC(144) Archive regions: 2->2
[2025-08-12T22:10:07.914+0900][365.475s][info][gc,heap     ] GC(144) Humongous regions: 0->0
[2025-08-12T22:10:07.914+0900][365.475s][info][gc,metaspace] GC(144) Metaspace: 93678K(94272K)->93678K(94272K) NonClass: 79644K(79936K)->79644K(79936K) Class: 14033K(14336K)->14033K(14336K)
[2025-08-12T22:10:07.914+0900][365.475s][info][gc          ] GC(144) Pause Young (Normal) (G1 Evacuation Pause) 171M->95M(212M) 2.266ms
[2025-08-12T22:10:07.914+0900][365.475s][info][gc,cpu      ] GC(144) User=0.01s Sys=0.00s Real=0.00s
[2025-08-12T22:10:08.891+0900][366.452s][info][gc,start    ] GC(145) Pause Young (Normal) (G1 Evacuation Pause)
[2025-08-12T22:10:08.891+0900][366.452s][info][gc,task     ] GC(145) Using 8 workers of 8 for evacuation
[2025-08-12T22:10:08.893+0900][366.454s][info][gc,phases   ] GC(145)   Pre Evacuate Collection Set: 0.1ms
[2025-08-12T22:10:08.893+0900][366.454s][info][gc,phases   ] GC(145)   Merge Heap Roots: 0.1ms
[2025-08-12T22:10:08.893+0900][366.454s][info][gc,phases   ] GC(145)   Evacuate Collection Set: 1.6ms
[2025-08-12T22:10:08.893+0900][366.454s][info][gc,phases   ] GC(145)   Post Evacuate Collection Set: 0.1ms
[2025-08-12T22:10:08.893+0900][366.454s][info][gc,phases   ] GC(145)   Other: 0.1ms
[2025-08-12T22:10:08.893+0900][366.454s][info][gc,heap     ] GC(145) Eden regions: 19->0(19)
[2025-08-12T22:10:08.893+0900][366.454s][info][gc,heap     ] GC(145) Survivor regions: 1->1(3)
[2025-08-12T22:10:08.893+0900][366.454s][info][gc,heap     ] GC(145) Old regions: 23->23
[2025-08-12T22:10:08.893+0900][366.454s][info][gc,heap     ] GC(145) Archive regions: 2->2
[2025-08-12T22:10:08.893+0900][366.454s][info][gc,heap     ] GC(145) Humongous regions: 0->0
[2025-08-12T22:10:08.893+0900][366.454s][info][gc,metaspace] GC(145) Metaspace: 93678K(94272K)->93678K(94272K) NonClass: 79644K(79936K)->79644K(79936K) Class: 14033K(14336K)->14033K(14336K)
[2025-08-12T22:10:08.893+0900][366.454s][info][gc          ] GC(145) Pause Young (Normal) (G1 Evacuation Pause) 171M->95M(212M) 2.007ms
[2025-08-12T22:10:08.893+0900][366.454s][info][gc,cpu      ] GC(145) User=0.01s Sys=0.00s Real=0.00s
[2025-08-12T22:10:09.842+0900][367.403s][info][gc,start    ] GC(146) Pause Young (Normal) (G1 Evacuation Pause)
[2025-08-12T22:10:09.842+0900][367.403s][info][gc,task     ] GC(146) Using 8 workers of 8 for evacuation
[2025-08-12T22:10:09.844+0900][367.405s][info][gc,phases   ] GC(146)   Pre Evacuate Collection Set: 0.1ms
[2025-08-12T22:10:09.844+0900][367.405s][info][gc,phases   ] GC(146)   Merge Heap Roots: 0.1ms
[2025-08-12T22:10:09.844+0900][367.405s][info][gc,phases   ] GC(146)   Evacuate Collection Set: 1.8ms
[2025-08-12T22:10:09.844+0900][367.405s][info][gc,phases   ] GC(146)   Post Evacuate Collection Set: 0.2ms
[2025-08-12T22:10:09.844+0900][367.405s][info][gc,phases   ] GC(146)   Other: 0.1ms
[2025-08-12T22:10:09.844+0900][367.405s][info][gc,heap     ] GC(146) Eden regions: 19->0(19)
[2025-08-12T22:10:09.844+0900][367.405s][info][gc,heap     ] GC(146) Survivor regions: 1->1(3)
[2025-08-12T22:10:09.844+0900][367.405s][info][gc,heap     ] GC(146) Old regions: 23->23
[2025-08-12T22:10:09.844+0900][367.405s][info][gc,heap     ] GC(146) Archive regions: 2->2
[2025-08-12T22:10:09.844+0900][367.405s][info][gc,heap     ] GC(146) Humongous regions: 0->0
[2025-08-12T22:10:09.844+0900][367.405s][info][gc,metaspace] GC(146) Metaspace: 93678K(94272K)->93678K(94272K) NonClass: 79644K(79936K)->79644K(79936K) Class: 14033K(14336K)->14033K(14336K)
[2025-08-12T22:10:09.844+0900][367.405s][info][gc          ] GC(146) Pause Young (Normal) (G1 Evacuation Pause) 171M->95M(212M) 2.263ms
[2025-08-12T22:10:09.844+0900][367.405s][info][gc,cpu      ] GC(146) User=0.01s Sys=0.00s Real=0.00s
[2025-08-12T22:10:10.881+0900][368.442s][info][gc,start    ] GC(147) Pause Young (Normal) (G1 Evacuation Pause)
[2025-08-12T22:10:10.882+0900][368.443s][info][gc,task     ] GC(147) Using 8 workers of 8 for evacuation
[2025-08-12T22:10:10.884+0900][368.445s][info][gc,phases   ] GC(147)   Pre Evacuate Collection Set: 0.1ms
[2025-08-12T22:10:10.884+0900][368.445s][info][gc,phases   ] GC(147)   Merge Heap Roots: 0.1ms
[2025-08-12T22:10:10.884+0900][368.445s][info][gc,phases   ] GC(147)   Evacuate Collection Set: 1.4ms
[2025-08-12T22:10:10.884+0900][368.445s][info][gc,phases   ] GC(147)   Post Evacuate Collection Set: 0.1ms
[2025-08-12T22:10:10.884+0900][368.445s][info][gc,phases   ] GC(147)   Other: 0.7ms
[2025-08-12T22:10:10.884+0900][368.445s][info][gc,heap     ] GC(147) Eden regions: 19->0(19)
[2025-08-12T22:10:10.884+0900][368.445s][info][gc,heap     ] GC(147) Survivor regions: 1->1(3)
[2025-08-12T22:10:10.884+0900][368.445s][info][gc,heap     ] GC(147) Old regions: 23->23
[2025-08-12T22:10:10.884+0900][368.445s][info][gc,heap     ] GC(147) Archive regions: 2->2
[2025-08-12T22:10:10.884+0900][368.445s][info][gc,heap     ] GC(147) Humongous regions: 0->0
[2025-08-12T22:10:10.884+0900][368.445s][info][gc,metaspace] GC(147) Metaspace: 93678K(94272K)->93678K(94272K) NonClass: 79644K(79936K)->79644K(79936K) Class: 14033K(14336K)->14033K(14336K)
[2025-08-12T22:10:10.884+0900][368.445s][info][gc          ] GC(147) Pause Young (Normal) (G1 Evacuation Pause) 171M->95M(212M) 2.396ms
[2025-08-12T22:10:10.884+0900][368.445s][info][gc,cpu      ] GC(147) User=0.01s Sys=0.00s Real=0.00s
[2025-08-12T22:10:11.824+0900][369.385s][info][gc,start    ] GC(148) Pause Young (Normal) (G1 Evacuation Pause)
[2025-08-12T22:10:11.824+0900][369.385s][info][gc,task     ] GC(148) Using 8 workers of 8 for evacuation
[2025-08-12T22:10:11.826+0900][369.387s][info][gc,phases   ] GC(148)   Pre Evacuate Collection Set: 0.1ms
[2025-08-12T22:10:11.826+0900][369.387s][info][gc,phases   ] GC(148)   Merge Heap Roots: 0.1ms
[2025-08-12T22:10:11.826+0900][369.387s][info][gc,phases   ] GC(148)   Evacuate Collection Set: 1.7ms
[2025-08-12T22:10:11.826+0900][369.387s][info][gc,phases   ] GC(148)   Post Evacuate Collection Set: 0.2ms
[2025-08-12T22:10:11.826+0900][369.387s][info][gc,phases   ] GC(148)   Other: 0.1ms
[2025-08-12T22:10:11.826+0900][369.387s][info][gc,heap     ] GC(148) Eden regions: 19->0(19)
[2025-08-12T22:10:11.826+0900][369.387s][info][gc,heap     ] GC(148) Survivor regions: 1->1(3)
[2025-08-12T22:10:11.826+0900][369.387s][info][gc,heap     ] GC(148) Old regions: 23->23
[2025-08-12T22:10:11.826+0900][369.387s][info][gc,heap     ] GC(148) Archive regions: 2->2
[2025-08-12T22:10:11.826+0900][369.387s][info][gc,heap     ] GC(148) Humongous regions: 0->0
[2025-08-12T22:10:11.826+0900][369.387s][info][gc,metaspace] GC(148) Metaspace: 93678K(94272K)->93678K(94272K) NonClass: 79644K(79936K)->79644K(79936K) Class: 14033K(14336K)->14033K(14336K)
[2025-08-12T22:10:11.826+0900][369.387s][info][gc          ] GC(148) Pause Young (Normal) (G1 Evacuation Pause) 171M->95M(212M) 2.277ms
[2025-08-12T22:10:11.826+0900][369.387s][info][gc,cpu      ] GC(148) User=0.01s Sys=0.00s Real=0.00s
[2025-08-12T22:10:12.830+0900][370.391s][info][gc,start    ] GC(149) Pause Young (Normal) (G1 Evacuation Pause)
[2025-08-12T22:10:12.830+0900][370.391s][info][gc,task     ] GC(149) Using 8 workers of 8 for evacuation
[2025-08-12T22:10:12.832+0900][370.393s][info][gc,phases   ] GC(149)   Pre Evacuate Collection Set: 0.1ms
[2025-08-12T22:10:12.832+0900][370.393s][info][gc,phases   ] GC(149)   Merge Heap Roots: 0.1ms
[2025-08-12T22:10:12.832+0900][370.393s][info][gc,phases   ] GC(149)   Evacuate Collection Set: 1.7ms
[2025-08-12T22:10:12.832+0900][370.393s][info][gc,phases   ] GC(149)   Post Evacuate Collection Set: 0.2ms
[2025-08-12T22:10:12.832+0900][370.393s][info][gc,phases   ] GC(149)   Other: 0.1ms
[2025-08-12T22:10:12.832+0900][370.393s][info][gc,heap     ] GC(149) Eden regions: 19->0(19)
[2025-08-12T22:10:12.832+0900][370.393s][info][gc,heap     ] GC(149) Survivor regions: 1->1(3)
[2025-08-12T22:10:12.832+0900][370.393s][info][gc,heap     ] GC(149) Old regions: 23->23
[2025-08-12T22:10:12.832+0900][370.393s][info][gc,heap     ] GC(149) Archive regions: 2->2
[2025-08-12T22:10:12.832+0900][370.393s][info][gc,heap     ] GC(149) Humongous regions: 0->0
[2025-08-12T22:10:12.832+0900][370.393s][info][gc,metaspace] GC(149) Metaspace: 93678K(94272K)->93678K(94272K) NonClass: 79644K(79936K)->79644K(79936K) Class: 14033K(14336K)->14033K(14336K)
[2025-08-12T22:10:12.832+0900][370.393s][info][gc          ] GC(149) Pause Young (Normal) (G1 Evacuation Pause) 171M->95M(212M) 2.180ms
[2025-08-12T22:10:12.832+0900][370.393s][info][gc,cpu      ] GC(149) User=0.01s Sys=0.00s Real=0.00s
[2025-08-12T22:10:13.809+0900][371.370s][info][gc,start    ] GC(150) Pause Young (Normal) (G1 Evacuation Pause)
[2025-08-12T22:10:13.809+0900][371.370s][info][gc,task     ] GC(150) Using 8 workers of 8 for evacuation
[2025-08-12T22:10:13.811+0900][371.372s][info][gc,phases   ] GC(150)   Pre Evacuate Collection Set: 0.1ms
[2025-08-12T22:10:13.811+0900][371.372s][info][gc,phases   ] GC(150)   Merge Heap Roots: 0.1ms
[2025-08-12T22:10:13.811+0900][371.372s][info][gc,phases   ] GC(150)   Evacuate Collection Set: 1.6ms
[2025-08-12T22:10:13.811+0900][371.372s][info][gc,phases   ] GC(150)   Post Evacuate Collection Set: 0.2ms
[2025-08-12T22:10:13.811+0900][371.372s][info][gc,phases   ] GC(150)   Other: 0.1ms
[2025-08-12T22:10:13.811+0900][371.372s][info][gc,heap     ] GC(150) Eden regions: 19->0(19)
[2025-08-12T22:10:13.811+0900][371.372s][info][gc,heap     ] GC(150) Survivor regions: 1->1(3)
[2025-08-12T22:10:13.811+0900][371.372s][info][gc,heap     ] GC(150) Old regions: 23->23
[2025-08-12T22:10:13.811+0900][371.372s][info][gc,heap     ] GC(150) Archive regions: 2->2
[2025-08-12T22:10:13.811+0900][371.372s][info][gc,heap     ] GC(150) Humongous regions: 0->0
[2025-08-12T22:10:13.811+0900][371.372s][info][gc,metaspace] GC(150) Metaspace: 93678K(94272K)->93678K(94272K) NonClass: 79644K(79936K)->79644K(79936K) Class: 14033K(14336K)->14033K(14336K)
[2025-08-12T22:10:13.811+0900][371.372s][info][gc          ] GC(150) Pause Young (Normal) (G1 Evacuation Pause) 171M->95M(212M) 2.104ms
[2025-08-12T22:10:13.811+0900][371.372s][info][gc,cpu      ] GC(150) User=0.01s Sys=0.00s Real=0.01s
[2025-08-12T22:10:14.814+0900][372.375s][info][gc,start    ] GC(151) Pause Young (Normal) (G1 Evacuation Pause)
[2025-08-12T22:10:14.814+0900][372.375s][info][gc,task     ] GC(151) Using 8 workers of 8 for evacuation
[2025-08-12T22:10:14.815+0900][372.377s][info][gc,phases   ] GC(151)   Pre Evacuate Collection Set: 0.1ms
[2025-08-12T22:10:14.815+0900][372.377s][info][gc,phases   ] GC(151)   Merge Heap Roots: 0.1ms
[2025-08-12T22:10:14.815+0900][372.377s][info][gc,phases   ] GC(151)   Evacuate Collection Set: 1.3ms
[2025-08-12T22:10:14.816+0900][372.377s][info][gc,phases   ] GC(151)   Post Evacuate Collection Set: 0.1ms
[2025-08-12T22:10:14.816+0900][372.377s][info][gc,phases   ] GC(151)   Other: 0.1ms
[2025-08-12T22:10:14.816+0900][372.377s][info][gc,heap     ] GC(151) Eden regions: 19->0(19)
[2025-08-12T22:10:14.816+0900][372.377s][info][gc,heap     ] GC(151) Survivor regions: 1->1(3)
[2025-08-12T22:10:14.816+0900][372.377s][info][gc,heap     ] GC(151) Old regions: 23->23
[2025-08-12T22:10:14.816+0900][372.377s][info][gc,heap     ] GC(151) Archive regions: 2->2
[2025-08-12T22:10:14.816+0900][372.377s][info][gc,heap     ] GC(151) Humongous regions: 0->0
[2025-08-12T22:10:14.816+0900][372.377s][info][gc,metaspace] GC(151) Metaspace: 93678K(94272K)->93678K(94272K) NonClass: 79644K(79936K)->79644K(79936K) Class: 14033K(14336K)->14033K(14336K)
[2025-08-12T22:10:14.816+0900][372.377s][info][gc          ] GC(151) Pause Young (Normal) (G1 Evacuation Pause) 171M->95M(212M) 1.678ms
[2025-08-12T22:10:14.816+0900][372.377s][info][gc,cpu      ] GC(151) User=0.01s Sys=0.00s Real=0.00s
[2025-08-12T22:10:15.853+0900][373.414s][info][gc,start    ] GC(152) Pause Young (Normal) (G1 Evacuation Pause)
[2025-08-12T22:10:15.853+0900][373.414s][info][gc,task     ] GC(152) Using 8 workers of 8 for evacuation
[2025-08-12T22:10:15.855+0900][373.416s][info][gc,phases   ] GC(152)   Pre Evacuate Collection Set: 0.1ms
[2025-08-12T22:10:15.855+0900][373.416s][info][gc,phases   ] GC(152)   Merge Heap Roots: 0.1ms
[2025-08-12T22:10:15.855+0900][373.416s][info][gc,phases   ] GC(152)   Evacuate Collection Set: 1.3ms
[2025-08-12T22:10:15.855+0900][373.416s][info][gc,phases   ] GC(152)   Post Evacuate Collection Set: 0.1ms
[2025-08-12T22:10:15.855+0900][373.416s][info][gc,phases   ] GC(152)   Other: 0.1ms
[2025-08-12T22:10:15.855+0900][373.416s][info][gc,heap     ] GC(152) Eden regions: 19->0(19)
[2025-08-12T22:10:15.855+0900][373.416s][info][gc,heap     ] GC(152) Survivor regions: 1->1(3)
[2025-08-12T22:10:15.855+0900][373.416s][info][gc,heap     ] GC(152) Old regions: 23->23
[2025-08-12T22:10:15.855+0900][373.416s][info][gc,heap     ] GC(152) Archive regions: 2->2
[2025-08-12T22:10:15.855+0900][373.416s][info][gc,heap     ] GC(152) Humongous regions: 0->0
[2025-08-12T22:10:15.855+0900][373.416s][info][gc,metaspace] GC(152) Metaspace: 93678K(94272K)->93678K(94272K) NonClass: 79644K(79936K)->79644K(79936K) Class: 14033K(14336K)->14033K(14336K)
[2025-08-12T22:10:15.855+0900][373.416s][info][gc          ] GC(152) Pause Young (Normal) (G1 Evacuation Pause) 171M->95M(212M) 1.744ms
[2025-08-12T22:10:15.855+0900][373.416s][info][gc,cpu      ] GC(152) User=0.01s Sys=0.00s Real=0.00s
[2025-08-12T22:10:16.856+0900][374.417s][info][gc,start    ] GC(153) Pause Young (Normal) (G1 Evacuation Pause)
[2025-08-12T22:10:16.857+0900][374.418s][info][gc,task     ] GC(153) Using 8 workers of 8 for evacuation
[2025-08-12T22:10:16.867+0900][374.428s][info][gc,phases   ] GC(153)   Pre Evacuate Collection Set: 0.3ms
[2025-08-12T22:10:16.867+0900][374.428s][info][gc,phases   ] GC(153)   Merge Heap Roots: 0.2ms
[2025-08-12T22:10:16.867+0900][374.429s][info][gc,phases   ] GC(153)   Evacuate Collection Set: 9.0ms
[2025-08-12T22:10:16.868+0900][374.429s][info][gc,phases   ] GC(153)   Post Evacuate Collection Set: 0.6ms
[2025-08-12T22:10:16.868+0900][374.429s][info][gc,phases   ] GC(153)   Other: 0.8ms
[2025-08-12T22:10:16.868+0900][374.429s][info][gc,heap     ] GC(153) Eden regions: 19->0(19)
[2025-08-12T22:10:16.868+0900][374.429s][info][gc,heap     ] GC(153) Survivor regions: 1->1(3)
[2025-08-12T22:10:16.868+0900][374.429s][info][gc,heap     ] GC(153) Old regions: 23->23
[2025-08-12T22:10:16.868+0900][374.429s][info][gc,heap     ] GC(153) Archive regions: 2->2
[2025-08-12T22:10:16.868+0900][374.429s][info][gc,heap     ] GC(153) Humongous regions: 0->0
[2025-08-12T22:10:16.868+0900][374.429s][info][gc,metaspace] GC(153) Metaspace: 93678K(94272K)->93678K(94272K) NonClass: 79644K(79936K)->79644K(79936K) Class: 14033K(14336K)->14033K(14336K)
[2025-08-12T22:10:16.868+0900][374.429s][info][gc          ] GC(153) Pause Young (Normal) (G1 Evacuation Pause) 171M->95M(212M) 11.621ms
[2025-08-12T22:10:16.868+0900][374.429s][info][gc,cpu      ] GC(153) User=0.03s Sys=0.01s Real=0.01s
[2025-08-12T22:10:17.897+0900][375.458s][info][gc,start    ] GC(154) Pause Young (Normal) (G1 Evacuation Pause)
[2025-08-12T22:10:17.897+0900][375.458s][info][gc,task     ] GC(154) Using 8 workers of 8 for evacuation
[2025-08-12T22:10:17.908+0900][375.469s][info][gc,phases   ] GC(154)   Pre Evacuate Collection Set: 0.2ms
[2025-08-12T22:10:17.908+0900][375.469s][info][gc,phases   ] GC(154)   Merge Heap Roots: 0.1ms
[2025-08-12T22:10:17.908+0900][375.469s][info][gc,phases   ] GC(154)   Evacuate Collection Set: 8.6ms
[2025-08-12T22:10:17.908+0900][375.469s][info][gc,phases   ] GC(154)   Post Evacuate Collection Set: 2.1ms
[2025-08-12T22:10:17.908+0900][375.469s][info][gc,phases   ] GC(154)   Other: 0.2ms
[2025-08-12T22:10:17.908+0900][375.469s][info][gc,heap     ] GC(154) Eden regions: 19->0(19)
[2025-08-12T22:10:17.908+0900][375.469s][info][gc,heap     ] GC(154) Survivor regions: 1->1(3)
[2025-08-12T22:10:17.908+0900][375.469s][info][gc,heap     ] GC(154) Old regions: 23->23
[2025-08-12T22:10:17.908+0900][375.469s][info][gc,heap     ] GC(154) Archive regions: 2->2
[2025-08-12T22:10:17.908+0900][375.469s][info][gc,heap     ] GC(154) Humongous regions: 0->0
[2025-08-12T22:10:17.908+0900][375.469s][info][gc,metaspace] GC(154) Metaspace: 93678K(94272K)->93678K(94272K) NonClass: 79644K(79936K)->79644K(79936K) Class: 14033K(14336K)->14033K(14336K)
[2025-08-12T22:10:17.908+0900][375.469s][info][gc          ] GC(154) Pause Young (Normal) (G1 Evacuation Pause) 171M->95M(212M) 11.230ms
[2025-08-12T22:10:17.908+0900][375.469s][info][gc,cpu      ] GC(154) User=0.02s Sys=0.00s Real=0.01s
[2025-08-12T22:10:18.918+0900][376.479s][info][gc,start    ] GC(155) Pause Young (Normal) (G1 Evacuation Pause)
[2025-08-12T22:10:18.918+0900][376.479s][info][gc,task     ] GC(155) Using 8 workers of 8 for evacuation
[2025-08-12T22:10:18.921+0900][376.482s][info][gc,phases   ] GC(155)   Pre Evacuate Collection Set: 0.1ms
[2025-08-12T22:10:18.921+0900][376.482s][info][gc,phases   ] GC(155)   Merge Heap Roots: 0.1ms
[2025-08-12T22:10:18.921+0900][376.482s][info][gc,phases   ] GC(155)   Evacuate Collection Set: 2.4ms
[2025-08-12T22:10:18.921+0900][376.482s][info][gc,phases   ] GC(155)   Post Evacuate Collection Set: 0.3ms
[2025-08-12T22:10:18.921+0900][376.482s][info][gc,phases   ] GC(155)   Other: 0.2ms
[2025-08-12T22:10:18.921+0900][376.482s][info][gc,heap     ] GC(155) Eden regions: 19->0(19)
[2025-08-12T22:10:18.921+0900][376.482s][info][gc,heap     ] GC(155) Survivor regions: 1->1(3)
[2025-08-12T22:10:18.921+0900][376.482s][info][gc,heap     ] GC(155) Old regions: 23->23
[2025-08-12T22:10:18.921+0900][376.482s][info][gc,heap     ] GC(155) Archive regions: 2->2
[2025-08-12T22:10:18.921+0900][376.482s][info][gc,heap     ] GC(155) Humongous regions: 0->0
[2025-08-12T22:10:18.921+0900][376.482s][info][gc,metaspace] GC(155) Metaspace: 93678K(94272K)->93678K(94272K) NonClass: 79644K(79936K)->79644K(79936K) Class: 14033K(14336K)->14033K(14336K)
[2025-08-12T22:10:18.921+0900][376.482s][info][gc          ] GC(155) Pause Young (Normal) (G1 Evacuation Pause) 171M->95M(212M) 3.111ms
[2025-08-12T22:10:18.921+0900][376.482s][info][gc,cpu      ] GC(155) User=0.00s Sys=0.00s Real=0.01s
[2025-08-12T22:10:19.882+0900][377.443s][info][gc,start    ] GC(156) Pause Young (Normal) (G1 Evacuation Pause)
[2025-08-12T22:10:19.882+0900][377.443s][info][gc,task     ] GC(156) Using 8 workers of 8 for evacuation
[2025-08-12T22:10:19.884+0900][377.445s][info][gc,phases   ] GC(156)   Pre Evacuate Collection Set: 0.1ms
[2025-08-12T22:10:19.884+0900][377.445s][info][gc,phases   ] GC(156)   Merge Heap Roots: 0.1ms
[2025-08-12T22:10:19.884+0900][377.445s][info][gc,phases   ] GC(156)   Evacuate Collection Set: 1.7ms
[2025-08-12T22:10:19.884+0900][377.445s][info][gc,phases   ] GC(156)   Post Evacuate Collection Set: 0.2ms
[2025-08-12T22:10:19.884+0900][377.445s][info][gc,phases   ] GC(156)   Other: 0.1ms
[2025-08-12T22:10:19.884+0900][377.445s][info][gc,heap     ] GC(156) Eden regions: 19->0(19)
[2025-08-12T22:10:19.884+0900][377.445s][info][gc,heap     ] GC(156) Survivor regions: 1->1(3)
[2025-08-12T22:10:19.884+0900][377.445s][info][gc,heap     ] GC(156) Old regions: 23->23
[2025-08-12T22:10:19.884+0900][377.445s][info][gc,heap     ] GC(156) Archive regions: 2->2
[2025-08-12T22:10:19.884+0900][377.445s][info][gc,heap     ] GC(156) Humongous regions: 0->0
[2025-08-12T22:10:19.884+0900][377.445s][info][gc,metaspace] GC(156) Metaspace: 93678K(94272K)->93678K(94272K) NonClass: 79644K(79936K)->79644K(79936K) Class: 14033K(14336K)->14033K(14336K)
[2025-08-12T22:10:19.884+0900][377.445s][info][gc          ] GC(156) Pause Young (Normal) (G1 Evacuation Pause) 171M->95M(212M) 2.115ms
[2025-08-12T22:10:19.884+0900][377.445s][info][gc,cpu      ] GC(156) User=0.01s Sys=0.00s Real=0.00s
[2025-08-12T22:10:20.907+0900][378.468s][info][gc,start    ] GC(157) Pause Young (Normal) (G1 Evacuation Pause)
[2025-08-12T22:10:20.907+0900][378.468s][info][gc,task     ] GC(157) Using 8 workers of 8 for evacuation
[2025-08-12T22:10:20.910+0900][378.472s][info][gc,phases   ] GC(157)   Pre Evacuate Collection Set: 0.1ms
[2025-08-12T22:10:20.910+0900][378.472s][info][gc,phases   ] GC(157)   Merge Heap Roots: 0.1ms
[2025-08-12T22:10:20.910+0900][378.472s][info][gc,phases   ] GC(157)   Evacuate Collection Set: 2.8ms
[2025-08-12T22:10:20.910+0900][378.472s][info][gc,phases   ] GC(157)   Post Evacuate Collection Set: 0.4ms
[2025-08-12T22:10:20.910+0900][378.472s][info][gc,phases   ] GC(157)   Other: 0.1ms
[2025-08-12T22:10:20.910+0900][378.472s][info][gc,heap     ] GC(157) Eden regions: 19->0(19)
[2025-08-12T22:10:20.910+0900][378.472s][info][gc,heap     ] GC(157) Survivor regions: 1->1(3)
[2025-08-12T22:10:20.910+0900][378.472s][info][gc,heap     ] GC(157) Old regions: 23->23
[2025-08-12T22:10:20.910+0900][378.472s][info][gc,heap     ] GC(157) Archive regions: 2->2
[2025-08-12T22:10:20.910+0900][378.472s][info][gc,heap     ] GC(157) Humongous regions: 0->0
[2025-08-12T22:10:20.910+0900][378.472s][info][gc,metaspace] GC(157) Metaspace: 93678K(94272K)->93678K(94272K) NonClass: 79644K(79936K)->79644K(79936K) Class: 14033K(14336K)->14033K(14336K)
[2025-08-12T22:10:20.910+0900][378.472s][info][gc          ] GC(157) Pause Young (Normal) (G1 Evacuation Pause) 171M->95M(212M) 3.597ms
[2025-08-12T22:10:20.910+0900][378.472s][info][gc,cpu      ] GC(157) User=0.01s Sys=0.00s Real=0.01s
[2025-08-12T22:10:22.206+0900][379.767s][info][gc,start    ] GC(158) Pause Young (Normal) (G1 Evacuation Pause)
[2025-08-12T22:10:22.206+0900][379.767s][info][gc,task     ] GC(158) Using 8 workers of 8 for evacuation
[2025-08-12T22:10:22.210+0900][379.771s][info][gc,phases   ] GC(158)   Pre Evacuate Collection Set: 0.1ms
[2025-08-12T22:10:22.210+0900][379.771s][info][gc,phases   ] GC(158)   Merge Heap Roots: 0.1ms
[2025-08-12T22:10:22.210+0900][379.771s][info][gc,phases   ] GC(158)   Evacuate Collection Set: 3.2ms
[2025-08-12T22:10:22.210+0900][379.771s][info][gc,phases   ] GC(158)   Post Evacuate Collection Set: 0.2ms
[2025-08-12T22:10:22.210+0900][379.771s][info][gc,phases   ] GC(158)   Other: 0.2ms
[2025-08-12T22:10:22.210+0900][379.771s][info][gc,heap     ] GC(158) Eden regions: 19->0(19)
[2025-08-12T22:10:22.210+0900][379.771s][info][gc,heap     ] GC(158) Survivor regions: 1->1(3)
[2025-08-12T22:10:22.210+0900][379.771s][info][gc,heap     ] GC(158) Old regions: 23->23
[2025-08-12T22:10:22.210+0900][379.771s][info][gc,heap     ] GC(158) Archive regions: 2->2
[2025-08-12T22:10:22.210+0900][379.771s][info][gc,heap     ] GC(158) Humongous regions: 0->0
[2025-08-12T22:10:22.210+0900][379.771s][info][gc,metaspace] GC(158) Metaspace: 93678K(94272K)->93678K(94272K) NonClass: 79644K(79936K)->79644K(79936K) Class: 14033K(14336K)->14033K(14336K)
[2025-08-12T22:10:22.210+0900][379.771s][info][gc          ] GC(158) Pause Young (Normal) (G1 Evacuation Pause) 171M->95M(212M) 3.983ms
[2025-08-12T22:10:22.210+0900][379.771s][info][gc,cpu      ] GC(158) User=0.01s Sys=0.00s Real=0.01s
[2025-08-12T22:10:23.592+0900][381.153s][info][gc,start    ] GC(159) Pause Young (Normal) (G1 Evacuation Pause)
[2025-08-12T22:10:23.592+0900][381.154s][info][gc,task     ] GC(159) Using 8 workers of 8 for evacuation
[2025-08-12T22:10:23.594+0900][381.155s][info][gc,phases   ] GC(159)   Pre Evacuate Collection Set: 0.1ms
[2025-08-12T22:10:23.594+0900][381.155s][info][gc,phases   ] GC(159)   Merge Heap Roots: 0.1ms
[2025-08-12T22:10:23.594+0900][381.155s][info][gc,phases   ] GC(159)   Evacuate Collection Set: 1.2ms
[2025-08-12T22:10:23.594+0900][381.155s][info][gc,phases   ] GC(159)   Post Evacuate Collection Set: 0.3ms
[2025-08-12T22:10:23.594+0900][381.155s][info][gc,phases   ] GC(159)   Other: 0.4ms
[2025-08-12T22:10:23.594+0900][381.155s][info][gc,heap     ] GC(159) Eden regions: 19->0(19)
[2025-08-12T22:10:23.594+0900][381.155s][info][gc,heap     ] GC(159) Survivor regions: 1->1(3)
[2025-08-12T22:10:23.594+0900][381.155s][info][gc,heap     ] GC(159) Old regions: 23->23
[2025-08-12T22:10:23.594+0900][381.155s][info][gc,heap     ] GC(159) Archive regions: 2->2
[2025-08-12T22:10:23.594+0900][381.155s][info][gc,heap     ] GC(159) Humongous regions: 0->0
[2025-08-12T22:10:23.594+0900][381.155s][info][gc,metaspace] GC(159) Metaspace: 93678K(94272K)->93678K(94272K) NonClass: 79644K(79936K)->79644K(79936K) Class: 14033K(14336K)->14033K(14336K)
[2025-08-12T22:10:23.594+0900][381.155s][info][gc          ] GC(159) Pause Young (Normal) (G1 Evacuation Pause) 171M->94M(212M) 2.168ms
[2025-08-12T22:10:23.594+0900][381.156s][info][gc,cpu      ] GC(159) User=0.00s Sys=0.00s Real=0.00s
[2025-08-12T22:13:49.250+0900][586.846s][info][gc,start    ] GC(160) Pause Young (Normal) (G1 Evacuation Pause)
[2025-08-12T22:13:49.250+0900][586.846s][info][gc,task     ] GC(160) Using 8 workers of 8 for evacuation
[2025-08-12T22:13:49.256+0900][586.853s][info][gc,phases   ] GC(160)   Pre Evacuate Collection Set: 0.2ms
[2025-08-12T22:13:49.257+0900][586.853s][info][gc,phases   ] GC(160)   Merge Heap Roots: 0.3ms
[2025-08-12T22:13:49.257+0900][586.853s][info][gc,phases   ] GC(160)   Evacuate Collection Set: 5.3ms
[2025-08-12T22:13:49.257+0900][586.853s][info][gc,phases   ] GC(160)   Post Evacuate Collection Set: 0.4ms
[2025-08-12T22:13:49.257+0900][586.853s][info][gc,phases   ] GC(160)   Other: 0.7ms
[2025-08-12T22:13:49.257+0900][586.853s][info][gc,heap     ] GC(160) Eden regions: 19->0(17)
[2025-08-12T22:13:49.257+0900][586.853s][info][gc,heap     ] GC(160) Survivor regions: 1->2(3)
[2025-08-12T22:13:49.257+0900][586.853s][info][gc,heap     ] GC(160) Old regions: 23->23
[2025-08-12T22:13:49.257+0900][586.853s][info][gc,heap     ] GC(160) Archive regions: 2->2
[2025-08-12T22:13:49.257+0900][586.853s][info][gc,heap     ] GC(160) Humongous regions: 0->0
[2025-08-12T22:13:49.257+0900][586.853s][info][gc,metaspace] GC(160) Metaspace: 93678K(94272K)->93678K(94272K) NonClass: 79644K(79936K)->79644K(79936K) Class: 14033K(14336K)->14033K(14336K)
[2025-08-12T22:13:49.257+0900][586.853s][info][gc          ] GC(160) Pause Young (Normal) (G1 Evacuation Pause) 170M->97M(212M) 6.955ms
[2025-08-12T22:13:49.257+0900][586.853s][info][gc,cpu      ] GC(160) User=0.01s Sys=0.01s Real=0.00s
[2025-08-12T22:13:50.945+0900][588.542s][info][gc,start    ] GC(161) Pause Young (Normal) (G1 Evacuation Pause)
[2025-08-12T22:13:50.945+0900][588.543s][info][gc,task     ] GC(161) Using 8 workers of 8 for evacuation
[2025-08-12T22:13:50.952+0900][588.549s][info][gc,phases   ] GC(161)   Pre Evacuate Collection Set: 0.2ms
[2025-08-12T22:13:50.952+0900][588.549s][info][gc,phases   ] GC(161)   Merge Heap Roots: 0.1ms
[2025-08-12T22:13:50.952+0900][588.549s][info][gc,phases   ] GC(161)   Evacuate Collection Set: 5.6ms
[2025-08-12T22:13:50.952+0900][588.549s][info][gc,phases   ] GC(161)   Post Evacuate Collection Set: 0.5ms
[2025-08-12T22:13:50.952+0900][588.549s][info][gc,phases   ] GC(161)   Other: 0.3ms
[2025-08-12T22:13:50.952+0900][588.549s][info][gc,heap     ] GC(161) Eden regions: 17->0(16)
[2025-08-12T22:13:50.952+0900][588.549s][info][gc,heap     ] GC(161) Survivor regions: 2->3(3)
[2025-08-12T22:13:50.952+0900][588.549s][info][gc,heap     ] GC(161) Old regions: 23->23
[2025-08-12T22:13:50.952+0900][588.549s][info][gc,heap     ] GC(161) Archive regions: 2->2
[2025-08-12T22:13:50.952+0900][588.549s][info][gc,heap     ] GC(161) Humongous regions: 0->0
[2025-08-12T22:13:50.952+0900][588.549s][info][gc,metaspace] GC(161) Metaspace: 93678K(94272K)->93678K(94272K) NonClass: 79644K(79936K)->79644K(79936K) Class: 14033K(14336K)->14033K(14336K)
[2025-08-12T22:13:50.952+0900][588.549s][info][gc          ] GC(161) Pause Young (Normal) (G1 Evacuation Pause) 165M->100M(212M) 6.696ms
[2025-08-12T22:13:50.952+0900][588.549s][info][gc,cpu      ] GC(161) User=0.02s Sys=0.00s Real=0.01s
[2025-08-12T22:13:57.158+0900][594.759s][info][gc,start    ] GC(162) Pause Young (Normal) (G1 Evacuation Pause)
[2025-08-12T22:13:57.159+0900][594.759s][info][gc,task     ] GC(162) Using 8 workers of 8 for evacuation
[2025-08-12T22:13:57.166+0900][594.766s][info][gc,phases   ] GC(162)   Pre Evacuate Collection Set: 0.2ms
[2025-08-12T22:13:57.166+0900][594.766s][info][gc,phases   ] GC(162)   Merge Heap Roots: 0.2ms
[2025-08-12T22:13:57.166+0900][594.766s][info][gc,phases   ] GC(162)   Evacuate Collection Set: 6.3ms
[2025-08-12T22:13:57.166+0900][594.766s][info][gc,phases   ] GC(162)   Post Evacuate Collection Set: 0.3ms
[2025-08-12T22:13:57.166+0900][594.766s][info][gc,phases   ] GC(162)   Other: 0.3ms
[2025-08-12T22:13:57.166+0900][594.766s][info][gc,heap     ] GC(162) Eden regions: 16->0(17)
[2025-08-12T22:13:57.166+0900][594.766s][info][gc,heap     ] GC(162) Survivor regions: 3->2(3)
[2025-08-12T22:13:57.166+0900][594.766s][info][gc,heap     ] GC(162) Old regions: 23->23
[2025-08-12T22:13:57.166+0900][594.766s][info][gc,heap     ] GC(162) Archive regions: 2->2
[2025-08-12T22:13:57.166+0900][594.766s][info][gc,heap     ] GC(162) Humongous regions: 0->0
[2025-08-12T22:13:57.166+0900][594.766s][info][gc,metaspace] GC(162) Metaspace: 93678K(94272K)->93678K(94272K) NonClass: 79644K(79936K)->79644K(79936K) Class: 14033K(14336K)->14033K(14336K)
[2025-08-12T22:13:57.166+0900][594.766s][info][gc          ] GC(162) Pause Young (Normal) (G1 Evacuation Pause) 164M->100M(212M) 7.360ms
[2025-08-12T22:13:57.166+0900][594.766s][info][gc,cpu      ] GC(162) User=0.02s Sys=0.00s Real=0.01s
[2025-08-12T22:14:02.488+0900][600.089s][info][gc,start    ] GC(163) Pause Young (Normal) (G1 Evacuation Pause)
[2025-08-12T22:14:02.488+0900][600.089s][info][gc,task     ] GC(163) Using 8 workers of 8 for evacuation
[2025-08-12T22:14:02.492+0900][600.094s][info][gc,phases   ] GC(163)   Pre Evacuate Collection Set: 0.2ms
[2025-08-12T22:14:02.492+0900][600.094s][info][gc,phases   ] GC(163)   Merge Heap Roots: 0.2ms
[2025-08-12T22:14:02.492+0900][600.094s][info][gc,phases   ] GC(163)   Evacuate Collection Set: 3.5ms
[2025-08-12T22:14:02.492+0900][600.094s][info][gc,phases   ] GC(163)   Post Evacuate Collection Set: 0.5ms
[2025-08-12T22:14:02.492+0900][600.094s][info][gc,phases   ] GC(163)   Other: 0.3ms
[2025-08-12T22:14:02.492+0900][600.094s][info][gc,heap     ] GC(163) Eden regions: 17->0(18)
[2025-08-12T22:14:02.492+0900][600.094s][info][gc,heap     ] GC(163) Survivor regions: 2->1(3)
[2025-08-12T22:14:02.492+0900][600.094s][info][gc,heap     ] GC(163) Old regions: 23->23
[2025-08-12T22:14:02.492+0900][600.094s][info][gc,heap     ] GC(163) Archive regions: 2->2
[2025-08-12T22:14:02.492+0900][600.094s][info][gc,heap     ] GC(163) Humongous regions: 0->0
[2025-08-12T22:14:02.493+0900][600.094s][info][gc,metaspace] GC(163) Metaspace: 93678K(94272K)->93678K(94272K) NonClass: 79644K(79936K)->79644K(79936K) Class: 14033K(14336K)->14033K(14336K)
[2025-08-12T22:14:02.493+0900][600.094s][info][gc          ] GC(163) Pause Young (Normal) (G1 Evacuation Pause) 168M->99M(212M) 4.993ms
[2025-08-12T22:14:02.493+0900][600.094s][info][gc,cpu      ] GC(163) User=0.02s Sys=0.01s Real=0.01s
[2025-08-12T22:14:04.690+0900][602.293s][info][gc,start    ] GC(164) Pause Young (Normal) (G1 Evacuation Pause)
[2025-08-12T22:14:04.690+0900][602.293s][info][gc,task     ] GC(164) Using 8 workers of 8 for evacuation
[2025-08-12T22:14:04.695+0900][602.297s][info][gc,phases   ] GC(164)   Pre Evacuate Collection Set: 0.1ms
[2025-08-12T22:14:04.695+0900][602.297s][info][gc,phases   ] GC(164)   Merge Heap Roots: 0.1ms
[2025-08-12T22:14:04.695+0900][602.297s][info][gc,phases   ] GC(164)   Evacuate Collection Set: 3.6ms
[2025-08-12T22:14:04.695+0900][602.297s][info][gc,phases   ] GC(164)   Post Evacuate Collection Set: 0.3ms
[2025-08-12T22:14:04.695+0900][602.297s][info][gc,phases   ] GC(164)   Other: 0.2ms
[2025-08-12T22:14:04.695+0900][602.297s][info][gc,heap     ] GC(164) Eden regions: 18->0(18)
[2025-08-12T22:14:04.695+0900][602.297s][info][gc,heap     ] GC(164) Survivor regions: 1->2(3)
[2025-08-12T22:14:04.695+0900][602.297s][info][gc,heap     ] GC(164) Old regions: 23->23
[2025-08-12T22:14:04.695+0900][602.297s][info][gc,heap     ] GC(164) Archive regions: 2->2
[2025-08-12T22:14:04.695+0900][602.297s][info][gc,heap     ] GC(164) Humongous regions: 0->0
[2025-08-12T22:14:04.695+0900][602.297s][info][gc,metaspace] GC(164) Metaspace: 93678K(94272K)->93678K(94272K) NonClass: 79644K(79936K)->79644K(79936K) Class: 14033K(14336K)->14033K(14336K)
[2025-08-12T22:14:04.695+0900][602.297s][info][gc          ] GC(164) Pause Young (Normal) (G1 Evacuation Pause) 171M->101M(212M) 4.417ms
[2025-08-12T22:14:04.695+0900][602.297s][info][gc,cpu      ] GC(164) User=0.01s Sys=0.00s Real=0.00s
[2025-08-12T22:14:10.757+0900][608.360s][info][gc,start    ] GC(165) Pause Young (Normal) (G1 Evacuation Pause)
[2025-08-12T22:14:10.757+0900][608.360s][info][gc,task     ] GC(165) Using 8 workers of 8 for evacuation
[2025-08-12T22:14:10.763+0900][608.366s][info][gc,phases   ] GC(165)   Pre Evacuate Collection Set: 0.2ms
[2025-08-12T22:14:10.763+0900][608.367s][info][gc,phases   ] GC(165)   Merge Heap Roots: 0.2ms
[2025-08-12T22:14:10.763+0900][608.367s][info][gc,phases   ] GC(165)   Evacuate Collection Set: 5.4ms
[2025-08-12T22:14:10.763+0900][608.367s][info][gc,phases   ] GC(165)   Post Evacuate Collection Set: 0.3ms
[2025-08-12T22:14:10.763+0900][608.367s][info][gc,phases   ] GC(165)   Other: 0.3ms
[2025-08-12T22:14:10.763+0900][608.367s][info][gc,heap     ] GC(165) Eden regions: 18->0(18)
[2025-08-12T22:14:10.763+0900][608.367s][info][gc,heap     ] GC(165) Survivor regions: 2->2(3)
[2025-08-12T22:14:10.763+0900][608.367s][info][gc,heap     ] GC(165) Old regions: 23->23
[2025-08-12T22:14:10.763+0900][608.367s][info][gc,heap     ] GC(165) Archive regions: 2->2
[2025-08-12T22:14:10.763+0900][608.367s][info][gc,heap     ] GC(165) Humongous regions: 0->0
[2025-08-12T22:14:10.763+0900][608.367s][info][gc,metaspace] GC(165) Metaspace: 93678K(94272K)->93678K(94272K) NonClass: 79644K(79936K)->79644K(79936K) Class: 14033K(14336K)->14033K(14336K)
[2025-08-12T22:14:10.763+0900][608.367s][info][gc          ] GC(165) Pause Young (Normal) (G1 Evacuation Pause) 173M->100M(212M) 6.355ms
[2025-08-12T22:14:10.763+0900][608.367s][info][gc,cpu      ] GC(165) User=0.02s Sys=0.00s Real=0.01s
[2025-08-12T22:14:13.646+0900][611.250s][info][gc,start    ] GC(166) Pause Young (Normal) (G1 Evacuation Pause)
[2025-08-12T22:14:13.646+0900][611.250s][info][gc,task     ] GC(166) Using 8 workers of 8 for evacuation
[2025-08-12T22:14:13.649+0900][611.253s][info][gc,phases   ] GC(166)   Pre Evacuate Collection Set: 0.1ms
[2025-08-12T22:14:13.649+0900][611.253s][info][gc,phases   ] GC(166)   Merge Heap Roots: 0.1ms
[2025-08-12T22:14:13.649+0900][611.253s][info][gc,phases   ] GC(166)   Evacuate Collection Set: 2.1ms
[2025-08-12T22:14:13.649+0900][611.253s][info][gc,phases   ] GC(166)   Post Evacuate Collection Set: 0.5ms
[2025-08-12T22:14:13.649+0900][611.253s][info][gc,phases   ] GC(166)   Other: 0.2ms
[2025-08-12T22:14:13.649+0900][611.253s][info][gc,heap     ] GC(166) Eden regions: 18->0(19)
[2025-08-12T22:14:13.649+0900][611.253s][info][gc,heap     ] GC(166) Survivor regions: 2->1(3)
[2025-08-12T22:14:13.649+0900][611.253s][info][gc,heap     ] GC(166) Old regions: 23->23
[2025-08-12T22:14:13.649+0900][611.253s][info][gc,heap     ] GC(166) Archive regions: 2->2
[2025-08-12T22:14:13.649+0900][611.253s][info][gc,heap     ] GC(166) Humongous regions: 0->0
[2025-08-12T22:14:13.649+0900][611.253s][info][gc,metaspace] GC(166) Metaspace: 93678K(94272K)->93678K(94272K) NonClass: 79644K(79936K)->79644K(79936K) Class: 14033K(14336K)->14033K(14336K)
[2025-08-12T22:14:13.649+0900][611.253s][info][gc          ] GC(166) Pause Young (Normal) (G1 Evacuation Pause) 172M->99M(212M) 3.193ms
[2025-08-12T22:14:13.649+0900][611.253s][info][gc,cpu      ] GC(166) User=0.01s Sys=0.00s Real=0.00s
[2025-08-12T22:14:15.775+0900][613.379s][info][gc,start    ] GC(167) Pause Young (Normal) (G1 Evacuation Pause)
[2025-08-12T22:14:15.775+0900][613.379s][info][gc,task     ] GC(167) Using 8 workers of 8 for evacuation
[2025-08-12T22:14:15.783+0900][613.387s][info][gc,phases   ] GC(167)   Pre Evacuate Collection Set: 0.1ms
[2025-08-12T22:14:15.783+0900][613.387s][info][gc,phases   ] GC(167)   Merge Heap Roots: 0.1ms
[2025-08-12T22:14:15.783+0900][613.387s][info][gc,phases   ] GC(167)   Evacuate Collection Set: 7.1ms
[2025-08-12T22:14:15.783+0900][613.387s][info][gc,phases   ] GC(167)   Post Evacuate Collection Set: 0.4ms
[2025-08-12T22:14:15.783+0900][613.387s][info][gc,phases   ] GC(167)   Other: 0.2ms
[2025-08-12T22:14:15.783+0900][613.387s][info][gc,heap     ] GC(167) Eden regions: 19->0(18)
[2025-08-12T22:14:15.783+0900][613.387s][info][gc,heap     ] GC(167) Survivor regions: 1->2(3)
[2025-08-12T22:14:15.783+0900][613.387s][info][gc,heap     ] GC(167) Old regions: 23->23
[2025-08-12T22:14:15.783+0900][613.387s][info][gc,heap     ] GC(167) Archive regions: 2->2
[2025-08-12T22:14:15.783+0900][613.387s][info][gc,heap     ] GC(167) Humongous regions: 0->0
[2025-08-12T22:14:15.783+0900][613.387s][info][gc,metaspace] GC(167) Metaspace: 93678K(94272K)->93678K(94272K) NonClass: 79644K(79936K)->79644K(79936K) Class: 14033K(14336K)->14033K(14336K)
[2025-08-12T22:14:15.783+0900][613.387s][info][gc          ] GC(167) Pause Young (Normal) (G1 Evacuation Pause) 175M->101M(212M) 8.003ms
[2025-08-12T22:14:15.783+0900][613.387s][info][gc,cpu      ] GC(167) User=0.03s Sys=0.00s Real=0.01s
[2025-08-12T22:14:17.020+0900][614.625s][info][gc,start    ] GC(168) Pause Young (Normal) (G1 Evacuation Pause)
[2025-08-12T22:14:17.020+0900][614.625s][info][gc,task     ] GC(168) Using 8 workers of 8 for evacuation
[2025-08-12T22:14:17.027+0900][614.631s][info][gc,phases   ] GC(168)   Pre Evacuate Collection Set: 0.3ms
[2025-08-12T22:14:17.027+0900][614.631s][info][gc,phases   ] GC(168)   Merge Heap Roots: 0.2ms
[2025-08-12T22:14:17.027+0900][614.631s][info][gc,phases   ] GC(168)   Evacuate Collection Set: 5.5ms
[2025-08-12T22:14:17.027+0900][614.631s][info][gc,phases   ] GC(168)   Post Evacuate Collection Set: 0.4ms
[2025-08-12T22:14:17.027+0900][614.631s][info][gc,phases   ] GC(168)   Other: 0.3ms
[2025-08-12T22:14:17.027+0900][614.631s][info][gc,heap     ] GC(168) Eden regions: 18->0(18)
[2025-08-12T22:14:17.027+0900][614.631s][info][gc,heap     ] GC(168) Survivor regions: 2->2(3)
[2025-08-12T22:14:17.027+0900][614.631s][info][gc,heap     ] GC(168) Old regions: 23->23
[2025-08-12T22:14:17.027+0900][614.631s][info][gc,heap     ] GC(168) Archive regions: 2->2
[2025-08-12T22:14:17.027+0900][614.631s][info][gc,heap     ] GC(168) Humongous regions: 0->0
[2025-08-12T22:14:17.027+0900][614.631s][info][gc,metaspace] GC(168) Metaspace: 93678K(94272K)->93678K(94272K) NonClass: 79644K(79936K)->79644K(79936K) Class: 14033K(14336K)->14033K(14336K)
[2025-08-12T22:14:17.027+0900][614.631s][info][gc          ] GC(168) Pause Young (Normal) (G1 Evacuation Pause) 173M->101M(212M) 6.702ms
[2025-08-12T22:14:17.027+0900][614.631s][info][gc,cpu      ] GC(168) User=0.02s Sys=0.00s Real=0.00s
[2025-08-12T22:14:18.245+0900][615.850s][info][gc,start    ] GC(169) Pause Young (Normal) (G1 Evacuation Pause)
[2025-08-12T22:14:18.245+0900][615.850s][info][gc,task     ] GC(169) Using 8 workers of 8 for evacuation
[2025-08-12T22:14:18.254+0900][615.859s][info][gc,phases   ] GC(169)   Pre Evacuate Collection Set: 0.1ms
[2025-08-12T22:14:18.254+0900][615.859s][info][gc,phases   ] GC(169)   Merge Heap Roots: 0.1ms
[2025-08-12T22:14:18.255+0900][615.859s][info][gc,phases   ] GC(169)   Evacuate Collection Set: 7.6ms
[2025-08-12T22:14:18.255+0900][615.859s][info][gc,phases   ] GC(169)   Post Evacuate Collection Set: 0.8ms
[2025-08-12T22:14:18.255+0900][615.860s][info][gc,phases   ] GC(169)   Other: 0.2ms
[2025-08-12T22:14:18.255+0900][615.860s][info][gc,heap     ] GC(169) Eden regions: 18->0(18)
[2025-08-12T22:14:18.256+0900][615.861s][info][gc,heap     ] GC(169) Survivor regions: 2->2(3)
[2025-08-12T22:14:18.256+0900][615.861s][info][gc,heap     ] GC(169) Old regions: 23->23
[2025-08-12T22:14:18.256+0900][615.861s][info][gc,heap     ] GC(169) Archive regions: 2->2
[2025-08-12T22:14:18.256+0900][615.861s][info][gc,heap     ] GC(169) Humongous regions: 0->0
[2025-08-12T22:14:18.256+0900][615.861s][info][gc,metaspace] GC(169) Metaspace: 93678K(94272K)->93678K(94272K) NonClass: 79644K(79936K)->79644K(79936K) Class: 14033K(14336K)->14033K(14336K)
[2025-08-12T22:14:18.256+0900][615.861s][info][gc          ] GC(169) Pause Young (Normal) (G1 Evacuation Pause) 173M->102M(212M) 10.899ms
[2025-08-12T22:14:18.256+0900][615.861s][info][gc,cpu      ] GC(169) User=0.02s Sys=0.00s Real=0.01s
[2025-08-12T22:14:19.458+0900][617.063s][info][gc,start    ] GC(170) Pause Young (Normal) (G1 Evacuation Pause)
[2025-08-12T22:14:19.458+0900][617.063s][info][gc,task     ] GC(170) Using 8 workers of 8 for evacuation
[2025-08-12T22:14:19.466+0900][617.071s][info][gc,phases   ] GC(170)   Pre Evacuate Collection Set: 0.1ms
[2025-08-12T22:14:19.466+0900][617.071s][info][gc,phases   ] GC(170)   Merge Heap Roots: 0.1ms
[2025-08-12T22:14:19.466+0900][617.071s][info][gc,phases   ] GC(170)   Evacuate Collection Set: 7.1ms
[2025-08-12T22:14:19.466+0900][617.071s][info][gc,phases   ] GC(170)   Post Evacuate Collection Set: 0.6ms
[2025-08-12T22:14:19.466+0900][617.071s][info][gc,phases   ] GC(170)   Other: 0.2ms
[2025-08-12T22:14:19.466+0900][617.071s][info][gc,heap     ] GC(170) Eden regions: 18->0(18)
[2025-08-12T22:14:19.466+0900][617.071s][info][gc,heap     ] GC(170) Survivor regions: 2->2(3)
[2025-08-12T22:14:19.466+0900][617.071s][info][gc,heap     ] GC(170) Old regions: 23->23
[2025-08-12T22:14:19.466+0900][617.071s][info][gc,heap     ] GC(170) Archive regions: 2->2
[2025-08-12T22:14:19.466+0900][617.071s][info][gc,heap     ] GC(170) Humongous regions: 0->0
[2025-08-12T22:14:19.466+0900][617.071s][info][gc,metaspace] GC(170) Metaspace: 93678K(94272K)->93678K(94272K) NonClass: 79644K(79936K)->79644K(79936K) Class: 14033K(14336K)->14033K(14336K)
[2025-08-12T22:14:19.466+0900][617.071s][info][gc          ] GC(170) Pause Young (Normal) (G1 Evacuation Pause) 174M->101M(212M) 8.368ms
[2025-08-12T22:14:19.466+0900][617.071s][info][gc,cpu      ] GC(170) User=0.03s Sys=0.00s Real=0.01s
[2025-08-12T22:14:20.776+0900][618.381s][info][gc,start    ] GC(171) Pause Young (Normal) (G1 Evacuation Pause)
[2025-08-12T22:14:20.776+0900][618.381s][info][gc,task     ] GC(171) Using 8 workers of 8 for evacuation
[2025-08-12T22:14:20.784+0900][618.389s][info][gc,phases   ] GC(171)   Pre Evacuate Collection Set: 0.1ms
[2025-08-12T22:14:20.784+0900][618.389s][info][gc,phases   ] GC(171)   Merge Heap Roots: 0.1ms
[2025-08-12T22:14:20.784+0900][618.389s][info][gc,phases   ] GC(171)   Evacuate Collection Set: 7.9ms
[2025-08-12T22:14:20.784+0900][618.389s][info][gc,phases   ] GC(171)   Post Evacuate Collection Set: 0.4ms
[2025-08-12T22:14:20.784+0900][618.389s][info][gc,phases   ] GC(171)   Other: 0.2ms
[2025-08-12T22:14:20.784+0900][618.389s][info][gc,heap     ] GC(171) Eden regions: 18->0(18)
[2025-08-12T22:14:20.784+0900][618.389s][info][gc,heap     ] GC(171) Survivor regions: 2->2(3)
[2025-08-12T22:14:20.784+0900][618.389s][info][gc,heap     ] GC(171) Old regions: 23->23
[2025-08-12T22:14:20.785+0900][618.389s][info][gc,heap     ] GC(171) Archive regions: 2->2
[2025-08-12T22:14:20.785+0900][618.389s][info][gc,heap     ] GC(171) Humongous regions: 0->0
[2025-08-12T22:14:20.785+0900][618.389s][info][gc,metaspace] GC(171) Metaspace: 93678K(94272K)->93678K(94272K) NonClass: 79644K(79936K)->79644K(79936K) Class: 14033K(14336K)->14033K(14336K)
[2025-08-12T22:14:20.785+0900][618.389s][info][gc          ] GC(171) Pause Young (Normal) (G1 Evacuation Pause) 173M->101M(212M) 8.852ms
[2025-08-12T22:14:20.785+0900][618.389s][info][gc,cpu      ] GC(171) User=0.02s Sys=0.00s Real=0.01s
[2025-08-12T22:14:22.036+0900][619.641s][info][gc,start    ] GC(172) Pause Young (Normal) (G1 Evacuation Pause)
[2025-08-12T22:14:22.036+0900][619.641s][info][gc,task     ] GC(172) Using 8 workers of 8 for evacuation
[2025-08-12T22:14:22.044+0900][619.649s][info][gc,phases   ] GC(172)   Pre Evacuate Collection Set: 0.1ms
[2025-08-12T22:14:22.045+0900][619.650s][info][gc,phases   ] GC(172)   Merge Heap Roots: 0.1ms
[2025-08-12T22:14:22.045+0900][619.650s][info][gc,phases   ] GC(172)   Evacuate Collection Set: 7.4ms
[2025-08-12T22:14:22.045+0900][619.650s][info][gc,phases   ] GC(172)   Post Evacuate Collection Set: 0.5ms
[2025-08-12T22:14:22.045+0900][619.650s][info][gc,phases   ] GC(172)   Other: 0.2ms
[2025-08-12T22:14:22.045+0900][619.650s][info][gc,heap     ] GC(172) Eden regions: 18->0(18)
[2025-08-12T22:14:22.045+0900][619.650s][info][gc,heap     ] GC(172) Survivor regions: 2->2(3)
[2025-08-12T22:14:22.045+0900][619.650s][info][gc,heap     ] GC(172) Old regions: 23->23
[2025-08-12T22:14:22.045+0900][619.650s][info][gc,heap     ] GC(172) Archive regions: 2->2
[2025-08-12T22:14:22.045+0900][619.650s][info][gc,heap     ] GC(172) Humongous regions: 0->0
[2025-08-12T22:14:22.045+0900][619.650s][info][gc,metaspace] GC(172) Metaspace: 93678K(94272K)->93678K(94272K) NonClass: 79644K(79936K)->79644K(79936K) Class: 14033K(14336K)->14033K(14336K)
[2025-08-12T22:14:22.045+0900][619.650s][info][gc          ] GC(172) Pause Young (Normal) (G1 Evacuation Pause) 173M->101M(212M) 8.593ms
[2025-08-12T22:14:22.045+0900][619.650s][info][gc,cpu      ] GC(172) User=0.03s Sys=0.00s Real=0.01s
[2025-08-12T22:14:23.280+0900][620.885s][info][gc,start    ] GC(173) Pause Young (Normal) (G1 Evacuation Pause)
[2025-08-12T22:14:23.280+0900][620.885s][info][gc,task     ] GC(173) Using 8 workers of 8 for evacuation
[2025-08-12T22:14:23.289+0900][620.894s][info][gc,phases   ] GC(173)   Pre Evacuate Collection Set: 0.1ms
[2025-08-12T22:14:23.289+0900][620.894s][info][gc,phases   ] GC(173)   Merge Heap Roots: 0.1ms
[2025-08-12T22:14:23.289+0900][620.894s][info][gc,phases   ] GC(173)   Evacuate Collection Set: 8.0ms
[2025-08-12T22:14:23.289+0900][620.894s][info][gc,phases   ] GC(173)   Post Evacuate Collection Set: 0.4ms
[2025-08-12T22:14:23.289+0900][620.894s][info][gc,phases   ] GC(173)   Other: 0.2ms
[2025-08-12T22:14:23.289+0900][620.894s][info][gc,heap     ] GC(173) Eden regions: 18->0(18)
[2025-08-12T22:14:23.289+0900][620.894s][info][gc,heap     ] GC(173) Survivor regions: 2->2(3)
[2025-08-12T22:14:23.289+0900][620.894s][info][gc,heap     ] GC(173) Old regions: 23->23
[2025-08-12T22:14:23.289+0900][620.894s][info][gc,heap     ] GC(173) Archive regions: 2->2
[2025-08-12T22:14:23.289+0900][620.894s][info][gc,heap     ] GC(173) Humongous regions: 0->0
[2025-08-12T22:14:23.289+0900][620.894s][info][gc,metaspace] GC(173) Metaspace: 93678K(94272K)->93678K(94272K) NonClass: 79644K(79936K)->79644K(79936K) Class: 14033K(14336K)->14033K(14336K)
[2025-08-12T22:14:23.289+0900][620.894s][info][gc          ] GC(173) Pause Young (Normal) (G1 Evacuation Pause) 173M->101M(212M) 9.073ms
[2025-08-12T22:14:23.289+0900][620.894s][info][gc,cpu      ] GC(173) User=0.03s Sys=0.00s Real=0.00s
[2025-08-12T22:14:24.685+0900][622.290s][info][gc,start    ] GC(174) Pause Young (Normal) (G1 Evacuation Pause)
[2025-08-12T22:14:24.685+0900][622.291s][info][gc,task     ] GC(174) Using 8 workers of 8 for evacuation
[2025-08-12T22:14:24.687+0900][622.293s][info][gc,phases   ] GC(174)   Pre Evacuate Collection Set: 0.1ms
[2025-08-12T22:14:24.688+0900][622.293s][info][gc,phases   ] GC(174)   Merge Heap Roots: 0.1ms
[2025-08-12T22:14:24.688+0900][622.293s][info][gc,phases   ] GC(174)   Evacuate Collection Set: 1.7ms
[2025-08-12T22:14:24.688+0900][622.293s][info][gc,phases   ] GC(174)   Post Evacuate Collection Set: 0.2ms
[2025-08-12T22:14:24.688+0900][622.293s][info][gc,phases   ] GC(174)   Other: 0.1ms
[2025-08-12T22:14:24.688+0900][622.293s][info][gc,heap     ] GC(174) Eden regions: 18->0(18)
[2025-08-12T22:14:24.688+0900][622.293s][info][gc,heap     ] GC(174) Survivor regions: 2->2(3)
[2025-08-12T22:14:24.688+0900][622.293s][info][gc,heap     ] GC(174) Old regions: 23->23
[2025-08-12T22:14:24.688+0900][622.293s][info][gc,heap     ] GC(174) Archive regions: 2->2
[2025-08-12T22:14:24.688+0900][622.293s][info][gc,heap     ] GC(174) Humongous regions: 0->0
[2025-08-12T22:14:24.688+0900][622.293s][info][gc,metaspace] GC(174) Metaspace: 93678K(94272K)->93678K(94272K) NonClass: 79644K(79936K)->79644K(79936K) Class: 14033K(14336K)->14033K(14336K)
[2025-08-12T22:14:24.688+0900][622.293s][info][gc          ] GC(174) Pause Young (Normal) (G1 Evacuation Pause) 173M->102M(212M) 2.235ms
[2025-08-12T22:14:24.688+0900][622.293s][info][gc,cpu      ] GC(174) User=0.01s Sys=0.00s Real=0.00s
[2025-08-12T22:14:25.892+0900][623.498s][info][gc,start    ] GC(175) Pause Young (Normal) (G1 Evacuation Pause)
[2025-08-12T22:14:25.892+0900][623.498s][info][gc,task     ] GC(175) Using 8 workers of 8 for evacuation
[2025-08-12T22:14:25.898+0900][623.504s][info][gc,phases   ] GC(175)   Pre Evacuate Collection Set: 0.2ms
[2025-08-12T22:14:25.899+0900][623.504s][info][gc,phases   ] GC(175)   Merge Heap Roots: 0.1ms
[2025-08-12T22:14:25.899+0900][623.504s][info][gc,phases   ] GC(175)   Evacuate Collection Set: 5.1ms
[2025-08-12T22:14:25.899+0900][623.504s][info][gc,phases   ] GC(175)   Post Evacuate Collection Set: 0.4ms
[2025-08-12T22:14:25.899+0900][623.504s][info][gc,phases   ] GC(175)   Other: 0.4ms
[2025-08-12T22:14:25.899+0900][623.504s][info][gc,heap     ] GC(175) Eden regions: 18->0(18)
[2025-08-12T22:14:25.899+0900][623.504s][info][gc,heap     ] GC(175) Survivor regions: 2->2(3)
[2025-08-12T22:14:25.899+0900][623.504s][info][gc,heap     ] GC(175) Old regions: 23->23
[2025-08-12T22:14:25.899+0900][623.504s][info][gc,heap     ] GC(175) Archive regions: 2->2
[2025-08-12T22:14:25.899+0900][623.504s][info][gc,heap     ] GC(175) Humongous regions: 0->0
[2025-08-12T22:14:25.899+0900][623.504s][info][gc,metaspace] GC(175) Metaspace: 93678K(94272K)->93678K(94272K) NonClass: 79644K(79936K)->79644K(79936K) Class: 14033K(14336K)->14033K(14336K)
[2025-08-12T22:14:25.899+0900][623.504s][info][gc          ] GC(175) Pause Young (Normal) (G1 Evacuation Pause) 174M->101M(212M) 6.471ms
[2025-08-12T22:14:25.899+0900][623.504s][info][gc,cpu      ] GC(175) User=0.02s Sys=0.00s Real=0.00s
[2025-08-12T22:14:27.297+0900][624.903s][info][gc,start    ] GC(176) Pause Young (Normal) (G1 Evacuation Pause)
[2025-08-12T22:14:27.297+0900][624.903s][info][gc,task     ] GC(176) Using 8 workers of 8 for evacuation
[2025-08-12T22:14:27.306+0900][624.911s][info][gc,phases   ] GC(176)   Pre Evacuate Collection Set: 0.2ms
[2025-08-12T22:14:27.306+0900][624.912s][info][gc,phases   ] GC(176)   Merge Heap Roots: 0.1ms
[2025-08-12T22:14:27.306+0900][624.912s][info][gc,phases   ] GC(176)   Evacuate Collection Set: 7.5ms
[2025-08-12T22:14:27.306+0900][624.912s][info][gc,phases   ] GC(176)   Post Evacuate Collection Set: 0.7ms
[2025-08-12T22:14:27.306+0900][624.912s][info][gc,phases   ] GC(176)   Other: 0.4ms
[2025-08-12T22:14:27.306+0900][624.912s][info][gc,heap     ] GC(176) Eden regions: 18->0(17)
[2025-08-12T22:14:27.306+0900][624.912s][info][gc,heap     ] GC(176) Survivor regions: 2->2(3)
[2025-08-12T22:14:27.306+0900][624.912s][info][gc,heap     ] GC(176) Old regions: 23->24
[2025-08-12T22:14:27.306+0900][624.912s][info][gc,heap     ] GC(176) Archive regions: 2->2
[2025-08-12T22:14:27.306+0900][624.912s][info][gc,heap     ] GC(176) Humongous regions: 0->0
[2025-08-12T22:14:27.306+0900][624.912s][info][gc,metaspace] GC(176) Metaspace: 93678K(94272K)->93678K(94272K) NonClass: 79644K(79936K)->79644K(79936K) Class: 14033K(14336K)->14033K(14336K)
[2025-08-12T22:14:27.306+0900][624.912s][info][gc          ] GC(176) Pause Young (Normal) (G1 Evacuation Pause) 173M->102M(212M) 8.959ms
[2025-08-12T22:14:27.306+0900][624.912s][info][gc,cpu      ] GC(176) User=0.03s Sys=0.01s Real=0.01s
[2025-08-12T22:14:28.545+0900][626.150s][info][gc,start    ] GC(177) Pause Young (Normal) (G1 Evacuation Pause)
[2025-08-12T22:14:28.545+0900][626.150s][info][gc,task     ] GC(177) Using 8 workers of 8 for evacuation
[2025-08-12T22:14:28.553+0900][626.158s][info][gc,phases   ] GC(177)   Pre Evacuate Collection Set: 0.1ms
[2025-08-12T22:14:28.553+0900][626.158s][info][gc,phases   ] GC(177)   Merge Heap Roots: 0.1ms
[2025-08-12T22:14:28.553+0900][626.158s][info][gc,phases   ] GC(177)   Evacuate Collection Set: 7.0ms
[2025-08-12T22:14:28.553+0900][626.158s][info][gc,phases   ] GC(177)   Post Evacuate Collection Set: 0.6ms
[2025-08-12T22:14:28.553+0900][626.158s][info][gc,phases   ] GC(177)   Other: 0.2ms
[2025-08-12T22:14:28.553+0900][626.158s][info][gc,heap     ] GC(177) Eden regions: 17->0(18)
[2025-08-12T22:14:28.553+0900][626.158s][info][gc,heap     ] GC(177) Survivor regions: 2->1(3)
[2025-08-12T22:14:28.553+0900][626.158s][info][gc,heap     ] GC(177) Old regions: 24->24
[2025-08-12T22:14:28.553+0900][626.158s][info][gc,heap     ] GC(177) Archive regions: 2->2
[2025-08-12T22:14:28.553+0900][626.158s][info][gc,heap     ] GC(177) Humongous regions: 0->0
[2025-08-12T22:14:28.553+0900][626.158s][info][gc,metaspace] GC(177) Metaspace: 93678K(94272K)->93678K(94272K) NonClass: 79644K(79936K)->79644K(79936K) Class: 14033K(14336K)->14033K(14336K)
[2025-08-12T22:14:28.553+0900][626.159s][info][gc          ] GC(177) Pause Young (Normal) (G1 Evacuation Pause) 170M->101M(212M) 8.340ms
[2025-08-12T22:14:28.553+0900][626.159s][info][gc,cpu      ] GC(177) User=0.03s Sys=0.00s Real=0.01s
[2025-08-12T22:14:29.861+0900][627.467s][info][gc,start    ] GC(178) Pause Young (Normal) (G1 Evacuation Pause)
[2025-08-12T22:14:29.862+0900][627.467s][info][gc,task     ] GC(178) Using 8 workers of 8 for evacuation
[2025-08-12T22:14:29.870+0900][627.475s][info][gc,phases   ] GC(178)   Pre Evacuate Collection Set: 0.1ms
[2025-08-12T22:14:29.870+0900][627.475s][info][gc,phases   ] GC(178)   Merge Heap Roots: 0.1ms
[2025-08-12T22:14:29.870+0900][627.475s][info][gc,phases   ] GC(178)   Evacuate Collection Set: 7.5ms
[2025-08-12T22:14:29.870+0900][627.476s][info][gc,phases   ] GC(178)   Post Evacuate Collection Set: 0.5ms
[2025-08-12T22:14:29.870+0900][627.476s][info][gc,phases   ] GC(178)   Other: 0.2ms
[2025-08-12T22:14:29.870+0900][627.476s][info][gc,heap     ] GC(178) Eden regions: 18->0(18)
[2025-08-12T22:14:29.870+0900][627.476s][info][gc,heap     ] GC(178) Survivor regions: 1->1(3)
[2025-08-12T22:14:29.870+0900][627.476s][info][gc,heap     ] GC(178) Old regions: 24->24
[2025-08-12T22:14:29.870+0900][627.476s][info][gc,heap     ] GC(178) Archive regions: 2->2
[2025-08-12T22:14:29.870+0900][627.476s][info][gc,heap     ] GC(178) Humongous regions: 0->0
[2025-08-12T22:14:29.870+0900][627.476s][info][gc,metaspace] GC(178) Metaspace: 93678K(94272K)->93678K(94272K) NonClass: 79644K(79936K)->79644K(79936K) Class: 14033K(14336K)->14033K(14336K)
[2025-08-12T22:14:29.870+0900][627.476s][info][gc          ] GC(178) Pause Young (Normal) (G1 Evacuation Pause) 173M->101M(212M) 8.749ms
[2025-08-12T22:14:29.870+0900][627.476s][info][gc,cpu      ] GC(178) User=0.03s Sys=0.00s Real=0.01s
[2025-08-12T22:14:31.887+0900][629.492s][info][gc,start    ] GC(179) Pause Young (Normal) (G1 Evacuation Pause)
[2025-08-12T22:14:31.887+0900][629.493s][info][gc,task     ] GC(179) Using 8 workers of 8 for evacuation
[2025-08-12T22:14:31.893+0900][629.499s][info][gc,phases   ] GC(179)   Pre Evacuate Collection Set: 0.2ms
[2025-08-12T22:14:31.893+0900][629.499s][info][gc,phases   ] GC(179)   Merge Heap Roots: 0.1ms
[2025-08-12T22:14:31.893+0900][629.499s][info][gc,phases   ] GC(179)   Evacuate Collection Set: 5.6ms
[2025-08-12T22:14:31.893+0900][629.499s][info][gc,phases   ] GC(179)   Post Evacuate Collection Set: 0.3ms
[2025-08-12T22:14:31.893+0900][629.499s][info][gc,phases   ] GC(179)   Other: 0.5ms
[2025-08-12T22:14:31.893+0900][629.499s][info][gc,heap     ] GC(179) Eden regions: 18->0(18)
[2025-08-12T22:14:31.893+0900][629.499s][info][gc,heap     ] GC(179) Survivor regions: 1->1(3)
[2025-08-12T22:14:31.893+0900][629.499s][info][gc,heap     ] GC(179) Old regions: 24->24
[2025-08-12T22:14:31.894+0900][629.499s][info][gc,heap     ] GC(179) Archive regions: 2->2
[2025-08-12T22:14:31.894+0900][629.499s][info][gc,heap     ] GC(179) Humongous regions: 0->0
[2025-08-12T22:14:31.894+0900][629.499s][info][gc,metaspace] GC(179) Metaspace: 93678K(94272K)->93678K(94272K) NonClass: 79644K(79936K)->79644K(79936K) Class: 14033K(14336K)->14033K(14336K)
[2025-08-12T22:14:31.894+0900][629.499s][info][gc          ] GC(179) Pause Young (Normal) (G1 Evacuation Pause) 173M->101M(212M) 6.741ms
[2025-08-12T22:14:31.894+0900][629.499s][info][gc,cpu      ] GC(179) User=0.02s Sys=0.00s Real=0.01s
[2025-08-12T22:14:33.214+0900][630.819s][info][gc,start    ] GC(180) Pause Young (Normal) (G1 Evacuation Pause)
[2025-08-12T22:14:33.214+0900][630.820s][info][gc,task     ] GC(180) Using 8 workers of 8 for evacuation
[2025-08-12T22:14:33.222+0900][630.828s][info][gc,phases   ] GC(180)   Pre Evacuate Collection Set: 0.1ms
[2025-08-12T22:14:33.222+0900][630.828s][info][gc,phases   ] GC(180)   Merge Heap Roots: 0.1ms
[2025-08-12T22:14:33.222+0900][630.828s][info][gc,phases   ] GC(180)   Evacuate Collection Set: 7.1ms
[2025-08-12T22:14:33.222+0900][630.828s][info][gc,phases   ] GC(180)   Post Evacuate Collection Set: 0.5ms
[2025-08-12T22:14:33.222+0900][630.828s][info][gc,phases   ] GC(180)   Other: 0.2ms
[2025-08-12T22:14:33.222+0900][630.828s][info][gc,heap     ] GC(180) Eden regions: 18->0(18)
[2025-08-12T22:14:33.222+0900][630.828s][info][gc,heap     ] GC(180) Survivor regions: 1->1(3)
[2025-08-12T22:14:33.222+0900][630.828s][info][gc,heap     ] GC(180) Old regions: 24->24
[2025-08-12T22:14:33.222+0900][630.828s][info][gc,heap     ] GC(180) Archive regions: 2->2
[2025-08-12T22:14:33.222+0900][630.828s][info][gc,heap     ] GC(180) Humongous regions: 0->0
[2025-08-12T22:14:33.222+0900][630.828s][info][gc,metaspace] GC(180) Metaspace: 93678K(94272K)->93678K(94272K) NonClass: 79644K(79936K)->79644K(79936K) Class: 14033K(14336K)->14033K(14336K)
[2025-08-12T22:14:33.222+0900][630.828s][info][gc          ] GC(180) Pause Young (Normal) (G1 Evacuation Pause) 173M->101M(212M) 8.303ms
[2025-08-12T22:14:33.222+0900][630.828s][info][gc,cpu      ] GC(180) User=0.03s Sys=0.00s Real=0.01s
[2025-08-12T22:14:34.759+0900][632.365s][info][gc,start    ] GC(181) Pause Young (Normal) (G1 Evacuation Pause)
[2025-08-12T22:14:34.759+0900][632.365s][info][gc,task     ] GC(181) Using 8 workers of 8 for evacuation
[2025-08-12T22:14:34.766+0900][632.372s][info][gc,phases   ] GC(181)   Pre Evacuate Collection Set: 0.1ms
[2025-08-12T22:14:34.766+0900][632.372s][info][gc,phases   ] GC(181)   Merge Heap Roots: 0.1ms
[2025-08-12T22:14:34.766+0900][632.372s][info][gc,phases   ] GC(181)   Evacuate Collection Set: 6.4ms
[2025-08-12T22:14:34.766+0900][632.372s][info][gc,phases   ] GC(181)   Post Evacuate Collection Set: 0.4ms
[2025-08-12T22:14:34.766+0900][632.372s][info][gc,phases   ] GC(181)   Other: 0.2ms
[2025-08-12T22:14:34.766+0900][632.372s][info][gc,heap     ] GC(181) Eden regions: 18->0(18)
[2025-08-12T22:14:34.766+0900][632.372s][info][gc,heap     ] GC(181) Survivor regions: 1->1(3)
[2025-08-12T22:14:34.766+0900][632.372s][info][gc,heap     ] GC(181) Old regions: 24->24
[2025-08-12T22:14:34.766+0900][632.372s][info][gc,heap     ] GC(181) Archive regions: 2->2
[2025-08-12T22:14:34.766+0900][632.372s][info][gc,heap     ] GC(181) Humongous regions: 0->0
[2025-08-12T22:14:34.766+0900][632.372s][info][gc,metaspace] GC(181) Metaspace: 93678K(94272K)->93678K(94272K) NonClass: 79644K(79936K)->79644K(79936K) Class: 14033K(14336K)->14033K(14336K)
[2025-08-12T22:14:34.766+0900][632.372s][info][gc          ] GC(181) Pause Young (Normal) (G1 Evacuation Pause) 173M->101M(212M) 7.455ms
[2025-08-12T22:14:34.766+0900][632.372s][info][gc,cpu      ] GC(181) User=0.03s Sys=0.00s Real=0.01s
[2025-08-12T22:14:36.372+0900][633.978s][info][gc,start    ] GC(182) Pause Young (Normal) (G1 Evacuation Pause)
[2025-08-12T22:14:36.372+0900][633.978s][info][gc,task     ] GC(182) Using 8 workers of 8 for evacuation
[2025-08-12T22:14:36.381+0900][633.987s][info][gc,phases   ] GC(182)   Pre Evacuate Collection Set: 0.2ms
[2025-08-12T22:14:36.381+0900][633.987s][info][gc,phases   ] GC(182)   Merge Heap Roots: 0.2ms
[2025-08-12T22:14:36.381+0900][633.987s][info][gc,phases   ] GC(182)   Evacuate Collection Set: 7.8ms
[2025-08-12T22:14:36.381+0900][633.987s][info][gc,phases   ] GC(182)   Post Evacuate Collection Set: 0.5ms
[2025-08-12T22:14:36.381+0900][633.987s][info][gc,phases   ] GC(182)   Other: 0.3ms
[2025-08-12T22:14:36.382+0900][633.987s][info][gc,heap     ] GC(182) Eden regions: 18->0(18)
[2025-08-12T22:14:36.382+0900][633.987s][info][gc,heap     ] GC(182) Survivor regions: 1->1(3)
[2025-08-12T22:14:36.382+0900][633.987s][info][gc,heap     ] GC(182) Old regions: 24->24
[2025-08-12T22:14:36.382+0900][633.987s][info][gc,heap     ] GC(182) Archive regions: 2->2
[2025-08-12T22:14:36.382+0900][633.987s][info][gc,heap     ] GC(182) Humongous regions: 0->0
[2025-08-12T22:14:36.382+0900][633.988s][info][gc,metaspace] GC(182) Metaspace: 93678K(94272K)->93678K(94272K) NonClass: 79644K(79936K)->79644K(79936K) Class: 14033K(14336K)->14033K(14336K)
[2025-08-12T22:14:36.382+0900][633.988s][info][gc          ] GC(182) Pause Young (Normal) (G1 Evacuation Pause) 173M->101M(212M) 9.312ms
[2025-08-12T22:14:36.382+0900][633.988s][info][gc,cpu      ] GC(182) User=0.03s Sys=0.00s Real=0.01s
[2025-08-12T22:14:38.299+0900][635.905s][info][gc,start    ] GC(183) Pause Young (Normal) (G1 Evacuation Pause)
[2025-08-12T22:14:38.299+0900][635.905s][info][gc,task     ] GC(183) Using 8 workers of 8 for evacuation
[2025-08-12T22:14:38.306+0900][635.912s][info][gc,phases   ] GC(183)   Pre Evacuate Collection Set: 0.1ms
[2025-08-12T22:14:38.306+0900][635.912s][info][gc,phases   ] GC(183)   Merge Heap Roots: 0.1ms
[2025-08-12T22:14:38.306+0900][635.912s][info][gc,phases   ] GC(183)   Evacuate Collection Set: 6.0ms
[2025-08-12T22:14:38.306+0900][635.912s][info][gc,phases   ] GC(183)   Post Evacuate Collection Set: 0.5ms
[2025-08-12T22:14:38.306+0900][635.912s][info][gc,phases   ] GC(183)   Other: 0.2ms
[2025-08-12T22:14:38.306+0900][635.912s][info][gc,heap     ] GC(183) Eden regions: 18->0(18)
[2025-08-12T22:14:38.306+0900][635.912s][info][gc,heap     ] GC(183) Survivor regions: 1->1(3)
[2025-08-12T22:14:38.306+0900][635.912s][info][gc,heap     ] GC(183) Old regions: 24->24
[2025-08-12T22:14:38.307+0900][635.912s][info][gc,heap     ] GC(183) Archive regions: 2->2
[2025-08-12T22:14:38.307+0900][635.913s][info][gc,heap     ] GC(183) Humongous regions: 0->0
[2025-08-12T22:14:38.307+0900][635.913s][info][gc,metaspace] GC(183) Metaspace: 93678K(94272K)->93678K(94272K) NonClass: 79644K(79936K)->79644K(79936K) Class: 14033K(14336K)->14033K(14336K)
[2025-08-12T22:14:38.307+0900][635.913s][info][gc          ] GC(183) Pause Young (Normal) (G1 Evacuation Pause) 173M->101M(212M) 7.365ms
[2025-08-12T22:14:38.307+0900][635.913s][info][gc,cpu      ] GC(183) User=0.03s Sys=0.00s Real=0.01s
[2025-08-12T22:14:40.196+0900][637.802s][info][gc,start    ] GC(184) Pause Young (Normal) (G1 Evacuation Pause)
[2025-08-12T22:14:40.196+0900][637.802s][info][gc,task     ] GC(184) Using 8 workers of 8 for evacuation
[2025-08-12T22:14:40.207+0900][637.813s][info][gc,phases   ] GC(184)   Pre Evacuate Collection Set: 0.2ms
[2025-08-12T22:14:40.207+0900][637.813s][info][gc,phases   ] GC(184)   Merge Heap Roots: 0.1ms
[2025-08-12T22:14:40.207+0900][637.813s][info][gc,phases   ] GC(184)   Evacuate Collection Set: 9.5ms
[2025-08-12T22:14:40.207+0900][637.813s][info][gc,phases   ] GC(184)   Post Evacuate Collection Set: 0.5ms
[2025-08-12T22:14:40.207+0900][637.813s][info][gc,phases   ] GC(184)   Other: 0.3ms
[2025-08-12T22:14:40.207+0900][637.813s][info][gc,heap     ] GC(184) Eden regions: 18->0(18)
[2025-08-12T22:14:40.207+0900][637.813s][info][gc,heap     ] GC(184) Survivor regions: 1->1(3)
[2025-08-12T22:14:40.207+0900][637.813s][info][gc,heap     ] GC(184) Old regions: 24->24
[2025-08-12T22:14:40.207+0900][637.813s][info][gc,heap     ] GC(184) Archive regions: 2->2
[2025-08-12T22:14:40.207+0900][637.813s][info][gc,heap     ] GC(184) Humongous regions: 0->0
[2025-08-12T22:14:40.207+0900][637.813s][info][gc,metaspace] GC(184) Metaspace: 93678K(94272K)->93678K(94272K) NonClass: 79644K(79936K)->79644K(79936K) Class: 14033K(14336K)->14033K(14336K)
[2025-08-12T22:14:40.207+0900][637.813s][info][gc          ] GC(184) Pause Young (Normal) (G1 Evacuation Pause) 173M->101M(212M) 11.020ms
[2025-08-12T22:14:40.207+0900][637.813s][info][gc,cpu      ] GC(184) User=0.03s Sys=0.00s Real=0.01s
[2025-08-12T22:14:42.282+0900][639.888s][info][gc,start    ] GC(185) Pause Young (Normal) (G1 Evacuation Pause)
[2025-08-12T22:14:42.282+0900][639.889s][info][gc,task     ] GC(185) Using 8 workers of 8 for evacuation
[2025-08-12T22:14:42.292+0900][639.898s][info][gc,phases   ] GC(185)   Pre Evacuate Collection Set: 0.2ms
[2025-08-12T22:14:42.292+0900][639.898s][info][gc,phases   ] GC(185)   Merge Heap Roots: 0.2ms
[2025-08-12T22:14:42.292+0900][639.898s][info][gc,phases   ] GC(185)   Evacuate Collection Set: 8.6ms
[2025-08-12T22:14:42.292+0900][639.898s][info][gc,phases   ] GC(185)   Post Evacuate Collection Set: 0.5ms
[2025-08-12T22:14:42.292+0900][639.898s][info][gc,phases   ] GC(185)   Other: 0.3ms
[2025-08-12T22:14:42.292+0900][639.898s][info][gc,heap     ] GC(185) Eden regions: 18->0(18)
[2025-08-12T22:14:42.292+0900][639.898s][info][gc,heap     ] GC(185) Survivor regions: 1->1(3)
[2025-08-12T22:14:42.292+0900][639.898s][info][gc,heap     ] GC(185) Old regions: 24->24
[2025-08-12T22:14:42.292+0900][639.898s][info][gc,heap     ] GC(185) Archive regions: 2->2
[2025-08-12T22:14:42.292+0900][639.898s][info][gc,heap     ] GC(185) Humongous regions: 0->0
[2025-08-12T22:14:42.292+0900][639.898s][info][gc,metaspace] GC(185) Metaspace: 93678K(94272K)->93678K(94272K) NonClass: 79644K(79936K)->79644K(79936K) Class: 14033K(14336K)->14033K(14336K)
[2025-08-12T22:14:42.292+0900][639.898s][info][gc          ] GC(185) Pause Young (Normal) (G1 Evacuation Pause) 173M->101M(212M) 10.009ms
[2025-08-12T22:14:42.292+0900][639.899s][info][gc,cpu      ] GC(185) User=0.03s Sys=0.00s Real=0.01s
[2025-08-12T22:14:44.543+0900][642.149s][info][gc,start    ] GC(186) Pause Young (Normal) (G1 Evacuation Pause)
[2025-08-12T22:14:44.543+0900][642.149s][info][gc,task     ] GC(186) Using 8 workers of 8 for evacuation
[2025-08-12T22:14:44.550+0900][642.156s][info][gc,phases   ] GC(186)   Pre Evacuate Collection Set: 0.1ms
[2025-08-12T22:14:44.550+0900][642.156s][info][gc,phases   ] GC(186)   Merge Heap Roots: 0.1ms
[2025-08-12T22:14:44.550+0900][642.156s][info][gc,phases   ] GC(186)   Evacuate Collection Set: 5.9ms
[2025-08-12T22:14:44.550+0900][642.156s][info][gc,phases   ] GC(186)   Post Evacuate Collection Set: 0.6ms
[2025-08-12T22:14:44.550+0900][642.156s][info][gc,phases   ] GC(186)   Other: 0.2ms
[2025-08-12T22:14:44.550+0900][642.156s][info][gc,heap     ] GC(186) Eden regions: 18->0(18)
[2025-08-12T22:14:44.550+0900][642.156s][info][gc,heap     ] GC(186) Survivor regions: 1->1(3)
[2025-08-12T22:14:44.550+0900][642.156s][info][gc,heap     ] GC(186) Old regions: 24->24
[2025-08-12T22:14:44.550+0900][642.156s][info][gc,heap     ] GC(186) Archive regions: 2->2
[2025-08-12T22:14:44.550+0900][642.156s][info][gc,heap     ] GC(186) Humongous regions: 0->0
[2025-08-12T22:14:44.550+0900][642.156s][info][gc,metaspace] GC(186) Metaspace: 93678K(94272K)->93678K(94272K) NonClass: 79644K(79936K)->79644K(79936K) Class: 14033K(14336K)->14033K(14336K)
[2025-08-12T22:14:44.550+0900][642.156s][info][gc          ] GC(186) Pause Young (Normal) (G1 Evacuation Pause) 173M->101M(212M) 7.358ms
[2025-08-12T22:14:44.550+0900][642.156s][info][gc,cpu      ] GC(186) User=0.02s Sys=0.00s Real=0.01s
[2025-08-12T22:14:46.866+0900][644.472s][info][gc,start    ] GC(187) Pause Young (Normal) (G1 Evacuation Pause)
[2025-08-12T22:14:46.866+0900][644.472s][info][gc,task     ] GC(187) Using 8 workers of 8 for evacuation
[2025-08-12T22:14:46.874+0900][644.481s][info][gc,phases   ] GC(187)   Pre Evacuate Collection Set: 0.2ms
[2025-08-12T22:14:46.875+0900][644.481s][info][gc,phases   ] GC(187)   Merge Heap Roots: 0.2ms
[2025-08-12T22:14:46.875+0900][644.481s][info][gc,phases   ] GC(187)   Evacuate Collection Set: 7.6ms
[2025-08-12T22:14:46.875+0900][644.481s][info][gc,phases   ] GC(187)   Post Evacuate Collection Set: 0.5ms
[2025-08-12T22:14:46.875+0900][644.481s][info][gc,phases   ] GC(187)   Other: 0.3ms
[2025-08-12T22:14:46.875+0900][644.481s][info][gc,heap     ] GC(187) Eden regions: 18->0(18)
[2025-08-12T22:14:46.875+0900][644.481s][info][gc,heap     ] GC(187) Survivor regions: 1->1(3)
[2025-08-12T22:14:46.875+0900][644.481s][info][gc,heap     ] GC(187) Old regions: 24->24
[2025-08-12T22:14:46.875+0900][644.481s][info][gc,heap     ] GC(187) Archive regions: 2->2
[2025-08-12T22:14:46.875+0900][644.481s][info][gc,heap     ] GC(187) Humongous regions: 0->0
[2025-08-12T22:14:46.875+0900][644.481s][info][gc,metaspace] GC(187) Metaspace: 93678K(94272K)->93678K(94272K) NonClass: 79644K(79936K)->79644K(79936K) Class: 14033K(14336K)->14033K(14336K)
[2025-08-12T22:14:46.875+0900][644.481s][info][gc          ] GC(187) Pause Young (Normal) (G1 Evacuation Pause) 173M->101M(212M) 9.176ms
[2025-08-12T22:14:46.875+0900][644.481s][info][gc,cpu      ] GC(187) User=0.03s Sys=0.00s Real=0.01s
[2025-08-12T22:14:49.053+0900][646.659s][info][gc,start    ] GC(188) Pause Young (Normal) (G1 Evacuation Pause)
[2025-08-12T22:14:49.053+0900][646.659s][info][gc,task     ] GC(188) Using 8 workers of 8 for evacuation
[2025-08-12T22:14:49.060+0900][646.667s][info][gc,phases   ] GC(188)   Pre Evacuate Collection Set: 0.2ms
[2025-08-12T22:14:49.060+0900][646.667s][info][gc,phases   ] GC(188)   Merge Heap Roots: 0.1ms
[2025-08-12T22:14:49.061+0900][646.667s][info][gc,phases   ] GC(188)   Evacuate Collection Set: 6.5ms
[2025-08-12T22:14:49.061+0900][646.667s][info][gc,phases   ] GC(188)   Post Evacuate Collection Set: 0.6ms
[2025-08-12T22:14:49.061+0900][646.667s][info][gc,phases   ] GC(188)   Other: 0.2ms
[2025-08-12T22:14:49.061+0900][646.667s][info][gc,heap     ] GC(188) Eden regions: 18->0(18)
[2025-08-12T22:14:49.061+0900][646.667s][info][gc,heap     ] GC(188) Survivor regions: 1->1(3)
[2025-08-12T22:14:49.061+0900][646.667s][info][gc,heap     ] GC(188) Old regions: 24->24
[2025-08-12T22:14:49.061+0900][646.667s][info][gc,heap     ] GC(188) Archive regions: 2->2
[2025-08-12T22:14:49.061+0900][646.667s][info][gc,heap     ] GC(188) Humongous regions: 0->0
[2025-08-12T22:14:49.061+0900][646.667s][info][gc,metaspace] GC(188) Metaspace: 93678K(94272K)->93678K(94272K) NonClass: 79644K(79936K)->79644K(79936K) Class: 14033K(14336K)->14033K(14336K)
[2025-08-12T22:14:49.061+0900][646.667s][info][gc          ] GC(188) Pause Young (Normal) (G1 Evacuation Pause) 173M->101M(212M) 7.788ms
[2025-08-12T22:14:49.061+0900][646.667s][info][gc,cpu      ] GC(188) User=0.03s Sys=0.00s Real=0.01s
[2025-08-12T22:14:51.296+0900][648.902s][info][gc,start    ] GC(189) Pause Young (Normal) (G1 Evacuation Pause)
[2025-08-12T22:14:51.296+0900][648.902s][info][gc,task     ] GC(189) Using 8 workers of 8 for evacuation
[2025-08-12T22:14:51.305+0900][648.912s][info][gc,phases   ] GC(189)   Pre Evacuate Collection Set: 0.2ms
[2025-08-12T22:14:51.305+0900][648.912s][info][gc,phases   ] GC(189)   Merge Heap Roots: 0.1ms
[2025-08-12T22:14:51.305+0900][648.912s][info][gc,phases   ] GC(189)   Evacuate Collection Set: 8.5ms
[2025-08-12T22:14:51.305+0900][648.912s][info][gc,phases   ] GC(189)   Post Evacuate Collection Set: 0.6ms
[2025-08-12T22:14:51.305+0900][648.912s][info][gc,phases   ] GC(189)   Other: 0.2ms
[2025-08-12T22:14:51.305+0900][648.912s][info][gc,heap     ] GC(189) Eden regions: 18->0(18)
[2025-08-12T22:14:51.305+0900][648.912s][info][gc,heap     ] GC(189) Survivor regions: 1->1(3)
[2025-08-12T22:14:51.305+0900][648.912s][info][gc,heap     ] GC(189) Old regions: 24->24
[2025-08-12T22:14:51.306+0900][648.912s][info][gc,heap     ] GC(189) Archive regions: 2->2
[2025-08-12T22:14:51.306+0900][648.912s][info][gc,heap     ] GC(189) Humongous regions: 0->0
[2025-08-12T22:14:51.306+0900][648.912s][info][gc,metaspace] GC(189) Metaspace: 93678K(94272K)->93678K(94272K) NonClass: 79644K(79936K)->79644K(79936K) Class: 14033K(14336K)->14033K(14336K)
[2025-08-12T22:14:51.306+0900][648.912s][info][gc          ] GC(189) Pause Young (Normal) (G1 Evacuation Pause) 173M->101M(212M) 9.917ms
[2025-08-12T22:14:51.306+0900][648.912s][info][gc,cpu      ] GC(189) User=0.03s Sys=0.00s Real=0.01s
[2025-08-12T22:14:53.630+0900][651.236s][info][gc,start    ] GC(190) Pause Young (Normal) (G1 Evacuation Pause)
[2025-08-12T22:14:53.630+0900][651.236s][info][gc,task     ] GC(190) Using 8 workers of 8 for evacuation
[2025-08-12T22:14:53.636+0900][651.243s][info][gc,phases   ] GC(190)   Pre Evacuate Collection Set: 0.2ms
[2025-08-12T22:14:53.636+0900][651.243s][info][gc,phases   ] GC(190)   Merge Heap Roots: 0.1ms
[2025-08-12T22:14:53.636+0900][651.243s][info][gc,phases   ] GC(190)   Evacuate Collection Set: 5.6ms
[2025-08-12T22:14:53.637+0900][651.243s][info][gc,phases   ] GC(190)   Post Evacuate Collection Set: 0.5ms
[2025-08-12T22:14:53.637+0900][651.243s][info][gc,phases   ] GC(190)   Other: 0.2ms
[2025-08-12T22:14:53.637+0900][651.243s][info][gc,heap     ] GC(190) Eden regions: 18->0(18)
[2025-08-12T22:14:53.637+0900][651.243s][info][gc,heap     ] GC(190) Survivor regions: 1->1(3)
[2025-08-12T22:14:53.637+0900][651.243s][info][gc,heap     ] GC(190) Old regions: 24->24
[2025-08-12T22:14:53.637+0900][651.243s][info][gc,heap     ] GC(190) Archive regions: 2->2
[2025-08-12T22:14:53.637+0900][651.243s][info][gc,heap     ] GC(190) Humongous regions: 0->0
[2025-08-12T22:14:53.637+0900][651.243s][info][gc,metaspace] GC(190) Metaspace: 93678K(94272K)->93678K(94272K) NonClass: 79644K(79936K)->79644K(79936K) Class: 14033K(14336K)->14033K(14336K)
[2025-08-12T22:14:53.637+0900][651.243s][info][gc          ] GC(190) Pause Young (Normal) (G1 Evacuation Pause) 173M->101M(212M) 6.856ms
[2025-08-12T22:14:53.637+0900][651.243s][info][gc,cpu      ] GC(190) User=0.02s Sys=0.00s Real=0.00s
[2025-08-12T22:14:55.104+0900][652.710s][info][gc,start    ] GC(191) Pause Young (Normal) (G1 Evacuation Pause)
[2025-08-12T22:14:55.104+0900][652.710s][info][gc,task     ] GC(191) Using 8 workers of 8 for evacuation
[2025-08-12T22:14:55.112+0900][652.718s][info][gc,phases   ] GC(191)   Pre Evacuate Collection Set: 0.1ms
[2025-08-12T22:14:55.112+0900][652.718s][info][gc,phases   ] GC(191)   Merge Heap Roots: 0.1ms
[2025-08-12T22:14:55.112+0900][652.718s][info][gc,phases   ] GC(191)   Evacuate Collection Set: 7.2ms
[2025-08-12T22:14:55.112+0900][652.719s][info][gc,phases   ] GC(191)   Post Evacuate Collection Set: 0.6ms
[2025-08-12T22:14:55.112+0900][652.719s][info][gc,phases   ] GC(191)   Other: 0.2ms
[2025-08-12T22:14:55.112+0900][652.719s][info][gc,heap     ] GC(191) Eden regions: 18->0(18)
[2025-08-12T22:14:55.112+0900][652.719s][info][gc,heap     ] GC(191) Survivor regions: 1->1(3)
[2025-08-12T22:14:55.112+0900][652.719s][info][gc,heap     ] GC(191) Old regions: 24->24
[2025-08-12T22:14:55.112+0900][652.719s][info][gc,heap     ] GC(191) Archive regions: 2->2
[2025-08-12T22:14:55.112+0900][652.719s][info][gc,heap     ] GC(191) Humongous regions: 0->0
[2025-08-12T22:14:55.112+0900][652.719s][info][gc,metaspace] GC(191) Metaspace: 93678K(94272K)->93678K(94272K) NonClass: 79644K(79936K)->79644K(79936K) Class: 14033K(14336K)->14033K(14336K)
[2025-08-12T22:14:55.112+0900][652.719s][info][gc          ] GC(191) Pause Young (Normal) (G1 Evacuation Pause) 173M->101M(212M) 8.478ms
[2025-08-12T22:14:55.112+0900][652.719s][info][gc,cpu      ] GC(191) User=0.03s Sys=0.00s Real=0.01s
[2025-08-12T22:14:56.042+0900][653.649s][info][gc,start    ] GC(192) Pause Young (Normal) (G1 Evacuation Pause)
[2025-08-12T22:14:56.042+0900][653.649s][info][gc,task     ] GC(192) Using 8 workers of 8 for evacuation
[2025-08-12T22:14:56.051+0900][653.658s][info][gc,phases   ] GC(192)   Pre Evacuate Collection Set: 0.1ms
[2025-08-12T22:14:56.051+0900][653.658s][info][gc,phases   ] GC(192)   Merge Heap Roots: 0.1ms
[2025-08-12T22:14:56.051+0900][653.658s][info][gc,phases   ] GC(192)   Evacuate Collection Set: 8.3ms
[2025-08-12T22:14:56.051+0900][653.658s][info][gc,phases   ] GC(192)   Post Evacuate Collection Set: 0.4ms
[2025-08-12T22:14:56.051+0900][653.658s][info][gc,phases   ] GC(192)   Other: 0.3ms
[2025-08-12T22:14:56.051+0900][653.658s][info][gc,heap     ] GC(192) Eden regions: 18->0(18)
[2025-08-12T22:14:56.051+0900][653.658s][info][gc,heap     ] GC(192) Survivor regions: 1->1(3)
[2025-08-12T22:14:56.051+0900][653.658s][info][gc,heap     ] GC(192) Old regions: 24->24
[2025-08-12T22:14:56.051+0900][653.658s][info][gc,heap     ] GC(192) Archive regions: 2->2
[2025-08-12T22:14:56.052+0900][653.658s][info][gc,heap     ] GC(192) Humongous regions: 0->0
[2025-08-12T22:14:56.052+0900][653.658s][info][gc,metaspace] GC(192) Metaspace: 93678K(94272K)->93678K(94272K) NonClass: 79644K(79936K)->79644K(79936K) Class: 14033K(14336K)->14033K(14336K)
[2025-08-12T22:14:56.052+0900][653.658s][info][gc          ] GC(192) Pause Young (Normal) (G1 Evacuation Pause) 173M->101M(212M) 9.550ms
[2025-08-12T22:14:56.052+0900][653.658s][info][gc,cpu      ] GC(192) User=0.03s Sys=0.00s Real=0.01s
[2025-08-12T22:14:57.009+0900][654.615s][info][gc,start    ] GC(193) Pause Young (Normal) (G1 Evacuation Pause)
[2025-08-12T22:14:57.009+0900][654.615s][info][gc,task     ] GC(193) Using 8 workers of 8 for evacuation
[2025-08-12T22:14:57.017+0900][654.624s][info][gc,phases   ] GC(193)   Pre Evacuate Collection Set: 0.2ms
[2025-08-12T22:14:57.017+0900][654.624s][info][gc,phases   ] GC(193)   Merge Heap Roots: 0.1ms
[2025-08-12T22:14:57.017+0900][654.624s][info][gc,phases   ] GC(193)   Evacuate Collection Set: 7.4ms
[2025-08-12T22:14:57.017+0900][654.624s][info][gc,phases   ] GC(193)   Post Evacuate Collection Set: 0.6ms
[2025-08-12T22:14:57.017+0900][654.624s][info][gc,phases   ] GC(193)   Other: 0.3ms
[2025-08-12T22:14:57.017+0900][654.624s][info][gc,heap     ] GC(193) Eden regions: 18->0(18)
[2025-08-12T22:14:57.017+0900][654.624s][info][gc,heap     ] GC(193) Survivor regions: 1->1(3)
[2025-08-12T22:14:57.017+0900][654.624s][info][gc,heap     ] GC(193) Old regions: 24->24
[2025-08-12T22:14:57.017+0900][654.624s][info][gc,heap     ] GC(193) Archive regions: 2->2
[2025-08-12T22:14:57.017+0900][654.624s][info][gc,heap     ] GC(193) Humongous regions: 0->0
[2025-08-12T22:14:57.017+0900][654.624s][info][gc,metaspace] GC(193) Metaspace: 93678K(94272K)->93678K(94272K) NonClass: 79644K(79936K)->79644K(79936K) Class: 14033K(14336K)->14033K(14336K)
[2025-08-12T22:14:57.017+0900][654.624s][info][gc          ] GC(193) Pause Young (Normal) (G1 Evacuation Pause) 173M->101M(212M) 8.719ms
[2025-08-12T22:14:57.017+0900][654.624s][info][gc,cpu      ] GC(193) User=0.03s Sys=0.00s Real=0.01s
[2025-08-12T22:14:57.956+0900][655.563s][info][gc,start    ] GC(194) Pause Young (Normal) (G1 Evacuation Pause)
[2025-08-12T22:14:57.956+0900][655.563s][info][gc,task     ] GC(194) Using 8 workers of 8 for evacuation
[2025-08-12T22:14:57.964+0900][655.571s][info][gc,phases   ] GC(194)   Pre Evacuate Collection Set: 0.2ms
[2025-08-12T22:14:57.965+0900][655.571s][info][gc,phases   ] GC(194)   Merge Heap Roots: 0.2ms
[2025-08-12T22:14:57.965+0900][655.571s][info][gc,phases   ] GC(194)   Evacuate Collection Set: 7.5ms
[2025-08-12T22:14:57.965+0900][655.571s][info][gc,phases   ] GC(194)   Post Evacuate Collection Set: 0.4ms
[2025-08-12T22:14:57.965+0900][655.571s][info][gc,phases   ] GC(194)   Other: 0.3ms
[2025-08-12T22:14:57.965+0900][655.571s][info][gc,heap     ] GC(194) Eden regions: 18->0(18)
[2025-08-12T22:14:57.965+0900][655.571s][info][gc,heap     ] GC(194) Survivor regions: 1->1(3)
[2025-08-12T22:14:57.965+0900][655.571s][info][gc,heap     ] GC(194) Old regions: 24->24
[2025-08-12T22:14:57.965+0900][655.571s][info][gc,heap     ] GC(194) Archive regions: 2->2
[2025-08-12T22:14:57.965+0900][655.571s][info][gc,heap     ] GC(194) Humongous regions: 0->0
[2025-08-12T22:14:57.965+0900][655.571s][info][gc,metaspace] GC(194) Metaspace: 93678K(94272K)->93678K(94272K) NonClass: 79644K(79936K)->79644K(79936K) Class: 14033K(14336K)->14033K(14336K)
[2025-08-12T22:14:57.965+0900][655.571s][info][gc          ] GC(194) Pause Young (Normal) (G1 Evacuation Pause) 173M->101M(212M) 8.921ms
[2025-08-12T22:14:57.965+0900][655.572s][info][gc,cpu      ] GC(194) User=0.03s Sys=0.00s Real=0.01s
[2025-08-12T22:14:58.829+0900][656.436s][info][gc,start    ] GC(195) Pause Young (Normal) (G1 Evacuation Pause)
[2025-08-12T22:14:58.829+0900][656.436s][info][gc,task     ] GC(195) Using 8 workers of 8 for evacuation
[2025-08-12T22:14:58.839+0900][656.446s][info][gc,phases   ] GC(195)   Pre Evacuate Collection Set: 0.3ms
[2025-08-12T22:14:58.839+0900][656.446s][info][gc,phases   ] GC(195)   Merge Heap Roots: 0.2ms
[2025-08-12T22:14:58.839+0900][656.446s][info][gc,phases   ] GC(195)   Evacuate Collection Set: 8.3ms
[2025-08-12T22:14:58.839+0900][656.446s][info][gc,phases   ] GC(195)   Post Evacuate Collection Set: 0.6ms
[2025-08-12T22:14:58.839+0900][656.446s][info][gc,phases   ] GC(195)   Other: 0.4ms
[2025-08-12T22:14:58.839+0900][656.446s][info][gc,heap     ] GC(195) Eden regions: 18->0(18)
[2025-08-12T22:14:58.839+0900][656.446s][info][gc,heap     ] GC(195) Survivor regions: 1->1(3)
[2025-08-12T22:14:58.839+0900][656.446s][info][gc,heap     ] GC(195) Old regions: 24->24
[2025-08-12T22:14:58.839+0900][656.446s][info][gc,heap     ] GC(195) Archive regions: 2->2
[2025-08-12T22:14:58.839+0900][656.446s][info][gc,heap     ] GC(195) Humongous regions: 0->0
[2025-08-12T22:14:58.839+0900][656.446s][info][gc,metaspace] GC(195) Metaspace: 93678K(94272K)->93678K(94272K) NonClass: 79644K(79936K)->79644K(79936K) Class: 14033K(14336K)->14033K(14336K)
[2025-08-12T22:14:58.839+0900][656.446s][info][gc          ] GC(195) Pause Young (Normal) (G1 Evacuation Pause) 173M->101M(212M) 10.046ms
[2025-08-12T22:14:58.839+0900][656.446s][info][gc,cpu      ] GC(195) User=0.04s Sys=0.00s Real=0.01s
[2025-08-12T22:14:59.754+0900][657.360s][info][gc,start    ] GC(196) Pause Young (Normal) (G1 Evacuation Pause)
[2025-08-12T22:14:59.754+0900][657.360s][info][gc,task     ] GC(196) Using 8 workers of 8 for evacuation
[2025-08-12T22:14:59.764+0900][657.370s][info][gc,phases   ] GC(196)   Pre Evacuate Collection Set: 0.1ms
[2025-08-12T22:14:59.764+0900][657.370s][info][gc,phases   ] GC(196)   Merge Heap Roots: 0.1ms
[2025-08-12T22:14:59.764+0900][657.370s][info][gc,phases   ] GC(196)   Evacuate Collection Set: 9.2ms
[2025-08-12T22:14:59.764+0900][657.370s][info][gc,phases   ] GC(196)   Post Evacuate Collection Set: 0.3ms
[2025-08-12T22:14:59.764+0900][657.370s][info][gc,phases   ] GC(196)   Other: 0.2ms
[2025-08-12T22:14:59.764+0900][657.371s][info][gc,heap     ] GC(196) Eden regions: 18->0(18)
[2025-08-12T22:14:59.764+0900][657.371s][info][gc,heap     ] GC(196) Survivor regions: 1->1(3)
[2025-08-12T22:14:59.764+0900][657.371s][info][gc,heap     ] GC(196) Old regions: 24->24
[2025-08-12T22:14:59.764+0900][657.371s][info][gc,heap     ] GC(196) Archive regions: 2->2
[2025-08-12T22:14:59.764+0900][657.371s][info][gc,heap     ] GC(196) Humongous regions: 0->0
[2025-08-12T22:14:59.764+0900][657.371s][info][gc,metaspace] GC(196) Metaspace: 93678K(94272K)->93678K(94272K) NonClass: 79644K(79936K)->79644K(79936K) Class: 14033K(14336K)->14033K(14336K)
[2025-08-12T22:14:59.764+0900][657.371s][info][gc          ] GC(196) Pause Young (Normal) (G1 Evacuation Pause) 173M->101M(212M) 10.236ms
[2025-08-12T22:14:59.764+0900][657.371s][info][gc,cpu      ] GC(196) User=0.02s Sys=0.00s Real=0.01s
[2025-08-12T22:15:00.709+0900][658.316s][info][gc,start    ] GC(197) Pause Young (Normal) (G1 Evacuation Pause)
[2025-08-12T22:15:00.710+0900][658.316s][info][gc,task     ] GC(197) Using 8 workers of 8 for evacuation
[2025-08-12T22:15:00.718+0900][658.325s][info][gc,phases   ] GC(197)   Pre Evacuate Collection Set: 0.1ms
[2025-08-12T22:15:00.718+0900][658.325s][info][gc,phases   ] GC(197)   Merge Heap Roots: 0.1ms
[2025-08-12T22:15:00.718+0900][658.325s][info][gc,phases   ] GC(197)   Evacuate Collection Set: 7.7ms
[2025-08-12T22:15:00.718+0900][658.325s][info][gc,phases   ] GC(197)   Post Evacuate Collection Set: 0.6ms
[2025-08-12T22:15:00.718+0900][658.325s][info][gc,phases   ] GC(197)   Other: 0.3ms
[2025-08-12T22:15:00.718+0900][658.325s][info][gc,heap     ] GC(197) Eden regions: 18->0(18)
[2025-08-12T22:15:00.718+0900][658.325s][info][gc,heap     ] GC(197) Survivor regions: 1->1(3)
[2025-08-12T22:15:00.718+0900][658.325s][info][gc,heap     ] GC(197) Old regions: 24->24
[2025-08-12T22:15:00.718+0900][658.325s][info][gc,heap     ] GC(197) Archive regions: 2->2
[2025-08-12T22:15:00.718+0900][658.325s][info][gc,heap     ] GC(197) Humongous regions: 0->0
[2025-08-12T22:15:00.718+0900][658.325s][info][gc,metaspace] GC(197) Metaspace: 93678K(94272K)->93678K(94272K) NonClass: 79644K(79936K)->79644K(79936K) Class: 14033K(14336K)->14033K(14336K)
[2025-08-12T22:15:00.718+0900][658.325s][info][gc          ] GC(197) Pause Young (Normal) (G1 Evacuation Pause) 173M->101M(212M) 8.905ms
[2025-08-12T22:15:00.718+0900][658.325s][info][gc,cpu      ] GC(197) User=0.03s Sys=0.00s Real=0.01s
[2025-08-12T22:15:01.649+0900][659.256s][info][gc,start    ] GC(198) Pause Young (Normal) (G1 Evacuation Pause)
[2025-08-12T22:15:01.649+0900][659.256s][info][gc,task     ] GC(198) Using 8 workers of 8 for evacuation
[2025-08-12T22:15:01.653+0900][659.260s][info][gc,phases   ] GC(198)   Pre Evacuate Collection Set: 0.1ms
[2025-08-12T22:15:01.653+0900][659.260s][info][gc,phases   ] GC(198)   Merge Heap Roots: 0.1ms
[2025-08-12T22:15:01.653+0900][659.260s][info][gc,phases   ] GC(198)   Evacuate Collection Set: 3.5ms
[2025-08-12T22:15:01.653+0900][659.260s][info][gc,phases   ] GC(198)   Post Evacuate Collection Set: 0.3ms
[2025-08-12T22:15:01.653+0900][659.260s][info][gc,phases   ] GC(198)   Other: 0.2ms
[2025-08-12T22:15:01.653+0900][659.260s][info][gc,heap     ] GC(198) Eden regions: 18->0(18)
[2025-08-12T22:15:01.653+0900][659.260s][info][gc,heap     ] GC(198) Survivor regions: 1->1(3)
[2025-08-12T22:15:01.653+0900][659.260s][info][gc,heap     ] GC(198) Old regions: 24->24
[2025-08-12T22:15:01.653+0900][659.260s][info][gc,heap     ] GC(198) Archive regions: 2->2
[2025-08-12T22:15:01.653+0900][659.260s][info][gc,heap     ] GC(198) Humongous regions: 0->0
[2025-08-12T22:15:01.653+0900][659.260s][info][gc,metaspace] GC(198) Metaspace: 93678K(94272K)->93678K(94272K) NonClass: 79644K(79936K)->79644K(79936K) Class: 14033K(14336K)->14033K(14336K)
[2025-08-12T22:15:01.653+0900][659.260s][info][gc          ] GC(198) Pause Young (Normal) (G1 Evacuation Pause) 173M->101M(212M) 4.213ms
[2025-08-12T22:15:01.653+0900][659.260s][info][gc,cpu      ] GC(198) User=0.01s Sys=0.00s Real=0.01s
[2025-08-12T22:15:02.561+0900][660.167s][info][gc,start    ] GC(199) Pause Young (Normal) (G1 Evacuation Pause)
[2025-08-12T22:15:02.561+0900][660.167s][info][gc,task     ] GC(199) Using 8 workers of 8 for evacuation
[2025-08-12T22:15:02.568+0900][660.175s][info][gc,phases   ] GC(199)   Pre Evacuate Collection Set: 0.1ms
[2025-08-12T22:15:02.569+0900][660.175s][info][gc,phases   ] GC(199)   Merge Heap Roots: 0.1ms
[2025-08-12T22:15:02.569+0900][660.175s][info][gc,phases   ] GC(199)   Evacuate Collection Set: 7.0ms
[2025-08-12T22:15:02.569+0900][660.175s][info][gc,phases   ] GC(199)   Post Evacuate Collection Set: 0.6ms
[2025-08-12T22:15:02.569+0900][660.176s][info][gc,phases   ] GC(199)   Other: 0.2ms
[2025-08-12T22:15:02.569+0900][660.176s][info][gc,heap     ] GC(199) Eden regions: 18->0(18)
[2025-08-12T22:15:02.569+0900][660.176s][info][gc,heap     ] GC(199) Survivor regions: 1->1(3)
[2025-08-12T22:15:02.569+0900][660.176s][info][gc,heap     ] GC(199) Old regions: 24->24
[2025-08-12T22:15:02.569+0900][660.176s][info][gc,heap     ] GC(199) Archive regions: 2->2
[2025-08-12T22:15:02.569+0900][660.176s][info][gc,heap     ] GC(199) Humongous regions: 0->0
[2025-08-12T22:15:02.569+0900][660.176s][info][gc,metaspace] GC(199) Metaspace: 93678K(94272K)->93678K(94272K) NonClass: 79644K(79936K)->79644K(79936K) Class: 14033K(14336K)->14033K(14336K)
[2025-08-12T22:15:02.569+0900][660.176s][info][gc          ] GC(199) Pause Young (Normal) (G1 Evacuation Pause) 173M->101M(212M) 8.385ms
[2025-08-12T22:15:02.569+0900][660.176s][info][gc,cpu      ] GC(199) User=0.02s Sys=0.00s Real=0.00s
[2025-08-12T22:15:03.534+0900][661.140s][info][gc,start    ] GC(200) Pause Young (Normal) (G1 Evacuation Pause)
[2025-08-12T22:15:03.534+0900][661.140s][info][gc,task     ] GC(200) Using 8 workers of 8 for evacuation
[2025-08-12T22:15:03.542+0900][661.148s][info][gc,phases   ] GC(200)   Pre Evacuate Collection Set: 0.2ms
[2025-08-12T22:15:03.542+0900][661.148s][info][gc,phases   ] GC(200)   Merge Heap Roots: 0.1ms
[2025-08-12T22:15:03.542+0900][661.148s][info][gc,phases   ] GC(200)   Evacuate Collection Set: 7.3ms
[2025-08-12T22:15:03.542+0900][661.148s][info][gc,phases   ] GC(200)   Post Evacuate Collection Set: 0.4ms
[2025-08-12T22:15:03.542+0900][661.149s][info][gc,phases   ] GC(200)   Other: 0.2ms
[2025-08-12T22:15:03.542+0900][661.149s][info][gc,heap     ] GC(200) Eden regions: 18->0(18)
[2025-08-12T22:15:03.542+0900][661.149s][info][gc,heap     ] GC(200) Survivor regions: 1->1(3)
[2025-08-12T22:15:03.542+0900][661.149s][info][gc,heap     ] GC(200) Old regions: 24->24
[2025-08-12T22:15:03.542+0900][661.149s][info][gc,heap     ] GC(200) Archive regions: 2->2
[2025-08-12T22:15:03.542+0900][661.149s][info][gc,heap     ] GC(200) Humongous regions: 0->0
[2025-08-12T22:15:03.542+0900][661.149s][info][gc,metaspace] GC(200) Metaspace: 93678K(94272K)->93678K(94272K) NonClass: 79644K(79936K)->79644K(79936K) Class: 14033K(14336K)->14033K(14336K)
[2025-08-12T22:15:03.542+0900][661.149s][info][gc          ] GC(200) Pause Young (Normal) (G1 Evacuation Pause) 173M->101M(212M) 8.191ms
[2025-08-12T22:15:03.542+0900][661.149s][info][gc,cpu      ] GC(200) User=0.02s Sys=0.00s Real=0.01s
[2025-08-12T22:15:04.446+0900][662.052s][info][gc,start    ] GC(201) Pause Young (Normal) (G1 Evacuation Pause)
[2025-08-12T22:15:04.446+0900][662.052s][info][gc,task     ] GC(201) Using 8 workers of 8 for evacuation
[2025-08-12T22:15:04.454+0900][662.061s][info][gc,phases   ] GC(201)   Pre Evacuate Collection Set: 0.2ms
[2025-08-12T22:15:04.454+0900][662.061s][info][gc,phases   ] GC(201)   Merge Heap Roots: 0.1ms
[2025-08-12T22:15:04.454+0900][662.061s][info][gc,phases   ] GC(201)   Evacuate Collection Set: 7.7ms
[2025-08-12T22:15:04.455+0900][662.061s][info][gc,phases   ] GC(201)   Post Evacuate Collection Set: 0.5ms
[2025-08-12T22:15:04.455+0900][662.061s][info][gc,phases   ] GC(201)   Other: 0.3ms
[2025-08-12T22:15:04.455+0900][662.061s][info][gc,heap     ] GC(201) Eden regions: 18->0(18)
[2025-08-12T22:15:04.455+0900][662.061s][info][gc,heap     ] GC(201) Survivor regions: 1->1(3)
[2025-08-12T22:15:04.455+0900][662.061s][info][gc,heap     ] GC(201) Old regions: 24->24
[2025-08-12T22:15:04.455+0900][662.061s][info][gc,heap     ] GC(201) Archive regions: 2->2
[2025-08-12T22:15:04.455+0900][662.061s][info][gc,heap     ] GC(201) Humongous regions: 0->0
[2025-08-12T22:15:04.455+0900][662.062s][info][gc,metaspace] GC(201) Metaspace: 93678K(94272K)->93678K(94272K) NonClass: 79644K(79936K)->79644K(79936K) Class: 14033K(14336K)->14033K(14336K)
[2025-08-12T22:15:04.455+0900][662.062s][info][gc          ] GC(201) Pause Young (Normal) (G1 Evacuation Pause) 173M->101M(212M) 9.230ms
[2025-08-12T22:15:04.455+0900][662.062s][info][gc,cpu      ] GC(201) User=0.04s Sys=0.00s Real=0.01s
[2025-08-12T22:15:05.381+0900][662.988s][info][gc,start    ] GC(202) Pause Young (Normal) (G1 Evacuation Pause)
[2025-08-12T22:15:05.381+0900][662.988s][info][gc,task     ] GC(202) Using 8 workers of 8 for evacuation
[2025-08-12T22:15:05.388+0900][662.995s][info][gc,phases   ] GC(202)   Pre Evacuate Collection Set: 0.1ms
[2025-08-12T22:15:05.388+0900][662.995s][info][gc,phases   ] GC(202)   Merge Heap Roots: 0.1ms
[2025-08-12T22:15:05.388+0900][662.995s][info][gc,phases   ] GC(202)   Evacuate Collection Set: 6.4ms
[2025-08-12T22:15:05.388+0900][662.995s][info][gc,phases   ] GC(202)   Post Evacuate Collection Set: 0.4ms
[2025-08-12T22:15:05.388+0900][662.995s][info][gc,phases   ] GC(202)   Other: 0.2ms
[2025-08-12T22:15:05.388+0900][662.995s][info][gc,heap     ] GC(202) Eden regions: 18->0(18)
[2025-08-12T22:15:05.388+0900][662.995s][info][gc,heap     ] GC(202) Survivor regions: 1->1(3)
[2025-08-12T22:15:05.388+0900][662.995s][info][gc,heap     ] GC(202) Old regions: 24->24
[2025-08-12T22:15:05.388+0900][662.995s][info][gc,heap     ] GC(202) Archive regions: 2->2
[2025-08-12T22:15:05.388+0900][662.995s][info][gc,heap     ] GC(202) Humongous regions: 0->0
[2025-08-12T22:15:05.388+0900][662.995s][info][gc,metaspace] GC(202) Metaspace: 93678K(94272K)->93678K(94272K) NonClass: 79644K(79936K)->79644K(79936K) Class: 14033K(14336K)->14033K(14336K)
[2025-08-12T22:15:05.388+0900][662.995s][info][gc          ] GC(202) Pause Young (Normal) (G1 Evacuation Pause) 173M->101M(212M) 7.589ms
[2025-08-12T22:15:05.389+0900][662.995s][info][gc,cpu      ] GC(202) User=0.02s Sys=0.00s Real=0.00s
[2025-08-12T22:15:06.283+0900][663.890s][info][gc,start    ] GC(203) Pause Young (Normal) (G1 Evacuation Pause)
[2025-08-12T22:15:06.283+0900][663.890s][info][gc,task     ] GC(203) Using 8 workers of 8 for evacuation
[2025-08-12T22:15:06.289+0900][663.895s][info][gc,phases   ] GC(203)   Pre Evacuate Collection Set: 0.1ms
[2025-08-12T22:15:06.289+0900][663.896s][info][gc,phases   ] GC(203)   Merge Heap Roots: 0.1ms
[2025-08-12T22:15:06.289+0900][663.896s][info][gc,phases   ] GC(203)   Evacuate Collection Set: 4.8ms
[2025-08-12T22:15:06.289+0900][663.896s][info][gc,phases   ] GC(203)   Post Evacuate Collection Set: 0.6ms
[2025-08-12T22:15:06.289+0900][663.896s][info][gc,phases   ] GC(203)   Other: 0.2ms
[2025-08-12T22:15:06.289+0900][663.896s][info][gc,heap     ] GC(203) Eden regions: 18->0(18)
[2025-08-12T22:15:06.289+0900][663.896s][info][gc,heap     ] GC(203) Survivor regions: 1->1(3)
[2025-08-12T22:15:06.289+0900][663.896s][info][gc,heap     ] GC(203) Old regions: 24->24
[2025-08-12T22:15:06.289+0900][663.896s][info][gc,heap     ] GC(203) Archive regions: 2->2
[2025-08-12T22:15:06.289+0900][663.896s][info][gc,heap     ] GC(203) Humongous regions: 0->0
[2025-08-12T22:15:06.289+0900][663.896s][info][gc,metaspace] GC(203) Metaspace: 93678K(94272K)->93678K(94272K) NonClass: 79644K(79936K)->79644K(79936K) Class: 14033K(14336K)->14033K(14336K)
[2025-08-12T22:15:06.289+0900][663.896s][info][gc          ] GC(203) Pause Young (Normal) (G1 Evacuation Pause) 173M->101M(212M) 6.145ms
[2025-08-12T22:15:06.289+0900][663.896s][info][gc,cpu      ] GC(203) User=0.02s Sys=0.00s Real=0.00s
[2025-08-12T22:15:07.146+0900][664.753s][info][gc,start    ] GC(204) Pause Young (Normal) (G1 Evacuation Pause)
[2025-08-12T22:15:07.146+0900][664.753s][info][gc,task     ] GC(204) Using 8 workers of 8 for evacuation
[2025-08-12T22:15:07.154+0900][664.760s][info][gc,phases   ] GC(204)   Pre Evacuate Collection Set: 0.1ms
[2025-08-12T22:15:07.154+0900][664.761s][info][gc,phases   ] GC(204)   Merge Heap Roots: 0.1ms
[2025-08-12T22:15:07.154+0900][664.761s][info][gc,phases   ] GC(204)   Evacuate Collection Set: 7.0ms
[2025-08-12T22:15:07.154+0900][664.761s][info][gc,phases   ] GC(204)   Post Evacuate Collection Set: 0.4ms
[2025-08-12T22:15:07.154+0900][664.761s][info][gc,phases   ] GC(204)   Other: 0.2ms
[2025-08-12T22:15:07.154+0900][664.761s][info][gc,heap     ] GC(204) Eden regions: 18->0(18)
[2025-08-12T22:15:07.154+0900][664.761s][info][gc,heap     ] GC(204) Survivor regions: 1->1(3)
[2025-08-12T22:15:07.154+0900][664.761s][info][gc,heap     ] GC(204) Old regions: 24->24
[2025-08-12T22:15:07.154+0900][664.761s][info][gc,heap     ] GC(204) Archive regions: 2->2
[2025-08-12T22:15:07.154+0900][664.761s][info][gc,heap     ] GC(204) Humongous regions: 0->0
[2025-08-12T22:15:07.154+0900][664.761s][info][gc,metaspace] GC(204) Metaspace: 93678K(94272K)->93678K(94272K) NonClass: 79644K(79936K)->79644K(79936K) Class: 14033K(14336K)->14033K(14336K)
[2025-08-12T22:15:07.154+0900][664.761s][info][gc          ] GC(204) Pause Young (Normal) (G1 Evacuation Pause) 173M->101M(212M) 8.195ms
[2025-08-12T22:15:07.154+0900][664.761s][info][gc,cpu      ] GC(204) User=0.02s Sys=0.00s Real=0.01s
[2025-08-12T22:15:08.103+0900][665.710s][info][gc,start    ] GC(205) Pause Young (Normal) (G1 Evacuation Pause)
[2025-08-12T22:15:08.103+0900][665.710s][info][gc,task     ] GC(205) Using 8 workers of 8 for evacuation
[2025-08-12T22:15:08.110+0900][665.717s][info][gc,phases   ] GC(205)   Pre Evacuate Collection Set: 0.1ms
[2025-08-12T22:15:08.110+0900][665.717s][info][gc,phases   ] GC(205)   Merge Heap Roots: 0.1ms
[2025-08-12T22:15:08.110+0900][665.717s][info][gc,phases   ] GC(205)   Evacuate Collection Set: 7.1ms
[2025-08-12T22:15:08.110+0900][665.717s][info][gc,phases   ] GC(205)   Post Evacuate Collection Set: 0.2ms
[2025-08-12T22:15:08.110+0900][665.717s][info][gc,phases   ] GC(205)   Other: 0.2ms
[2025-08-12T22:15:08.110+0900][665.717s][info][gc,heap     ] GC(205) Eden regions: 18->0(18)
[2025-08-12T22:15:08.110+0900][665.717s][info][gc,heap     ] GC(205) Survivor regions: 1->1(3)
[2025-08-12T22:15:08.110+0900][665.717s][info][gc,heap     ] GC(205) Old regions: 24->24
[2025-08-12T22:15:08.110+0900][665.717s][info][gc,heap     ] GC(205) Archive regions: 2->2
[2025-08-12T22:15:08.110+0900][665.717s][info][gc,heap     ] GC(205) Humongous regions: 0->0
[2025-08-12T22:15:08.110+0900][665.717s][info][gc,metaspace] GC(205) Metaspace: 93678K(94272K)->93678K(94272K) NonClass: 79644K(79936K)->79644K(79936K) Class: 14033K(14336K)->14033K(14336K)
[2025-08-12T22:15:08.110+0900][665.717s][info][gc          ] GC(205) Pause Young (Normal) (G1 Evacuation Pause) 173M->101M(212M) 7.671ms
[2025-08-12T22:15:08.111+0900][665.717s][info][gc,cpu      ] GC(205) User=0.03s Sys=0.00s Real=0.01s
[2025-08-12T22:15:08.992+0900][666.599s][info][gc,start    ] GC(206) Pause Young (Normal) (G1 Evacuation Pause)
[2025-08-12T22:15:08.992+0900][666.599s][info][gc,task     ] GC(206) Using 8 workers of 8 for evacuation
[2025-08-12T22:15:08.999+0900][666.606s][info][gc,phases   ] GC(206)   Pre Evacuate Collection Set: 0.1ms
[2025-08-12T22:15:08.999+0900][666.606s][info][gc,phases   ] GC(206)   Merge Heap Roots: 0.1ms
[2025-08-12T22:15:08.999+0900][666.606s][info][gc,phases   ] GC(206)   Evacuate Collection Set: 5.8ms
[2025-08-12T22:15:08.999+0900][666.606s][info][gc,phases   ] GC(206)   Post Evacuate Collection Set: 0.6ms
[2025-08-12T22:15:08.999+0900][666.606s][info][gc,phases   ] GC(206)   Other: 0.2ms
[2025-08-12T22:15:08.999+0900][666.606s][info][gc,heap     ] GC(206) Eden regions: 18->0(18)
[2025-08-12T22:15:08.999+0900][666.606s][info][gc,heap     ] GC(206) Survivor regions: 1->1(3)
[2025-08-12T22:15:08.999+0900][666.606s][info][gc,heap     ] GC(206) Old regions: 24->24
[2025-08-12T22:15:08.999+0900][666.606s][info][gc,heap     ] GC(206) Archive regions: 2->2
[2025-08-12T22:15:08.999+0900][666.606s][info][gc,heap     ] GC(206) Humongous regions: 0->0
[2025-08-12T22:15:08.999+0900][666.606s][info][gc,metaspace] GC(206) Metaspace: 93678K(94272K)->93678K(94272K) NonClass: 79644K(79936K)->79644K(79936K) Class: 14033K(14336K)->14033K(14336K)
[2025-08-12T22:15:08.999+0900][666.606s][info][gc          ] GC(206) Pause Young (Normal) (G1 Evacuation Pause) 173M->101M(212M) 7.135ms
[2025-08-12T22:15:08.999+0900][666.606s][info][gc,cpu      ] GC(206) User=0.03s Sys=0.00s Real=0.00s
[2025-08-12T22:15:09.899+0900][667.506s][info][gc,start    ] GC(207) Pause Young (Normal) (G1 Evacuation Pause)
[2025-08-12T22:15:09.899+0900][667.506s][info][gc,task     ] GC(207) Using 8 workers of 8 for evacuation
[2025-08-12T22:15:09.918+0900][667.525s][info][gc,phases   ] GC(207)   Pre Evacuate Collection Set: 0.2ms
[2025-08-12T22:15:09.918+0900][667.525s][info][gc,phases   ] GC(207)   Merge Heap Roots: 0.1ms
[2025-08-12T22:15:09.918+0900][667.525s][info][gc,phases   ] GC(207)   Evacuate Collection Set: 17.6ms
[2025-08-12T22:15:09.918+0900][667.525s][info][gc,phases   ] GC(207)   Post Evacuate Collection Set: 0.5ms
[2025-08-12T22:15:09.918+0900][667.525s][info][gc,phases   ] GC(207)   Other: 0.4ms
[2025-08-12T22:15:09.918+0900][667.525s][info][gc,heap     ] GC(207) Eden regions: 18->0(18)
[2025-08-12T22:15:09.918+0900][667.525s][info][gc,heap     ] GC(207) Survivor regions: 1->1(3)
[2025-08-12T22:15:09.918+0900][667.525s][info][gc,heap     ] GC(207) Old regions: 24->24
[2025-08-12T22:15:09.918+0900][667.525s][info][gc,heap     ] GC(207) Archive regions: 2->2
[2025-08-12T22:15:09.918+0900][667.525s][info][gc,heap     ] GC(207) Humongous regions: 0->0
[2025-08-12T22:15:09.918+0900][667.525s][info][gc,metaspace] GC(207) Metaspace: 93678K(94272K)->93678K(94272K) NonClass: 79644K(79936K)->79644K(79936K) Class: 14033K(14336K)->14033K(14336K)
[2025-08-12T22:15:09.918+0900][667.525s][info][gc          ] GC(207) Pause Young (Normal) (G1 Evacuation Pause) 173M->101M(212M) 18.892ms
[2025-08-12T22:15:09.918+0900][667.525s][info][gc,cpu      ] GC(207) User=0.03s Sys=0.00s Real=0.02s
[2025-08-12T22:15:10.834+0900][668.441s][info][gc,start    ] GC(208) Pause Young (Normal) (G1 Evacuation Pause)
[2025-08-12T22:15:10.834+0900][668.441s][info][gc,task     ] GC(208) Using 8 workers of 8 for evacuation
[2025-08-12T22:15:10.842+0900][668.449s][info][gc,phases   ] GC(208)   Pre Evacuate Collection Set: 0.2ms
[2025-08-12T22:15:10.842+0900][668.449s][info][gc,phases   ] GC(208)   Merge Heap Roots: 0.1ms
[2025-08-12T22:15:10.842+0900][668.449s][info][gc,phases   ] GC(208)   Evacuate Collection Set: 6.6ms
[2025-08-12T22:15:10.842+0900][668.449s][info][gc,phases   ] GC(208)   Post Evacuate Collection Set: 0.6ms
[2025-08-12T22:15:10.842+0900][668.449s][info][gc,phases   ] GC(208)   Other: 0.2ms
[2025-08-12T22:15:10.842+0900][668.449s][info][gc,heap     ] GC(208) Eden regions: 18->0(18)
[2025-08-12T22:15:10.842+0900][668.449s][info][gc,heap     ] GC(208) Survivor regions: 1->1(3)
[2025-08-12T22:15:10.842+0900][668.449s][info][gc,heap     ] GC(208) Old regions: 24->24
[2025-08-12T22:15:10.842+0900][668.449s][info][gc,heap     ] GC(208) Archive regions: 2->2
[2025-08-12T22:15:10.842+0900][668.449s][info][gc,heap     ] GC(208) Humongous regions: 0->0
[2025-08-12T22:15:10.842+0900][668.449s][info][gc,metaspace] GC(208) Metaspace: 93678K(94272K)->93678K(94272K) NonClass: 79644K(79936K)->79644K(79936K) Class: 14033K(14336K)->14033K(14336K)
[2025-08-12T22:15:10.842+0900][668.449s][info][gc          ] GC(208) Pause Young (Normal) (G1 Evacuation Pause) 173M->101M(212M) 7.874ms
[2025-08-12T22:15:10.842+0900][668.449s][info][gc,cpu      ] GC(208) User=0.02s Sys=0.00s Real=0.01s
[2025-08-12T22:15:11.767+0900][669.374s][info][gc,start    ] GC(209) Pause Young (Normal) (G1 Evacuation Pause)
[2025-08-12T22:15:11.767+0900][669.374s][info][gc,task     ] GC(209) Using 8 workers of 8 for evacuation
[2025-08-12T22:15:11.776+0900][669.383s][info][gc,phases   ] GC(209)   Pre Evacuate Collection Set: 0.1ms
[2025-08-12T22:15:11.776+0900][669.383s][info][gc,phases   ] GC(209)   Merge Heap Roots: 0.1ms
[2025-08-12T22:15:11.776+0900][669.383s][info][gc,phases   ] GC(209)   Evacuate Collection Set: 7.4ms
[2025-08-12T22:15:11.776+0900][669.383s][info][gc,phases   ] GC(209)   Post Evacuate Collection Set: 0.6ms
[2025-08-12T22:15:11.776+0900][669.383s][info][gc,phases   ] GC(209)   Other: 0.2ms
[2025-08-12T22:15:11.776+0900][669.383s][info][gc,heap     ] GC(209) Eden regions: 18->0(18)
[2025-08-12T22:15:11.776+0900][669.383s][info][gc,heap     ] GC(209) Survivor regions: 1->1(3)
[2025-08-12T22:15:11.776+0900][669.383s][info][gc,heap     ] GC(209) Old regions: 24->24
[2025-08-12T22:15:11.776+0900][669.383s][info][gc,heap     ] GC(209) Archive regions: 2->2
[2025-08-12T22:15:11.776+0900][669.383s][info][gc,heap     ] GC(209) Humongous regions: 0->0
[2025-08-12T22:15:11.776+0900][669.383s][info][gc,metaspace] GC(209) Metaspace: 93678K(94272K)->93678K(94272K) NonClass: 79644K(79936K)->79644K(79936K) Class: 14033K(14336K)->14033K(14336K)
[2025-08-12T22:15:11.776+0900][669.383s][info][gc          ] GC(209) Pause Young (Normal) (G1 Evacuation Pause) 173M->101M(212M) 8.758ms
[2025-08-12T22:15:11.776+0900][669.383s][info][gc,cpu      ] GC(209) User=0.03s Sys=0.00s Real=0.01s
[2025-08-12T22:15:12.677+0900][670.284s][info][gc,start    ] GC(210) Pause Young (Normal) (G1 Evacuation Pause)
[2025-08-12T22:15:12.677+0900][670.284s][info][gc,task     ] GC(210) Using 8 workers of 8 for evacuation
[2025-08-12T22:15:12.686+0900][670.293s][info][gc,phases   ] GC(210)   Pre Evacuate Collection Set: 0.2ms
[2025-08-12T22:15:12.686+0900][670.293s][info][gc,phases   ] GC(210)   Merge Heap Roots: 0.1ms
[2025-08-12T22:15:12.686+0900][670.293s][info][gc,phases   ] GC(210)   Evacuate Collection Set: 7.8ms
[2025-08-12T22:15:12.686+0900][670.293s][info][gc,phases   ] GC(210)   Post Evacuate Collection Set: 0.7ms
[2025-08-12T22:15:12.686+0900][670.293s][info][gc,phases   ] GC(210)   Other: 0.3ms
[2025-08-12T22:15:12.686+0900][670.293s][info][gc,heap     ] GC(210) Eden regions: 18->0(18)
[2025-08-12T22:15:12.686+0900][670.293s][info][gc,heap     ] GC(210) Survivor regions: 1->1(3)
[2025-08-12T22:15:12.686+0900][670.293s][info][gc,heap     ] GC(210) Old regions: 24->24
[2025-08-12T22:15:12.686+0900][670.293s][info][gc,heap     ] GC(210) Archive regions: 2->2
[2025-08-12T22:15:12.686+0900][670.293s][info][gc,heap     ] GC(210) Humongous regions: 0->0
[2025-08-12T22:15:12.686+0900][670.293s][info][gc,metaspace] GC(210) Metaspace: 93678K(94272K)->93678K(94272K) NonClass: 79644K(79936K)->79644K(79936K) Class: 14033K(14336K)->14033K(14336K)
[2025-08-12T22:15:12.686+0900][670.293s][info][gc          ] GC(210) Pause Young (Normal) (G1 Evacuation Pause) 173M->101M(212M) 9.319ms
[2025-08-12T22:15:12.686+0900][670.293s][info][gc,cpu      ] GC(210) User=0.03s Sys=0.00s Real=0.01s
[2025-08-12T22:15:13.581+0900][671.188s][info][gc,start    ] GC(211) Pause Young (Normal) (G1 Evacuation Pause)
[2025-08-12T22:15:13.581+0900][671.188s][info][gc,task     ] GC(211) Using 8 workers of 8 for evacuation
[2025-08-12T22:15:13.589+0900][671.196s][info][gc,phases   ] GC(211)   Pre Evacuate Collection Set: 0.1ms
[2025-08-12T22:15:13.589+0900][671.196s][info][gc,phases   ] GC(211)   Merge Heap Roots: 0.1ms
[2025-08-12T22:15:13.589+0900][671.196s][info][gc,phases   ] GC(211)   Evacuate Collection Set: 6.6ms
[2025-08-12T22:15:13.589+0900][671.196s][info][gc,phases   ] GC(211)   Post Evacuate Collection Set: 0.5ms
[2025-08-12T22:15:13.589+0900][671.196s][info][gc,phases   ] GC(211)   Other: 0.2ms
[2025-08-12T22:15:13.589+0900][671.196s][info][gc,heap     ] GC(211) Eden regions: 18->0(18)
[2025-08-12T22:15:13.589+0900][671.196s][info][gc,heap     ] GC(211) Survivor regions: 1->1(3)
[2025-08-12T22:15:13.589+0900][671.196s][info][gc,heap     ] GC(211) Old regions: 24->24
[2025-08-12T22:15:13.589+0900][671.196s][info][gc,heap     ] GC(211) Archive regions: 2->2
[2025-08-12T22:15:13.589+0900][671.196s][info][gc,heap     ] GC(211) Humongous regions: 0->0
[2025-08-12T22:15:13.589+0900][671.196s][info][gc,metaspace] GC(211) Metaspace: 93678K(94272K)->93678K(94272K) NonClass: 79644K(79936K)->79644K(79936K) Class: 14033K(14336K)->14033K(14336K)
[2025-08-12T22:15:13.589+0900][671.196s][info][gc          ] GC(211) Pause Young (Normal) (G1 Evacuation Pause) 173M->101M(212M) 7.827ms
[2025-08-12T22:15:13.589+0900][671.196s][info][gc,cpu      ] GC(211) User=0.03s Sys=0.01s Real=0.00s
[2025-08-12T22:15:14.506+0900][672.113s][info][gc,start    ] GC(212) Pause Young (Normal) (G1 Evacuation Pause)
[2025-08-12T22:15:14.506+0900][672.113s][info][gc,task     ] GC(212) Using 8 workers of 8 for evacuation
[2025-08-12T22:15:14.514+0900][672.121s][info][gc,phases   ] GC(212)   Pre Evacuate Collection Set: 0.1ms
[2025-08-12T22:15:14.514+0900][672.122s][info][gc,phases   ] GC(212)   Merge Heap Roots: 0.1ms
[2025-08-12T22:15:14.514+0900][672.122s][info][gc,phases   ] GC(212)   Evacuate Collection Set: 7.1ms
[2025-08-12T22:15:14.515+0900][672.122s][info][gc,phases   ] GC(212)   Post Evacuate Collection Set: 0.5ms
[2025-08-12T22:15:14.515+0900][672.122s][info][gc,phases   ] GC(212)   Other: 0.3ms
[2025-08-12T22:15:14.515+0900][672.122s][info][gc,heap     ] GC(212) Eden regions: 18->0(18)
[2025-08-12T22:15:14.515+0900][672.122s][info][gc,heap     ] GC(212) Survivor regions: 1->1(3)
[2025-08-12T22:15:14.515+0900][672.122s][info][gc,heap     ] GC(212) Old regions: 24->24
[2025-08-12T22:15:14.515+0900][672.122s][info][gc,heap     ] GC(212) Archive regions: 2->2
[2025-08-12T22:15:14.515+0900][672.122s][info][gc,heap     ] GC(212) Humongous regions: 0->0
[2025-08-12T22:15:14.515+0900][672.122s][info][gc,metaspace] GC(212) Metaspace: 93678K(94272K)->93678K(94272K) NonClass: 79644K(79936K)->79644K(79936K) Class: 14033K(14336K)->14033K(14336K)
[2025-08-12T22:15:14.515+0900][672.122s][info][gc          ] GC(212) Pause Young (Normal) (G1 Evacuation Pause) 173M->101M(212M) 8.367ms
[2025-08-12T22:15:14.515+0900][672.122s][info][gc,cpu      ] GC(212) User=0.03s Sys=0.00s Real=0.01s
[2025-08-12T22:15:15.398+0900][673.006s][info][gc,start    ] GC(213) Pause Young (Normal) (G1 Evacuation Pause)
[2025-08-12T22:15:15.399+0900][673.006s][info][gc,task     ] GC(213) Using 8 workers of 8 for evacuation
[2025-08-12T22:15:15.408+0900][673.015s][info][gc,phases   ] GC(213)   Pre Evacuate Collection Set: 0.3ms
[2025-08-12T22:15:15.408+0900][673.015s][info][gc,phases   ] GC(213)   Merge Heap Roots: 0.2ms
[2025-08-12T22:15:15.408+0900][673.015s][info][gc,phases   ] GC(213)   Evacuate Collection Set: 8.2ms
[2025-08-12T22:15:15.408+0900][673.015s][info][gc,phases   ] GC(213)   Post Evacuate Collection Set: 0.5ms
[2025-08-12T22:15:15.408+0900][673.015s][info][gc,phases   ] GC(213)   Other: 0.4ms
[2025-08-12T22:15:15.408+0900][673.015s][info][gc,heap     ] GC(213) Eden regions: 18->0(18)
[2025-08-12T22:15:15.408+0900][673.015s][info][gc,heap     ] GC(213) Survivor regions: 1->1(3)
[2025-08-12T22:15:15.408+0900][673.015s][info][gc,heap     ] GC(213) Old regions: 24->24
[2025-08-12T22:15:15.408+0900][673.015s][info][gc,heap     ] GC(213) Archive regions: 2->2
[2025-08-12T22:15:15.408+0900][673.015s][info][gc,heap     ] GC(213) Humongous regions: 0->0
[2025-08-12T22:15:15.408+0900][673.015s][info][gc,metaspace] GC(213) Metaspace: 93678K(94272K)->93678K(94272K) NonClass: 79644K(79936K)->79644K(79936K) Class: 14033K(14336K)->14033K(14336K)
[2025-08-12T22:15:15.408+0900][673.015s][info][gc          ] GC(213) Pause Young (Normal) (G1 Evacuation Pause) 173M->101M(212M) 9.809ms
[2025-08-12T22:15:15.408+0900][673.015s][info][gc,cpu      ] GC(213) User=0.03s Sys=0.00s Real=0.01s
[2025-08-12T22:15:16.288+0900][673.895s][info][gc,start    ] GC(214) Pause Young (Normal) (G1 Evacuation Pause)
[2025-08-12T22:15:16.288+0900][673.895s][info][gc,task     ] GC(214) Using 8 workers of 8 for evacuation
[2025-08-12T22:15:16.296+0900][673.903s][info][gc,phases   ] GC(214)   Pre Evacuate Collection Set: 0.3ms
[2025-08-12T22:15:16.296+0900][673.903s][info][gc,phases   ] GC(214)   Merge Heap Roots: 0.2ms
[2025-08-12T22:15:16.296+0900][673.903s][info][gc,phases   ] GC(214)   Evacuate Collection Set: 7.4ms
[2025-08-12T22:15:16.296+0900][673.903s][info][gc,phases   ] GC(214)   Post Evacuate Collection Set: 0.4ms
[2025-08-12T22:15:16.296+0900][673.903s][info][gc,phases   ] GC(214)   Other: 0.3ms
[2025-08-12T22:15:16.296+0900][673.903s][info][gc,heap     ] GC(214) Eden regions: 18->0(18)
[2025-08-12T22:15:16.296+0900][673.903s][info][gc,heap     ] GC(214) Survivor regions: 1->1(3)
[2025-08-12T22:15:16.296+0900][673.903s][info][gc,heap     ] GC(214) Old regions: 24->24
[2025-08-12T22:15:16.296+0900][673.903s][info][gc,heap     ] GC(214) Archive regions: 2->2
[2025-08-12T22:15:16.296+0900][673.903s][info][gc,heap     ] GC(214) Humongous regions: 0->0
[2025-08-12T22:15:16.296+0900][673.903s][info][gc,metaspace] GC(214) Metaspace: 93678K(94272K)->93678K(94272K) NonClass: 79644K(79936K)->79644K(79936K) Class: 14033K(14336K)->14033K(14336K)
[2025-08-12T22:15:16.296+0900][673.903s][info][gc          ] GC(214) Pause Young (Normal) (G1 Evacuation Pause) 173M->101M(212M) 8.819ms
[2025-08-12T22:15:16.297+0900][673.904s][info][gc,cpu      ] GC(214) User=0.04s Sys=0.00s Real=0.01s
[2025-08-12T22:15:17.129+0900][674.736s][info][gc,start    ] GC(215) Pause Young (Normal) (G1 Evacuation Pause)
[2025-08-12T22:15:17.129+0900][674.736s][info][gc,task     ] GC(215) Using 8 workers of 8 for evacuation
[2025-08-12T22:15:17.137+0900][674.744s][info][gc,phases   ] GC(215)   Pre Evacuate Collection Set: 0.2ms
[2025-08-12T22:15:17.137+0900][674.744s][info][gc,phases   ] GC(215)   Merge Heap Roots: 0.1ms
[2025-08-12T22:15:17.137+0900][674.744s][info][gc,phases   ] GC(215)   Evacuate Collection Set: 7.0ms
[2025-08-12T22:15:17.137+0900][674.744s][info][gc,phases   ] GC(215)   Post Evacuate Collection Set: 0.5ms
[2025-08-12T22:15:17.137+0900][674.744s][info][gc,phases   ] GC(215)   Other: 0.3ms
[2025-08-12T22:15:17.137+0900][674.744s][info][gc,heap     ] GC(215) Eden regions: 18->0(18)
[2025-08-12T22:15:17.137+0900][674.744s][info][gc,heap     ] GC(215) Survivor regions: 1->1(3)
[2025-08-12T22:15:17.137+0900][674.744s][info][gc,heap     ] GC(215) Old regions: 24->24
[2025-08-12T22:15:17.137+0900][674.744s][info][gc,heap     ] GC(215) Archive regions: 2->2
[2025-08-12T22:15:17.137+0900][674.744s][info][gc,heap     ] GC(215) Humongous regions: 0->0
[2025-08-12T22:15:17.137+0900][674.744s][info][gc,metaspace] GC(215) Metaspace: 93678K(94272K)->93678K(94272K) NonClass: 79644K(79936K)->79644K(79936K) Class: 14033K(14336K)->14033K(14336K)
[2025-08-12T22:15:17.137+0900][674.744s][info][gc          ] GC(215) Pause Young (Normal) (G1 Evacuation Pause) 173M->101M(212M) 8.346ms
[2025-08-12T22:15:17.137+0900][674.744s][info][gc,cpu      ] GC(215) User=0.03s Sys=0.00s Real=0.01s
[2025-08-12T22:15:18.018+0900][675.625s][info][gc,start    ] GC(216) Pause Young (Normal) (G1 Evacuation Pause)
[2025-08-12T22:15:18.018+0900][675.625s][info][gc,task     ] GC(216) Using 8 workers of 8 for evacuation
[2025-08-12T22:15:18.024+0900][675.632s][info][gc,phases   ] GC(216)   Pre Evacuate Collection Set: 0.2ms
[2025-08-12T22:15:18.025+0900][675.632s][info][gc,phases   ] GC(216)   Merge Heap Roots: 0.1ms
[2025-08-12T22:15:18.025+0900][675.632s][info][gc,phases   ] GC(216)   Evacuate Collection Set: 5.6ms
[2025-08-12T22:15:18.025+0900][675.632s][info][gc,phases   ] GC(216)   Post Evacuate Collection Set: 0.6ms
[2025-08-12T22:15:18.025+0900][675.632s][info][gc,phases   ] GC(216)   Other: 0.3ms
[2025-08-12T22:15:18.025+0900][675.632s][info][gc,heap     ] GC(216) Eden regions: 18->0(18)
[2025-08-12T22:15:18.025+0900][675.632s][info][gc,heap     ] GC(216) Survivor regions: 1->1(3)
[2025-08-12T22:15:18.025+0900][675.632s][info][gc,heap     ] GC(216) Old regions: 24->24
[2025-08-12T22:15:18.025+0900][675.632s][info][gc,heap     ] GC(216) Archive regions: 2->2
[2025-08-12T22:15:18.025+0900][675.632s][info][gc,heap     ] GC(216) Humongous regions: 0->0
[2025-08-12T22:15:18.025+0900][675.632s][info][gc,metaspace] GC(216) Metaspace: 93678K(94272K)->93678K(94272K) NonClass: 79644K(79936K)->79644K(79936K) Class: 14033K(14336K)->14033K(14336K)
[2025-08-12T22:15:18.025+0900][675.632s][info][gc          ] GC(216) Pause Young (Normal) (G1 Evacuation Pause) 173M->101M(212M) 6.877ms
[2025-08-12T22:15:18.025+0900][675.632s][info][gc,cpu      ] GC(216) User=0.02s Sys=0.00s Real=0.01s
[2025-08-12T22:15:19.023+0900][676.630s][info][gc,start    ] GC(217) Pause Young (Normal) (G1 Evacuation Pause)
[2025-08-12T22:15:19.023+0900][676.630s][info][gc,task     ] GC(217) Using 8 workers of 8 for evacuation
[2025-08-12T22:15:19.030+0900][676.637s][info][gc,phases   ] GC(217)   Pre Evacuate Collection Set: 0.1ms
[2025-08-12T22:15:19.030+0900][676.637s][info][gc,phases   ] GC(217)   Merge Heap Roots: 0.1ms
[2025-08-12T22:15:19.030+0900][676.637s][info][gc,phases   ] GC(217)   Evacuate Collection Set: 5.9ms
[2025-08-12T22:15:19.030+0900][676.637s][info][gc,phases   ] GC(217)   Post Evacuate Collection Set: 0.5ms
[2025-08-12T22:15:19.030+0900][676.637s][info][gc,phases   ] GC(217)   Other: 0.2ms
[2025-08-12T22:15:19.030+0900][676.637s][info][gc,heap     ] GC(217) Eden regions: 18->0(18)
[2025-08-12T22:15:19.030+0900][676.637s][info][gc,heap     ] GC(217) Survivor regions: 1->1(3)
[2025-08-12T22:15:19.030+0900][676.637s][info][gc,heap     ] GC(217) Old regions: 24->24
[2025-08-12T22:15:19.030+0900][676.637s][info][gc,heap     ] GC(217) Archive regions: 2->2
[2025-08-12T22:15:19.030+0900][676.637s][info][gc,heap     ] GC(217) Humongous regions: 0->0
[2025-08-12T22:15:19.030+0900][676.637s][info][gc,metaspace] GC(217) Metaspace: 93678K(94272K)->93678K(94272K) NonClass: 79644K(79936K)->79644K(79936K) Class: 14033K(14336K)->14033K(14336K)
[2025-08-12T22:15:19.030+0900][676.637s][info][gc          ] GC(217) Pause Young (Normal) (G1 Evacuation Pause) 173M->101M(212M) 7.033ms
[2025-08-12T22:15:19.030+0900][676.637s][info][gc,cpu      ] GC(217) User=0.02s Sys=0.00s Real=0.01s
[2025-08-12T22:15:20.177+0900][677.784s][info][gc,start    ] GC(218) Pause Young (Normal) (G1 Evacuation Pause)
[2025-08-12T22:15:20.177+0900][677.784s][info][gc,task     ] GC(218) Using 8 workers of 8 for evacuation
[2025-08-12T22:15:20.183+0900][677.791s][info][gc,phases   ] GC(218)   Pre Evacuate Collection Set: 0.2ms
[2025-08-12T22:15:20.183+0900][677.791s][info][gc,phases   ] GC(218)   Merge Heap Roots: 0.1ms
[2025-08-12T22:15:20.183+0900][677.791s][info][gc,phases   ] GC(218)   Evacuate Collection Set: 6.0ms
[2025-08-12T22:15:20.183+0900][677.791s][info][gc,phases   ] GC(218)   Post Evacuate Collection Set: 0.2ms
[2025-08-12T22:15:20.183+0900][677.791s][info][gc,phases   ] GC(218)   Other: 0.2ms
[2025-08-12T22:15:20.183+0900][677.791s][info][gc,heap     ] GC(218) Eden regions: 18->0(18)
[2025-08-12T22:15:20.184+0900][677.791s][info][gc,heap     ] GC(218) Survivor regions: 1->1(3)
[2025-08-12T22:15:20.184+0900][677.791s][info][gc,heap     ] GC(218) Old regions: 24->24
[2025-08-12T22:15:20.184+0900][677.791s][info][gc,heap     ] GC(218) Archive regions: 2->2
[2025-08-12T22:15:20.184+0900][677.791s][info][gc,heap     ] GC(218) Humongous regions: 0->0
[2025-08-12T22:15:20.184+0900][677.791s][info][gc,metaspace] GC(218) Metaspace: 93678K(94272K)->93678K(94272K) NonClass: 79644K(79936K)->79644K(79936K) Class: 14033K(14336K)->14033K(14336K)
[2025-08-12T22:15:20.184+0900][677.791s][info][gc          ] GC(218) Pause Young (Normal) (G1 Evacuation Pause) 173M->101M(212M) 6.853ms
[2025-08-12T22:15:20.184+0900][677.791s][info][gc,cpu      ] GC(218) User=0.02s Sys=0.00s Real=0.01s
[2025-08-12T22:15:21.325+0900][678.932s][info][gc,start    ] GC(219) Pause Young (Normal) (G1 Evacuation Pause)
[2025-08-12T22:15:21.325+0900][678.932s][info][gc,task     ] GC(219) Using 8 workers of 8 for evacuation
[2025-08-12T22:15:21.328+0900][678.935s][info][gc,phases   ] GC(219)   Pre Evacuate Collection Set: 0.1ms
[2025-08-12T22:15:21.328+0900][678.935s][info][gc,phases   ] GC(219)   Merge Heap Roots: 0.1ms
[2025-08-12T22:15:21.328+0900][678.935s][info][gc,phases   ] GC(219)   Evacuate Collection Set: 2.8ms
[2025-08-12T22:15:21.328+0900][678.935s][info][gc,phases   ] GC(219)   Post Evacuate Collection Set: 0.2ms
[2025-08-12T22:15:21.328+0900][678.935s][info][gc,phases   ] GC(219)   Other: 0.2ms
[2025-08-12T22:15:21.328+0900][678.935s][info][gc,heap     ] GC(219) Eden regions: 18->0(18)
[2025-08-12T22:15:21.328+0900][678.935s][info][gc,heap     ] GC(219) Survivor regions: 1->1(3)
[2025-08-12T22:15:21.328+0900][678.935s][info][gc,heap     ] GC(219) Old regions: 24->24
[2025-08-12T22:15:21.328+0900][678.935s][info][gc,heap     ] GC(219) Archive regions: 2->2
[2025-08-12T22:15:21.328+0900][678.935s][info][gc,heap     ] GC(219) Humongous regions: 0->0
[2025-08-12T22:15:21.328+0900][678.935s][info][gc,metaspace] GC(219) Metaspace: 93678K(94272K)->93678K(94272K) NonClass: 79644K(79936K)->79644K(79936K) Class: 14033K(14336K)->14033K(14336K)
[2025-08-12T22:15:21.328+0900][678.935s][info][gc          ] GC(219) Pause Young (Normal) (G1 Evacuation Pause) 173M->100M(212M) 3.552ms
[2025-08-12T22:15:21.328+0900][678.935s][info][gc,cpu      ] GC(219) User=0.01s Sys=0.00s Real=0.00s
[2025-08-12T22:22:36.068+0900][1113.684s][info][gc,heap,exit] Heap
[2025-08-12T22:22:36.068+0900][1113.684s][info][gc,heap,exit]  garbage-first heap   total 217088K, used 137870K [0x0000000680000000, 0x0000000800000000)
[2025-08-12T22:22:36.068+0900][1113.684s][info][gc,heap,exit]   region size 4096K, 10 young (40960K), 1 survivors (4096K)
[2025-08-12T22:22:36.068+0900][1113.684s][info][gc,heap,exit]  Metaspace       used 94006K, committed 94592K, reserved 1179648K
[2025-08-12T22:22:36.068+0900][1113.684s][info][gc,heap,exit]   class space    used 14102K, committed 14400K, reserved 1048576K
